[ad3d] dataset=real3d  device=cuda (Tesla T4)  classes=6
[ad3d] config: Config(data_root='/kaggle/input/datasets/smnihalahmed/real3d-ad-pcd/Real3D-AD-PCD', dataset='real3d', max_nn=10, n_scales=3, num_group=2048, group_size=128, smooth_k=12, coreset_ratio=0.1, cuts=4, cuts_diverse=False, align='icp', align_voxel=0.05, align_poses=6, voxel=0.01, points_budget=100000, topk=1, obj_rule='p99', train_cut_root='', train_cut_with_protos=False, geo='none', geo_voxel=0.005, geo_k=12, local_mem=0.1, local_radii=(0.05, 0.1, 0.15), device='auto', seed=2, extra={})
  [local-mem] candybar: 40960 positioned descriptors
[1;33m[Open3D WARNING] Too few correspondences (25) after mutual filter, fall back to original correspondences.[0;m
[1;33m[Open3D WARNING] Too few correspondences (24) after mutual filter, fall back to original correspondences.[0;m
[1;33m[Open3D WARNING] Too few correspondences (23) after mutual filter, fall back to original correspondences.[0;m
[1;33m[Open3D WARNING] Too few correspondences (24) after mutual filter, fall back to original correspondences.[0;m
[1;33m[Open3D WARNING] Too few correspondences (18) after mutual filter, fall back to original correspondences.[0;m
[1;33m[Open3D WARNING] Too few correspondences (22) after mutual filter, fall back to original correspondences.[0;m
[1;33m[Open3D WARNING] Too few correspondences (20) after mutual filter, fall back to original correspondences.[0;m
[1;33m[Open3D WARNING] Too few correspondences (21) after mutual filter, fall back to original correspondences.[0;m
[1;33m[Open3D WARNING] Too few correspondences (21) after mutual filter, fall back to original correspondences.[0;m
[1;33m[Open3D WARNING] Too few correspondences (21) after mutual filter, fall back to original correspondences.[0;m
[1;33m[Open3D WARNING] Too few correspondences (18) after mutual filter, fall back to original correspondences.[0;m
[1;33m[Open3D WARNING] Too few correspondences (25) after mutual filter, fall back to original correspondences.[0;m
[real3d]       candybar  O-AUROC 0.998  P-AUROC 0.996  P-AUPR 0.835  (50/100 anomalous)  align_fitness 1.00  pose_switch 11%  voxel 0.05
[1;33m[Open3D WARNING] Too few correspondences (68) after mutual filter, fall back to original correspondences.[0;m
  [local-mem] chicken: 40960 positioned descriptors
[1;33m[Open3D WARNING] Too few correspondences (31) after mutual filter, fall back to original correspondences.[0;m
[1;33m[Open3D WARNING] Too few correspondences (28) after mutual filter, fall back to original correspondences.[0;m
[1;33m[Open3D WARNING] Too few correspondences (37) after mutual filter, fall back to original correspondences.[0;m
[1;33m[Open3D WARNING] Too few correspondences (30) after mutual filter, fall back to original correspondences.[0;m
[1;33m[Open3D WARNING] Too few correspondences (34) after mutual filter, fall back to original correspondences.[0;m
[real3d]        chicken  O-AUROC 0.829  P-AUROC 0.937  P-AUPR 0.535  (54/106 anomalous)  align_fitness 0.94  pose_switch 5%  voxel 0.05
  [local-mem] duck: 40960 positioned descriptors
[1;33m[Open3D WARNING] Too few correspondences (37) after mutual filter, fall back to original correspondences.[0;m
[real3d]           duck  O-AUROC 0.895  P-AUROC 0.980  P-AUPR 0.688  (50/100 anomalous)  align_fitness 0.96  pose_switch 4%  voxel 0.05
  [local-mem] gemstone: 40960 positioned descriptors
[real3d]       gemstone  O-AUROC 0.839  P-AUROC 0.962  P-AUPR 0.637  (50/100 anomalous)  align_fitness 0.90  pose_switch 6%  voxel 0.05
  [local-mem] shell: 40960 positioned descriptors
[1;33m[Open3D WARNING] Too few correspondences (11) after mutual filter, fall back to original correspondences.[0;m
[1;33m[Open3D WARNING] Too few correspondences (7) after mutual filter, fall back to original correspondences.[0;m
[1;33m[Open3D WARNING] Too few correspondences (8) after mutual filter, fall back to original correspondences.[0;m
[1;33m[Open3D WARNING] Too few correspondences (8) after mutual filter, fall back to original correspondences.[0;m
[1;33m[Open3D WARNING] Too few correspondences (8) after mutual filter, fall back to original correspondences.[0;m
[1;33m[Open3D WARNING] Too few correspondences (8) after mutual filter, fall back to original correspondences.[0;m
[1;33m[Open3D WARNING] Too few correspondences (29) after mutual filter, fall back to original correspondences.[0;m
[1;33m[Open3D WARNING] Too few correspondences (28) after mutual filter, fall back to original correspondences.[0;m
[1;33m[Open3D WARNING] Too few correspondences (24) after mutual filter, fall back to original correspondences.[0;m
[1;33m[Open3D WARNING] Too few correspondences (22) after mutual filter, fall back to original correspondences.[0;m
[1;33m[Open3D WARNING] Too few correspondences (12) after mutual filter, fall back to original correspondences.[0;m
[1;33m[Open3D WARNING] Too few correspondences (12) after mutual filter, fall back to original correspondences.[0;m
[1;33m[Open3D WARNING] Too few correspondences (9) after mutual filter, fall back to original correspondences.[0;m
[1;33m[Open3D WARNING] Too few correspondences (9) after mutual filter, fall back to original correspondences.[0;m
[1;33m[Open3D WARNING] Too few correspondences (29) after mutual filter, fall back to original correspondences.[0;m
[1;33m[Open3D WARNING] Too few correspondences (24) after mutual filter, fall back to original correspondences.[0;m
[1;33m[Open3D WARNING] Too few correspondences (25) after mutual filter, fall back to original correspondences.[0;m
[1;33m[Open3D WARNING] Too few correspondences (25) after mutual filter, fall back to original correspondences.[0;m
[1;33m[Open3D WARNING] Too few correspondences (21) after mutual filter, fall back to original correspondences.[0;m
[1;33m[Open3D WARNING] Too few correspondences (23) after mutual filter, fall back to original correspondences.[0;m
[1;33m[Open3D WARNING] Too few correspondences (15) after mutual filter, fall back to original correspondences.[0;m
[1;33m[Open3D WARNING] Too few correspondences (11) after mutual filter, fall back to original correspondences.[0;m
[1;33m[Open3D WARNING] Too few correspondences (29) after mutual filter, fall back to original correspondences.[0;m
[1;33m[Open3D WARNING] Too few correspondences (21) after mutual filter, fall back to original correspondences.[0;m
[1;33m[Open3D WARNING] Too few correspondences (24) after mutual filter, fall back to original correspondences.[0;m
[1;33m[Open3D WARNING] Too few correspondences (24) after mutual filter, fall back to original correspondences.[0;m
[1;33m[Open3D WARNING] Too few correspondences (25) after mutual filter, fall back to original correspondences.[0;m
[1;33m[Open3D WARNING] Too few correspondences (23) after mutual filter, fall back to original correspondences.[0;m
[1;33m[Open3D WARNING] Too few correspondences (9) after mutual filter, fall back to original correspondences.[0;m
[1;33m[Open3D WARNING] Too few correspondences (8) after mutual filter, fall back to original correspondences.[0;m
[1;33m[Open3D WARNING] Too few correspondences (24) after mutual filter, fall back to original correspondences.[0;m
[1;33m[Open3D WARNING] Too few correspondences (25) after mutual filter, fall back to original correspondences.[0;m
[1;33m[Open3D WARNING] Too few correspondences (27) after mutual filter, fall back to original correspondences.[0;m
[1;33m[Open3D WARNING] Too few correspondences (21) after mutual filter, fall back to original correspondences.[0;m
[1;33m[Open3D WARNING] Too few correspondences (11) after mutual filter, fall back to original correspondences.[0;m
[1;33m[Open3D WARNING] Too few correspondences (10) after mutual filter, fall back to original correspondences.[0;m
[1;33m[Open3D WARNING] Too few correspondences (29) after mutual filter, fall back to original correspondences.[0;m
[1;33m[Open3D WARNING] Too few correspondences (23) after mutual filter, fall back to original correspondences.[0;m
[1;33m[Open3D WARNING] Too few correspondences (11) after mutual filter, fall back to original correspondences.[0;m
[1;33m[Open3D WARNING] Too few correspondences (8) after mutual filter, fall back to original correspondences.[0;m
[1;33m[Open3D WARNING] Too few correspondences (23) after mutual filter, fall back to original correspondences.[0;m
[1;33m[Open3D WARNING] Too few correspondences (23) after mutual filter, fall back to original correspondences.[0;m
[1;33m[Open3D WARNING] Too few correspondences (20) after mutual filter, fall back to original correspondences.[0;m
[1;33m[Open3D WARNING] Too few correspondences (20) after mutual filter, fall back to original correspondences.[0;m
[1;33m[Open3D WARNING] Too few correspondences (20) after mutual filter, fall back to original correspondences.[0;m
[1;33m[Open3D WARNING] Too few correspondences (25) after mutual filter, fall back to original correspondences.[0;m
[1;33m[Open3D WARNING] Too few correspondences (22) after mutual filter, fall back to original correspondences.[0;m
[1;33m[Open3D WARNING] Too few correspondences (16) after mutual filter, fall back to original correspondences.[0;m
[1;33m[Open3D WARNING] Too few correspondences (9) after mutual filter, fall back to original correspondences.[0;m
[1;33m[Open3D WARNING] Too few correspondences (9) after mutual filter, fall back to original correspondences.[0;m
[1;33m[Open3D WARNING] Too few correspondences (7) after mutual filter, fall back to original correspondences.[0;m
[1;33m[Open3D WARNING] Too few correspondences (8) after mutual filter, fall back to original correspondences.[0;m
[1;33m[Open3D WARNING] Too few correspondences (16) after mutual filter, fall back to original correspondences.[0;m
[1;33m[Open3D WARNING] Too few correspondences (17) after mutual filter, fall back to original correspondences.[0;m
[1;33m[Open3D WARNING] Too few correspondences (10) after mutual filter, fall back to original correspondences.[0;m
[1;33m[Open3D WARNING] Too few correspondences (10) after mutual filter, fall back to original correspondences.[0;m
[1;33m[Open3D WARNING] Too few correspondences (18) after mutual filter, fall back to original correspondences.[0;m
[1;33m[Open3D WARNING] Too few correspondences (22) after mutual filter, fall back to original correspondences.[0;m
[1;33m[Open3D WARNING] Too few correspondences (11) after mutual filter, fall back to original correspondences.[0;m
[1;33m[Open3D WARNING] Too few correspondences (10) after mutual filter, fall back to original correspondences.[0;m
[1;33m[Open3D WARNING] Too few correspondences (24) after mutual filter, fall back to original correspondences.[0;m
[1;33m[Open3D WARNING] Too few correspondences (23) after mutual filter, fall back to original correspondences.[0;m
[1;33m[Open3D WARNING] Too few correspondences (14) after mutual filter, fall back to original correspondences.[0;m
[1;33m[Open3D WARNING] Too few correspondences (14) after mutual filter, fall back to original correspondences.[0;m
[1;33m[Open3D WARNING] Too few correspondences (9) after mutual filter, fall back to original correspondences.[0;m
[1;33m[Open3D WARNING] Too few correspondences (7) after mutual filter, fall back to original correspondences.[0;m
[1;33m[Open3D WARNING] Too few correspondences (13) after mutual filter, fall back to original correspondences.[0;m
[1;33m[Open3D WARNING] Too few correspondences (13) after mutual filter, fall back to original correspondences.[0;m
[1;33m[Open3D WARNING] Too few correspondences (13) after mutual filter, fall back to original correspondences.[0;m
[1;33m[Open3D WARNING] Too few correspondences (13) after mutual filter, fall back to original correspondences.[0;m
[1;33m[Open3D WARNING] Too few correspondences (31) after mutual filter, fall back to original correspondences.[0;m
[1;33m[Open3D WARNING] Too few correspondences (32) after mutual filter, fall back to original correspondences.[0;m
[1;33m[Open3D WARNING] Too few correspondences (27) after mutual filter, fall back to original correspondences.[0;m
[1;33m[Open3D WARNING] Too few correspondences (20) after mutual filter, fall back to original correspondences.[0;m
[1;33m[Open3D WARNING] Too few correspondences (9) after mutual filter, fall back to original correspondences.[0;m
[1;33m[Open3D WARNING] Too few correspondences (9) after mutual filter, fall back to original correspondences.[0;m
[1;33m[Open3D WARNING] Too few correspondences (25) after mutual filter, fall back to original correspondences.[0;m
[1;33m[Open3D WARNING] Too few correspondences (27) after mutual filter, fall back to original correspondences.[0;m
[1;33m[Open3D WARNING] Too few correspondences (24) after mutual filter, fall back to original correspondences.[0;m
[1;33m[Open3D WARNING] Too few correspondences (18) after mutual filter, fall back to original correspondences.[0;m
[1;33m[Open3D WARNING] Too few correspondences (10) after mutual filter, fall back to original correspondences.[0;m
[1;33m[Open3D WARNING] Too few correspondences (10) after mutual filter, fall back to original correspondences.[0;m
[1;33m[Open3D WARNING] Too few correspondences (28) after mutual filter, fall back to original correspondences.[0;m
[1;33m[Open3D WARNING] Too few correspondences (25) after mutual filter, fall back to original correspondences.[0;m
[1;33m[Open3D WARNING] Too few correspondences (28) after mutual filter, fall back to original correspondences.[0;m
[1;33m[Open3D WARNING] Too few correspondences (25) after mutual filter, fall back to original correspondences.[0;m
[1;33m[Open3D WARNING] Too few correspondences (17) after mutual filter, fall back to original correspondences.[0;m
[1;33m[Open3D WARNING] Too few correspondences (17) after mutual filter, fall back to original correspondences.[0;m
[1;33m[Open3D WARNING] Too few correspondences (9) after mutual filter, fall back to original correspondences.[0;m
[1;33m[Open3D WARNING] Too few correspondences (11) after mutual filter, fall back to original correspondences.[0;m
[1;33m[Open3D WARNING] Too few correspondences (8) after mutual filter, fall back to original correspondences.[0;m
[1;33m[Open3D WARNING] Too few correspondences (7) after mutual filter, fall back to original correspondences.[0;m
[1;33m[Open3D WARNING] Too few correspondences (10) after mutual filter, fall back to original correspondences.[0;m
[1;33m[Open3D WARNING] Too few correspondences (6) after mutual filter, fall back to original correspondences.[0;m
[1;33m[Open3D WARNING] Too few correspondences (27) after mutual filter, fall back to original correspondences.[0;m
[1;33m[Open3D WARNING] Too few correspondences (17) after mutual filter, fall back to original correspondences.[0;m
[1;33m[Open3D WARNING] Too few correspondences (9) after mutual filter, fall back to original correspondences.[0;m
[1;33m[Open3D WARNING] Too few correspondences (6) after mutual filter, fall back to original correspondences.[0;m
[1;33m[Open3D WARNING] Too few correspondences (9) after mutual filter, fall back to original correspondences.[0;m
[1;33m[Open3D WARNING] Too few correspondences (12) after mutual filter, fall back to original correspondences.[0;m
[real3d]          shell  O-AUROC 0.635  P-AUROC 0.810  P-AUPR 0.343  (48/100 anomalous)  align_fitness 0.91  pose_switch 8%  voxel 0.05
  [local-mem] toffees: 40960 positioned descriptors
[1;33m[Open3D WARNING] Too few correspondences (10) after mutual filter, fall back to original correspondences.[0;m
[1;33m[Open3D WARNING] Too few correspondences (10) after mutual filter, fall back to original correspondences.[0;m
[1;33m[Open3D WARNING] Too few correspondences (7) after mutual filter, fall back to original correspondences.[0;m
[1;33m[Open3D WARNING] Too few correspondences (7) after mutual filter, fall back to original correspondences.[0;m
[1;33m[Open3D WARNING] Too few correspondences (9) after mutual filter, fall back to original correspondences.[0;m
[1;33m[Open3D WARNING] Too few correspondences (9) after mutual filter, fall back to original correspondences.[0;m
[1;33m[Open3D WARNING] Too few correspondences (10) after mutual filter, fall back to original correspondences.[0;m
[1;33m[Open3D WARNING] Too few correspondences (10) after mutual filter, fall back to original correspondences.[0;m
[1;33m[Open3D WARNING] Too few correspondences (8) after mutual filter, fall back to original correspondences.[0;m
[1;33m[Open3D WARNING] Too few correspondences (8) after mutual filter, fall back to original correspondences.[0;m
[1;33m[Open3D WARNING] Too few correspondences (9) after mutual filter, fall back to original correspondences.[0;m
[1;33m[Open3D WARNING] Too few correspondences (9) after mutual filter, fall back to original correspondences.[0;m
[1;33m[Open3D WARNING] Too few correspondences (10) after mutual filter, fall back to original correspondences.[0;m
[1;33m[Open3D WARNING] Too few correspondences (10) after mutual filter, fall back to original correspondences.[0;m
[1;33m[Open3D WARNING] Too few correspondences (11) after mutual filter, fall back to original correspondences.[0;m
[1;33m[Open3D WARNING] Too few correspondences (13) after mutual filter, fall back to original correspondences.[0;m
[1;33m[Open3D WARNING] Too few correspondences (8) after mutual filter, fall back to original correspondences.[0;m
[1;33m[Open3D WARNING] Too few correspondences (8) after mutual filter, fall back to original correspondences.[0;m
[1;33m[Open3D WARNING] Too few correspondences (9) after mutual filter, fall back to original correspondences.[0;m
[1;33m[Open3D WARNING] Too few correspondences (9) after mutual filter, fall back to original correspondences.[0;m
[1;33m[Open3D WARNING] Too few correspondences (8) after mutual filter, fall back to original correspondences.[0;m
[1;33m[Open3D WARNING] Too few correspondences (8) after mutual filter, fall back to original correspondences.[0;m
[1;33m[Open3D WARNING] Too few correspondences (10) after mutual filter, fall back to original correspondences.[0;m
[1;33m[Open3D WARNING] Too few correspondences (10) after mutual filter, fall back to original correspondences.[0;m
[1;33m[Open3D WARNING] Too few correspondences (12) after mutual filter, fall back to original correspondences.[0;m
[1;33m[Open3D WARNING] Too few correspondences (12) after mutual filter, fall back to original correspondences.[0;m
[1;33m[Open3D WARNING] Too few correspondences (11) after mutual filter, fall back to original correspondences.[0;m
[1;33m[Open3D WARNING] Too few correspondences (11) after mutual filter, fall back to original correspondences.[0;m
[1;33m[Open3D WARNING] Too few correspondences (4) after mutual filter, fall back to original correspondences.[0;m
[1;33m[Open3D WARNING] Too few correspondences (4) after mutual filter, fall back to original correspondences.[0;m
[1;33m[Open3D WARNING] Too few correspondences (6) after mutual filter, fall back to original correspondences.[0;m
[1;33m[Open3D WARNING] Too few correspondences (6) after mutual filter, fall back to original correspondences.[0;m
[1;33m[Open3D WARNING] Too few correspondences (10) after mutual filter, fall back to original correspondences.[0;m
[1;33m[Open3D WARNING] Too few correspondences (10) after mutual filter, fall back to original correspondences.[0;m
[1;33m[Open3D WARNING] Too few correspondences (8) after mutual filter, fall back to original correspondences.[0;m
[1;33m[Open3D WARNING] Too few correspondences (8) after mutual filter, fall back to original correspondences.[0;m
[1;33m[Open3D WARNING] Too few correspondences (11) after mutual filter, fall back to original correspondences.[0;m
[1;33m[Open3D WARNING] Too few correspondences (11) after mutual filter, fall back to original correspondences.[0;m
[1;33m[Open3D WARNING] Too few correspondences (10) after mutual filter, fall back to original correspondences.[0;m
[1;33m[Open3D WARNING] Too few correspondences (10) after mutual filter, fall back to original correspondences.[0;m
[1;33m[Open3D WARNING] Too few correspondences (11) after mutual filter, fall back to original correspondences.[0;m
[1;33m[Open3D WARNING] Too few correspondences (11) after mutual filter, fall back to original correspondences.[0;m
[1;33m[Open3D WARNING] Too few correspondences (7) after mutual filter, fall back to original correspondences.[0;m
[1;33m[Open3D WARNING] Too few correspondences (7) after mutual filter, fall back to original correspondences.[0;m
[1;33m[Open3D WARNING] Too few correspondences (13) after mutual filter, fall back to original correspondences.[0;m
[1;33m[Open3D WARNING] Too few correspondences (13) after mutual filter, fall back to original correspondences.[0;m
[1;33m[Open3D WARNING] Too few correspondences (9) after mutual filter, fall back to original correspondences.[0;m
[1;33m[Open3D WARNING] Too few correspondences (9) after mutual filter, fall back to original correspondences.[0;m
[1;33m[Open3D WARNING] Too few correspondences (11) after mutual filter, fall back to original correspondences.[0;m
[1;33m[Open3D WARNING] Too few correspondences (11) after mutual filter, fall back to original correspondences.[0;m
[1;33m[Open3D WARNING] Too few correspondences (10) after mutual filter, fall back to original correspondences.[0;m
[1;33m[Open3D WARNING] Too few correspondences (10) after mutual filter, fall back to original correspondences.[0;m
[1;33m[Open3D WARNING] Too few correspondences (8) after mutual filter, fall back to original correspondences.[0;m
[1;33m[Open3D WARNING] Too few correspondences (8) after mutual filter, fall back to original correspondences.[0;m
[1;33m[Open3D WARNING] Too few correspondences (12) after mutual filter, fall back to original correspondences.[0;m
[1;33m[Open3D WARNING] Too few correspondences (12) after mutual filter, fall back to original correspondences.[0;m
[1;33m[Open3D WARNING] Too few correspondences (10) after mutual filter, fall back to original correspondences.[0;m
[1;33m[Open3D WARNING] Too few correspondences (10) after mutual filter, fall back to original correspondences.[0;m
[1;33m[Open3D WARNING] Too few correspondences (14) after mutual filter, fall back to original correspondences.[0;m
[1;33m[Open3D WARNING] Too few correspondences (14) after mutual filter, fall back to original correspondences.[0;m
[1;33m[Open3D WARNING] Too few correspondences (8) after mutual filter, fall back to original correspondences.[0;m
[1;33m[Open3D WARNING] Too few correspondences (8) after mutual filter, fall back to original correspondences.[0;m
[1;33m[Open3D WARNING] Too few correspondences (8) after mutual filter, fall back to original correspondences.[0;m
[1;33m[Open3D WARNING] Too few correspondences (8) after mutual filter, fall back to original correspondences.[0;m
[1;33m[Open3D WARNING] Too few correspondences (7) after mutual filter, fall back to original correspondences.[0;m
[1;33m[Open3D WARNING] Too few correspondences (7) after mutual filter, fall back to original correspondences.[0;m
[1;33m[Open3D WARNING] Too few correspondences (12) after mutual filter, fall back to original correspondences.[0;m
[1;33m[Open3D WARNING] Too few correspondences (12) after mutual filter, fall back to original correspondences.[0;m
[1;33m[Open3D WARNING] Too few correspondences (7) after mutual filter, fall back to original correspondences.[0;m
[1;33m[Open3D WARNING] Too few correspondences (7) after mutual filter, fall back to original correspondences.[0;m
[1;33m[Open3D WARNING] Too few correspondences (15) after mutual filter, fall back to original correspondences.[0;m
[1;33m[Open3D WARNING] Too few correspondences (13) after mutual filter, fall back to original correspondences.[0;m
[1;33m[Open3D WARNING] Too few correspondences (8) after mutual filter, fall back to original correspondences.[0;m
[1;33m[Open3D WARNING] Too few correspondences (6) after mutual filter, fall back to original correspondences.[0;m
[1;33m[Open3D WARNING] Too few correspondences (11) after mutual filter, fall back to original correspondences.[0;m
[1;33m[Open3D WARNING] Too few correspondences (11) after mutual filter, fall back to original correspondences.[0;m
[1;33m[Open3D WARNING] Too few correspondences (12) after mutual filter, fall back to original correspondences.[0;m
[1;33m[Open3D WARNING] Too few correspondences (8) after mutual filter, fall back to original correspondences.[0;m
[1;33m[Open3D WARNING] Too few correspondences (11) after mutual filter, fall back to original correspondences.[0;m
[1;33m[Open3D WARNING] Too few correspondences (11) after mutual filter, fall back to original correspondences.[0;m
[1;33m[Open3D WARNING] Too few correspondences (8) after mutual filter, fall back to original correspondences.[0;m
[1;33m[Open3D WARNING] Too few correspondences (8) after mutual filter, fall back to original correspondences.[0;m
[1;33m[Open3D WARNING] Too few correspondences (10) after mutual filter, fall back to original correspondences.[0;m
[1;33m[Open3D WARNING] Too few correspondences (10) after mutual filter, fall back to original correspondences.[0;m
[1;33m[Open3D WARNING] Too few correspondences (9) after mutual filter, fall back to original correspondences.[0;m
[1;33m[Open3D WARNING] Too few correspondences (9) after mutual filter, fall back to original correspondences.[0;m
[1;33m[Open3D WARNING] Too few correspondences (10) after mutual filter, fall back to original correspondences.[0;m
[1;33m[Open3D WARNING] Too few correspondences (10) after mutual filter, fall back to original correspondences.[0;m
[1;33m[Open3D WARNING] Too few correspondences (8) after mutual filter, fall back to original correspondences.[0;m
[1;33m[Open3D WARNING] Too few correspondences (8) after mutual filter, fall back to original correspondences.[0;m
[1;33m[Open3D WARNING] Too few correspondences (9) after mutual filter, fall back to original correspondences.[0;m
[1;33m[Open3D WARNING] Too few correspondences (9) after mutual filter, fall back to original correspondences.[0;m
[1;33m[Open3D WARNING] Too few correspondences (8) after mutual filter, fall back to original correspondences.[0;m
[1;33m[Open3D WARNING] Too few correspondences (7) after mutual filter, fall back to original correspondences.[0;m
[1;33m[Open3D WARNING] Too few correspondences (8) after mutual filter, fall back to original correspondences.[0;m
[1;33m[Open3D WARNING] Too few correspondences (8) after mutual filter, fall back to original correspondences.[0;m
[1;33m[Open3D WARNING] Too few correspondences (9) after mutual filter, fall back to original correspondences.[0;m
[1;33m[Open3D WARNING] Too few correspondences (9) after mutual filter, fall back to original correspondences.[0;m
[1;33m[Open3D WARNING] Too few correspondences (8) after mutual filter, fall back to original correspondences.[0;m
[1;33m[Open3D WARNING] Too few correspondences (8) after mutual filter, fall back to original correspondences.[0;m
[real3d]        toffees  O-AUROC 0.872  P-AUROC 0.963  P-AUPR 0.538  (50/100 anomalous)  align_fitness 1.00  pose_switch 3%  voxel 0.05

=== Mean over 6 categories ===
         o_auroc: 0.8445
         p_auroc: 0.9411
          p_aupr: 0.5960
  p_auroc_pooled: 0.9362
   p_aupr_pooled: 0.4008

[ad3d] saved: results/parts/mhr6-nn10-p99-loc10-s2-part1_real3d_20261008-121611.csv / .json / _scores.json
