[ad3d] dataset=real3d  device=cuda (Tesla T4)  classes=6
[ad3d] config: Config(data_root='/kaggle/input/datasets/smnihalahmed/real3d-ad-pcd/Real3D-AD-PCD', dataset='real3d', max_nn=10, n_scales=3, num_group=2048, group_size=128, smooth_k=12, coreset_ratio=0.1, cuts=4, cuts_diverse=False, align='icp', align_voxel=0.05, align_poses=6, voxel=0.01, points_budget=100000, topk=1, obj_rule='p99', train_cut_root='', train_cut_with_protos=False, geo='none', geo_voxel=0.005, geo_k=12, local_mem=0.1, local_radii=(0.05, 0.1, 0.15), device='auto', seed=0, extra={})
  [local-mem] airplane: 40960 positioned descriptors
[1;33m[Open3D WARNING] Too few correspondences (48) after mutual filter, fall back to original correspondences.[0;m
[1;33m[Open3D WARNING] Too few correspondences (48) after mutual filter, fall back to original correspondences.[0;m
[1;33m[Open3D WARNING] Too few correspondences (47) after mutual filter, fall back to original correspondences.[0;m
[1;33m[Open3D WARNING] Too few correspondences (46) after mutual filter, fall back to original correspondences.[0;m
[1;33m[Open3D WARNING] Too few correspondences (46) after mutual filter, fall back to original correspondences.[0;m
[real3d]       airplane  O-AUROC 0.804  P-AUROC 0.946  P-AUPR 0.564  (50/100 anomalous)  align_fitness 0.96  pose_switch 1%  voxel 0.05
  [local-mem] car: 40960 positioned descriptors
[1;33m[Open3D WARNING] Too few correspondences (20) after mutual filter, fall back to original correspondences.[0;m
[1;33m[Open3D WARNING] Too few correspondences (16) after mutual filter, fall back to original correspondences.[0;m
[1;33m[Open3D WARNING] Too few correspondences (17) after mutual filter, fall back to original correspondences.[0;m
[1;33m[Open3D WARNING] Too few correspondences (20) after mutual filter, fall back to original correspondences.[0;m
[1;33m[Open3D WARNING] Too few correspondences (22) after mutual filter, fall back to original correspondences.[0;m
[1;33m[Open3D WARNING] Too few correspondences (22) after mutual filter, fall back to original correspondences.[0;m
[1;33m[Open3D WARNING] Too few correspondences (22) after mutual filter, fall back to original correspondences.[0;m
[1;33m[Open3D WARNING] Too few correspondences (15) after mutual filter, fall back to original correspondences.[0;m
[1;33m[Open3D WARNING] Too few correspondences (16) after mutual filter, fall back to original correspondences.[0;m
[1;33m[Open3D WARNING] Too few correspondences (20) after mutual filter, fall back to original correspondences.[0;m
[1;33m[Open3D WARNING] Too few correspondences (16) after mutual filter, fall back to original correspondences.[0;m
[1;33m[Open3D WARNING] Too few correspondences (16) after mutual filter, fall back to original correspondences.[0;m
[1;33m[Open3D WARNING] Too few correspondences (19) after mutual filter, fall back to original correspondences.[0;m
[1;33m[Open3D WARNING] Too few correspondences (19) after mutual filter, fall back to original correspondences.[0;m
[1;33m[Open3D WARNING] Too few correspondences (25) after mutual filter, fall back to original correspondences.[0;m
[1;33m[Open3D WARNING] Too few correspondences (25) after mutual filter, fall back to original correspondences.[0;m
[1;33m[Open3D WARNING] Too few correspondences (19) after mutual filter, fall back to original correspondences.[0;m
[1;33m[Open3D WARNING] Too few correspondences (19) after mutual filter, fall back to original correspondences.[0;m
[1;33m[Open3D WARNING] Too few correspondences (26) after mutual filter, fall back to original correspondences.[0;m
[1;33m[Open3D WARNING] Too few correspondences (21) after mutual filter, fall back to original correspondences.[0;m
[1;33m[Open3D WARNING] Too few correspondences (23) after mutual filter, fall back to original correspondences.[0;m
[1;33m[Open3D WARNING] Too few correspondences (23) after mutual filter, fall back to original correspondences.[0;m
[real3d]            car  O-AUROC 0.851  P-AUROC 0.969  P-AUPR 0.541  (50/100 anomalous)  align_fitness 1.00  pose_switch 0%  voxel 0.05
  [local-mem] diamond: 40960 positioned descriptors
[1;33m[Open3D WARNING] Too few correspondences (48) after mutual filter, fall back to original correspondences.[0;m
[1;33m[Open3D WARNING] Too few correspondences (39) after mutual filter, fall back to original correspondences.[0;m
[1;33m[Open3D WARNING] Too few correspondences (52) after mutual filter, fall back to original correspondences.[0;m
[1;33m[Open3D WARNING] Too few correspondences (52) after mutual filter, fall back to original correspondences.[0;m
[1;33m[Open3D WARNING] Too few correspondences (41) after mutual filter, fall back to original correspondences.[0;m
[1;33m[Open3D WARNING] Too few correspondences (41) after mutual filter, fall back to original correspondences.[0;m
[1;33m[Open3D WARNING] Too few correspondences (51) after mutual filter, fall back to original correspondences.[0;m
[1;33m[Open3D WARNING] Too few correspondences (45) after mutual filter, fall back to original correspondences.[0;m
[1;33m[Open3D WARNING] Too few correspondences (51) after mutual filter, fall back to original correspondences.[0;m
[1;33m[Open3D WARNING] Too few correspondences (47) after mutual filter, fall back to original correspondences.[0;m
[1;33m[Open3D WARNING] Too few correspondences (46) after mutual filter, fall back to original correspondences.[0;m
[1;33m[Open3D WARNING] Too few correspondences (32) after mutual filter, fall back to original correspondences.[0;m
[1;33m[Open3D WARNING] Too few correspondences (47) after mutual filter, fall back to original correspondences.[0;m
[1;33m[Open3D WARNING] Too few correspondences (49) after mutual filter, fall back to original correspondences.[0;m
[1;33m[Open3D WARNING] Too few correspondences (44) after mutual filter, fall back to original correspondences.[0;m
[1;33m[Open3D WARNING] Too few correspondences (46) after mutual filter, fall back to original correspondences.[0;m
[1;33m[Open3D WARNING] Too few correspondences (49) after mutual filter, fall back to original correspondences.[0;m
[1;33m[Open3D WARNING] Too few correspondences (42) after mutual filter, fall back to original correspondences.[0;m
[1;33m[Open3D WARNING] Too few correspondences (35) after mutual filter, fall back to original correspondences.[0;m
[1;33m[Open3D WARNING] Too few correspondences (47) after mutual filter, fall back to original correspondences.[0;m
[1;33m[Open3D WARNING] Too few correspondences (46) after mutual filter, fall back to original correspondences.[0;m
[1;33m[Open3D WARNING] Too few correspondences (52) after mutual filter, fall back to original correspondences.[0;m
[1;33m[Open3D WARNING] Too few correspondences (44) after mutual filter, fall back to original correspondences.[0;m
[1;33m[Open3D WARNING] Too few correspondences (44) after mutual filter, fall back to original correspondences.[0;m
[1;33m[Open3D WARNING] Too few correspondences (53) after mutual filter, fall back to original correspondences.[0;m
[1;33m[Open3D WARNING] Too few correspondences (47) after mutual filter, fall back to original correspondences.[0;m
[1;33m[Open3D WARNING] Too few correspondences (49) after mutual filter, fall back to original correspondences.[0;m
[1;33m[Open3D WARNING] Too few correspondences (49) after mutual filter, fall back to original correspondences.[0;m
[1;33m[Open3D WARNING] Too few correspondences (35) after mutual filter, fall back to original correspondences.[0;m
[1;33m[Open3D WARNING] Too few correspondences (35) after mutual filter, fall back to original correspondences.[0;m
[1;33m[Open3D WARNING] Too few correspondences (46) after mutual filter, fall back to original correspondences.[0;m
[1;33m[Open3D WARNING] Too few correspondences (42) after mutual filter, fall back to original correspondences.[0;m
[1;33m[Open3D WARNING] Too few correspondences (43) after mutual filter, fall back to original correspondences.[0;m
[1;33m[Open3D WARNING] Too few correspondences (43) after mutual filter, fall back to original correspondences.[0;m
[1;33m[Open3D WARNING] Too few correspondences (55) after mutual filter, fall back to original correspondences.[0;m
[1;33m[Open3D WARNING] Too few correspondences (41) after mutual filter, fall back to original correspondences.[0;m
[1;33m[Open3D WARNING] Too few correspondences (41) after mutual filter, fall back to original correspondences.[0;m
[1;33m[Open3D WARNING] Too few correspondences (48) after mutual filter, fall back to original correspondences.[0;m
[1;33m[Open3D WARNING] Too few correspondences (47) after mutual filter, fall back to original correspondences.[0;m
[1;33m[Open3D WARNING] Too few correspondences (49) after mutual filter, fall back to original correspondences.[0;m
[1;33m[Open3D WARNING] Too few correspondences (40) after mutual filter, fall back to original correspondences.[0;m
[1;33m[Open3D WARNING] Too few correspondences (41) after mutual filter, fall back to original correspondences.[0;m
[1;33m[Open3D WARNING] Too few correspondences (52) after mutual filter, fall back to original correspondences.[0;m
[1;33m[Open3D WARNING] Too few correspondences (52) after mutual filter, fall back to original correspondences.[0;m
[1;33m[Open3D WARNING] Too few correspondences (48) after mutual filter, fall back to original correspondences.[0;m
[1;33m[Open3D WARNING] Too few correspondences (46) after mutual filter, fall back to original correspondences.[0;m
[1;33m[Open3D WARNING] Too few correspondences (44) after mutual filter, fall back to original correspondences.[0;m
[1;33m[Open3D WARNING] Too few correspondences (40) after mutual filter, fall back to original correspondences.[0;m
[real3d]        diamond  O-AUROC 1.000  P-AUROC 0.988  P-AUPR 0.831  (50/100 anomalous)  align_fitness 1.00  pose_switch 54%  voxel 0.05
  [local-mem] fish: 40960 positioned descriptors
[1;33m[Open3D WARNING] Too few correspondences (10) after mutual filter, fall back to original correspondences.[0;m
[1;33m[Open3D WARNING] Too few correspondences (11) after mutual filter, fall back to original correspondences.[0;m
[1;33m[Open3D WARNING] Too few correspondences (12) after mutual filter, fall back to original correspondences.[0;m
[1;33m[Open3D WARNING] Too few correspondences (12) after mutual filter, fall back to original correspondences.[0;m
[1;33m[Open3D WARNING] Too few correspondences (16) after mutual filter, fall back to original correspondences.[0;m
[1;33m[Open3D WARNING] Too few correspondences (16) after mutual filter, fall back to original correspondences.[0;m
[1;33m[Open3D WARNING] Too few correspondences (13) after mutual filter, fall back to original correspondences.[0;m
[1;33m[Open3D WARNING] Too few correspondences (13) after mutual filter, fall back to original correspondences.[0;m
[1;33m[Open3D WARNING] Too few correspondences (12) after mutual filter, fall back to original correspondences.[0;m
[1;33m[Open3D WARNING] Too few correspondences (14) after mutual filter, fall back to original correspondences.[0;m
[1;33m[Open3D WARNING] Too few correspondences (14) after mutual filter, fall back to original correspondences.[0;m
[1;33m[Open3D WARNING] Too few correspondences (16) after mutual filter, fall back to original correspondences.[0;m
[1;33m[Open3D WARNING] Too few correspondences (14) after mutual filter, fall back to original correspondences.[0;m
[1;33m[Open3D WARNING] Too few correspondences (13) after mutual filter, fall back to original correspondences.[0;m
[1;33m[Open3D WARNING] Too few correspondences (11) after mutual filter, fall back to original correspondences.[0;m
[1;33m[Open3D WARNING] Too few correspondences (13) after mutual filter, fall back to original correspondences.[0;m
[1;33m[Open3D WARNING] Too few correspondences (13) after mutual filter, fall back to original correspondences.[0;m
[1;33m[Open3D WARNING] Too few correspondences (14) after mutual filter, fall back to original correspondences.[0;m
[1;33m[Open3D WARNING] Too few correspondences (17) after mutual filter, fall back to original correspondences.[0;m
[1;33m[Open3D WARNING] Too few correspondences (17) after mutual filter, fall back to original correspondences.[0;m
[1;33m[Open3D WARNING] Too few correspondences (10) after mutual filter, fall back to original correspondences.[0;m
[1;33m[Open3D WARNING] Too few correspondences (11) after mutual filter, fall back to original correspondences.[0;m
[1;33m[Open3D WARNING] Too few correspondences (16) after mutual filter, fall back to original correspondences.[0;m
[1;33m[Open3D WARNING] Too few correspondences (17) after mutual filter, fall back to original correspondences.[0;m
[1;33m[Open3D WARNING] Too few correspondences (14) after mutual filter, fall back to original correspondences.[0;m
[1;33m[Open3D WARNING] Too few correspondences (18) after mutual filter, fall back to original correspondences.[0;m
[1;33m[Open3D WARNING] Too few correspondences (10) after mutual filter, fall back to original correspondences.[0;m
[1;33m[Open3D WARNING] Too few correspondences (12) after mutual filter, fall back to original correspondences.[0;m
[1;33m[Open3D WARNING] Too few correspondences (13) after mutual filter, fall back to original correspondences.[0;m
[1;33m[Open3D WARNING] Too few correspondences (11) after mutual filter, fall back to original correspondences.[0;m
[1;33m[Open3D WARNING] Too few correspondences (13) after mutual filter, fall back to original correspondences.[0;m
[1;33m[Open3D WARNING] Too few correspondences (14) after mutual filter, fall back to original correspondences.[0;m
[1;33m[Open3D WARNING] Too few correspondences (10) after mutual filter, fall back to original correspondences.[0;m
[1;33m[Open3D WARNING] Too few correspondences (11) after mutual filter, fall back to original correspondences.[0;m
[1;33m[Open3D WARNING] Too few correspondences (10) after mutual filter, fall back to original correspondences.[0;m
[1;33m[Open3D WARNING] Too few correspondences (10) after mutual filter, fall back to original correspondences.[0;m
[1;33m[Open3D WARNING] Too few correspondences (11) after mutual filter, fall back to original correspondences.[0;m
[1;33m[Open3D WARNING] Too few correspondences (12) after mutual filter, fall back to original correspondences.[0;m
[1;33m[Open3D WARNING] Too few correspondences (11) after mutual filter, fall back to original correspondences.[0;m
[1;33m[Open3D WARNING] Too few correspondences (12) after mutual filter, fall back to original correspondences.[0;m
[1;33m[Open3D WARNING] Too few correspondences (17) after mutual filter, fall back to original correspondences.[0;m
[1;33m[Open3D WARNING] Too few correspondences (13) after mutual filter, fall back to original correspondences.[0;m
[1;33m[Open3D WARNING] Too few correspondences (16) after mutual filter, fall back to original correspondences.[0;m
[1;33m[Open3D WARNING] Too few correspondences (16) after mutual filter, fall back to original correspondences.[0;m
[1;33m[Open3D WARNING] Too few correspondences (14) after mutual filter, fall back to original correspondences.[0;m
[1;33m[Open3D WARNING] Too few correspondences (15) after mutual filter, fall back to original correspondences.[0;m
[1;33m[Open3D WARNING] Too few correspondences (16) after mutual filter, fall back to original correspondences.[0;m
[1;33m[Open3D WARNING] Too few correspondences (16) after mutual filter, fall back to original correspondences.[0;m
[1;33m[Open3D WARNING] Too few correspondences (14) after mutual filter, fall back to original correspondences.[0;m
[1;33m[Open3D WARNING] Too few correspondences (9) after mutual filter, fall back to original correspondences.[0;m
[1;33m[Open3D WARNING] Too few correspondences (10) after mutual filter, fall back to original correspondences.[0;m
[1;33m[Open3D WARNING] Too few correspondences (12) after mutual filter, fall back to original correspondences.[0;m
[1;33m[Open3D WARNING] Too few correspondences (13) after mutual filter, fall back to original correspondences.[0;m
[1;33m[Open3D WARNING] Too few correspondences (19) after mutual filter, fall back to original correspondences.[0;m
[1;33m[Open3D WARNING] Too few correspondences (16) after mutual filter, fall back to original correspondences.[0;m
[1;33m[Open3D WARNING] Too few correspondences (13) after mutual filter, fall back to original correspondences.[0;m
[1;33m[Open3D WARNING] Too few correspondences (12) after mutual filter, fall back to original correspondences.[0;m
[1;33m[Open3D WARNING] Too few correspondences (14) after mutual filter, fall back to original correspondences.[0;m
[1;33m[Open3D WARNING] Too few correspondences (11) after mutual filter, fall back to original correspondences.[0;m
[1;33m[Open3D WARNING] Too few correspondences (12) after mutual filter, fall back to original correspondences.[0;m
[1;33m[Open3D WARNING] Too few correspondences (17) after mutual filter, fall back to original correspondences.[0;m
[1;33m[Open3D WARNING] Too few correspondences (14) after mutual filter, fall back to original correspondences.[0;m
[1;33m[Open3D WARNING] Too few correspondences (16) after mutual filter, fall back to original correspondences.[0;m
[1;33m[Open3D WARNING] Too few correspondences (12) after mutual filter, fall back to original correspondences.[0;m
[1;33m[Open3D WARNING] Too few correspondences (8) after mutual filter, fall back to original correspondences.[0;m
[1;33m[Open3D WARNING] Too few correspondences (8) after mutual filter, fall back to original correspondences.[0;m
[1;33m[Open3D WARNING] Too few correspondences (17) after mutual filter, fall back to original correspondences.[0;m
[1;33m[Open3D WARNING] Too few correspondences (11) after mutual filter, fall back to original correspondences.[0;m
[1;33m[Open3D WARNING] Too few correspondences (11) after mutual filter, fall back to original correspondences.[0;m
[1;33m[Open3D WARNING] Too few correspondences (11) after mutual filter, fall back to original correspondences.[0;m
[1;33m[Open3D WARNING] Too few correspondences (15) after mutual filter, fall back to original correspondences.[0;m
[1;33m[Open3D WARNING] Too few correspondences (16) after mutual filter, fall back to original correspondences.[0;m
[1;33m[Open3D WARNING] Too few correspondences (12) after mutual filter, fall back to original correspondences.[0;m
[1;33m[Open3D WARNING] Too few correspondences (14) after mutual filter, fall back to original correspondences.[0;m
[1;33m[Open3D WARNING] Too few correspondences (13) after mutual filter, fall back to original correspondences.[0;m
[1;33m[Open3D WARNING] Too few correspondences (11) after mutual filter, fall back to original correspondences.[0;m
[1;33m[Open3D WARNING] Too few correspondences (15) after mutual filter, fall back to original correspondences.[0;m
[1;33m[Open3D WARNING] Too few correspondences (13) after mutual filter, fall back to original correspondences.[0;m
[1;33m[Open3D WARNING] Too few correspondences (16) after mutual filter, fall back to original correspondences.[0;m
[1;33m[Open3D WARNING] Too few correspondences (16) after mutual filter, fall back to original correspondences.[0;m
[1;33m[Open3D WARNING] Too few correspondences (12) after mutual filter, fall back to original correspondences.[0;m
[1;33m[Open3D WARNING] Too few correspondences (11) after mutual filter, fall back to original correspondences.[0;m
[1;33m[Open3D WARNING] Too few correspondences (16) after mutual filter, fall back to original correspondences.[0;m
[1;33m[Open3D WARNING] Too few correspondences (16) after mutual filter, fall back to original correspondences.[0;m
[1;33m[Open3D WARNING] Too few correspondences (16) after mutual filter, fall back to original correspondences.[0;m
[1;33m[Open3D WARNING] Too few correspondences (13) after mutual filter, fall back to original correspondences.[0;m
[1;33m[Open3D WARNING] Too few correspondences (13) after mutual filter, fall back to original correspondences.[0;m
[1;33m[Open3D WARNING] Too few correspondences (13) after mutual filter, fall back to original correspondences.[0;m
[1;33m[Open3D WARNING] Too few correspondences (11) after mutual filter, fall back to original correspondences.[0;m
[1;33m[Open3D WARNING] Too few correspondences (11) after mutual filter, fall back to original correspondences.[0;m
[1;33m[Open3D WARNING] Too few correspondences (12) after mutual filter, fall back to original correspondences.[0;m
[1;33m[Open3D WARNING] Too few correspondences (12) after mutual filter, fall back to original correspondences.[0;m
[1;33m[Open3D WARNING] Too few correspondences (10) after mutual filter, fall back to original correspondences.[0;m
[1;33m[Open3D WARNING] Too few correspondences (12) after mutual filter, fall back to original correspondences.[0;m
[1;33m[Open3D WARNING] Too few correspondences (16) after mutual filter, fall back to original correspondences.[0;m
[1;33m[Open3D WARNING] Too few correspondences (16) after mutual filter, fall back to original correspondences.[0;m
[1;33m[Open3D WARNING] Too few correspondences (14) after mutual filter, fall back to original correspondences.[0;m
[1;33m[Open3D WARNING] Too few correspondences (13) after mutual filter, fall back to original correspondences.[0;m
[1;33m[Open3D WARNING] Too few correspondences (11) after mutual filter, fall back to original correspondences.[0;m
[1;33m[Open3D WARNING] Too few correspondences (10) after mutual filter, fall back to original correspondences.[0;m
[real3d]           fish  O-AUROC 0.999  P-AUROC 0.989  P-AUPR 0.812  (50/100 anomalous)  align_fitness 1.00  pose_switch 0%  voxel 0.05
  [local-mem] seahorse: 40960 positioned descriptors
[1;33m[Open3D WARNING] Too few correspondences (4) after mutual filter, fall back to original correspondences.[0;m
[1;33m[Open3D WARNING] Too few correspondences (3) after mutual filter, fall back to original correspondences.[0;m
[1;33m[Open3D WARNING] Too few correspondences (6) after mutual filter, fall back to original correspondences.[0;m
[1;33m[Open3D WARNING] Too few correspondences (6) after mutual filter, fall back to original correspondences.[0;m
[1;33m[Open3D WARNING] Too few correspondences (7) after mutual filter, fall back to original correspondences.[0;m
[1;33m[Open3D WARNING] Too few correspondences (7) after mutual filter, fall back to original correspondences.[0;m
[1;33m[Open3D WARNING] Too few correspondences (5) after mutual filter, fall back to original correspondences.[0;m
[1;33m[Open3D WARNING] Too few correspondences (5) after mutual filter, fall back to original correspondences.[0;m
[1;33m[Open3D WARNING] Too few correspondences (9) after mutual filter, fall back to original correspondences.[0;m
[1;33m[Open3D WARNING] Too few correspondences (6) after mutual filter, fall back to original correspondences.[0;m
[1;33m[Open3D WARNING] Too few correspondences (4) after mutual filter, fall back to original correspondences.[0;m
[1;33m[Open3D WARNING] Too few correspondences (5) after mutual filter, fall back to original correspondences.[0;m
[1;33m[Open3D WARNING] Too few correspondences (6) after mutual filter, fall back to original correspondences.[0;m
[1;33m[Open3D WARNING] Too few correspondences (6) after mutual filter, fall back to original correspondences.[0;m
[1;33m[Open3D WARNING] Too few correspondences (3) after mutual filter, fall back to original correspondences.[0;m
[1;33m[Open3D WARNING] Too few correspondences (5) after mutual filter, fall back to original correspondences.[0;m
[1;33m[Open3D WARNING] Too few correspondences (6) after mutual filter, fall back to original correspondences.[0;m
[1;33m[Open3D WARNING] Too few correspondences (6) after mutual filter, fall back to original correspondences.[0;m
[1;33m[Open3D WARNING] Too few correspondences (4) after mutual filter, fall back to original correspondences.[0;m
[1;33m[Open3D WARNING] Too few correspondences (6) after mutual filter, fall back to original correspondences.[0;m
[1;33m[Open3D WARNING] Too few correspondences (7) after mutual filter, fall back to original correspondences.[0;m
[1;33m[Open3D WARNING] Too few correspondences (6) after mutual filter, fall back to original correspondences.[0;m
[1;33m[Open3D WARNING] Too few correspondences (6) after mutual filter, fall back to original correspondences.[0;m
[1;33m[Open3D WARNING] Too few correspondences (5) after mutual filter, fall back to original correspondences.[0;m
[1;33m[Open3D WARNING] Too few correspondences (6) after mutual filter, fall back to original correspondences.[0;m
[1;33m[Open3D WARNING] Too few correspondences (5) after mutual filter, fall back to original correspondences.[0;m
[1;33m[Open3D WARNING] Too few correspondences (8) after mutual filter, fall back to original correspondences.[0;m
[1;33m[Open3D WARNING] Too few correspondences (8) after mutual filter, fall back to original correspondences.[0;m
[1;33m[Open3D WARNING] Too few correspondences (4) after mutual filter, fall back to original correspondences.[0;m
[1;33m[Open3D WARNING] Too few correspondences (4) after mutual filter, fall back to original correspondences.[0;m
[1;33m[Open3D WARNING] Too few correspondences (6) after mutual filter, fall back to original correspondences.[0;m
[1;33m[Open3D WARNING] Too few correspondences (6) after mutual filter, fall back to original correspondences.[0;m
[1;33m[Open3D WARNING] Too few correspondences (5) after mutual filter, fall back to original correspondences.[0;m
[1;33m[Open3D WARNING] Too few correspondences (5) after mutual filter, fall back to original correspondences.[0;m
[1;33m[Open3D WARNING] Too few correspondences (5) after mutual filter, fall back to original correspondences.[0;m
[1;33m[Open3D WARNING] Too few correspondences (6) after mutual filter, fall back to original correspondences.[0;m
[1;33m[Open3D WARNING] Too few correspondences (5) after mutual filter, fall back to original correspondences.[0;m
[1;33m[Open3D WARNING] Too few correspondences (4) after mutual filter, fall back to original correspondences.[0;m
[1;33m[Open3D WARNING] Too few correspondences (9) after mutual filter, fall back to original correspondences.[0;m
[1;33m[Open3D WARNING] Too few correspondences (9) after mutual filter, fall back to original correspondences.[0;m
[1;33m[Open3D WARNING] Too few correspondences (3) after mutual filter, fall back to original correspondences.[0;m
[1;33m[Open3D WARNING] Too few correspondences (2) after mutual filter, fall back to original correspondences.[0;m
[1;33m[Open3D WARNING] Too few correspondences (4) after mutual filter, fall back to original correspondences.[0;m
[1;33m[Open3D WARNING] Too few correspondences (4) after mutual filter, fall back to original correspondences.[0;m
[1;33m[Open3D WARNING] Too few correspondences (7) after mutual filter, fall back to original correspondences.[0;m
[1;33m[Open3D WARNING] Too few correspondences (8) after mutual filter, fall back to original correspondences.[0;m
[1;33m[Open3D WARNING] Too few correspondences (7) after mutual filter, fall back to original correspondences.[0;m
[1;33m[Open3D WARNING] Too few correspondences (6) after mutual filter, fall back to original correspondences.[0;m
[1;33m[Open3D WARNING] Too few correspondences (5) after mutual filter, fall back to original correspondences.[0;m
[1;33m[Open3D WARNING] Too few correspondences (5) after mutual filter, fall back to original correspondences.[0;m
[1;33m[Open3D WARNING] Too few correspondences (6) after mutual filter, fall back to original correspondences.[0;m
[1;33m[Open3D WARNING] Too few correspondences (4) after mutual filter, fall back to original correspondences.[0;m
[1;33m[Open3D WARNING] Too few correspondences (7) after mutual filter, fall back to original correspondences.[0;m
[1;33m[Open3D WARNING] Too few correspondences (7) after mutual filter, fall back to original correspondences.[0;m
[1;33m[Open3D WARNING] Too few correspondences (4) after mutual filter, fall back to original correspondences.[0;m
[1;33m[Open3D WARNING] Too few correspondences (5) after mutual filter, fall back to original correspondences.[0;m
[1;33m[Open3D WARNING] Too few correspondences (4) after mutual filter, fall back to original correspondences.[0;m
[1;33m[Open3D WARNING] Too few correspondences (4) after mutual filter, fall back to original correspondences.[0;m
[1;33m[Open3D WARNING] Too few correspondences (6) after mutual filter, fall back to original correspondences.[0;m
[1;33m[Open3D WARNING] Too few correspondences (9) after mutual filter, fall back to original correspondences.[0;m
[1;33m[Open3D WARNING] Too few correspondences (8) after mutual filter, fall back to original correspondences.[0;m
[1;33m[Open3D WARNING] Too few correspondences (5) after mutual filter, fall back to original correspondences.[0;m
[1;33m[Open3D WARNING] Too few correspondences (7) after mutual filter, fall back to original correspondences.[0;m
[1;33m[Open3D WARNING] Too few correspondences (7) after mutual filter, fall back to original correspondences.[0;m
[1;33m[Open3D WARNING] Too few correspondences (4) after mutual filter, fall back to original correspondences.[0;m
[1;33m[Open3D WARNING] Too few correspondences (5) after mutual filter, fall back to original correspondences.[0;m
[1;33m[Open3D WARNING] Too few correspondences (8) after mutual filter, fall back to original correspondences.[0;m
[1;33m[Open3D WARNING] Too few correspondences (8) after mutual filter, fall back to original correspondences.[0;m
[1;33m[Open3D WARNING] Too few correspondences (7) after mutual filter, fall back to original correspondences.[0;m
[1;33m[Open3D WARNING] Too few correspondences (8) after mutual filter, fall back to original correspondences.[0;m
[1;33m[Open3D WARNING] Too few correspondences (4) after mutual filter, fall back to original correspondences.[0;m
[1;33m[Open3D WARNING] Too few correspondences (5) after mutual filter, fall back to original correspondences.[0;m
[1;33m[Open3D WARNING] Too few correspondences (11) after mutual filter, fall back to original correspondences.[0;m
[1;33m[Open3D WARNING] Too few correspondences (7) after mutual filter, fall back to original correspondences.[0;m
[1;33m[Open3D WARNING] Too few correspondences (6) after mutual filter, fall back to original correspondences.[0;m
[1;33m[Open3D WARNING] Too few correspondences (6) after mutual filter, fall back to original correspondences.[0;m
[1;33m[Open3D WARNING] Too few correspondences (7) after mutual filter, fall back to original correspondences.[0;m
[1;33m[Open3D WARNING] Too few correspondences (3) after mutual filter, fall back to original correspondences.[0;m
[1;33m[Open3D WARNING] Too few correspondences (8) after mutual filter, fall back to original correspondences.[0;m
[1;33m[Open3D WARNING] Too few correspondences (3) after mutual filter, fall back to original correspondences.[0;m
[1;33m[Open3D WARNING] Too few correspondences (5) after mutual filter, fall back to original correspondences.[0;m
[1;33m[Open3D WARNING] Too few correspondences (2) after mutual filter, fall back to original correspondences.[0;m
[1;33m[Open3D WARNING] Too few correspondences (9) after mutual filter, fall back to original correspondences.[0;m
[1;33m[Open3D WARNING] Too few correspondences (7) after mutual filter, fall back to original correspondences.[0;m
[1;33m[Open3D WARNING] Too few correspondences (3) after mutual filter, fall back to original correspondences.[0;m
[1;33m[Open3D WARNING] Too few correspondences (4) after mutual filter, fall back to original correspondences.[0;m
[1;33m[Open3D WARNING] Too few correspondences (7) after mutual filter, fall back to original correspondences.[0;m
[1;33m[Open3D WARNING] Too few correspondences (6) after mutual filter, fall back to original correspondences.[0;m
[1;33m[Open3D WARNING] Too few correspondences (4) after mutual filter, fall back to original correspondences.[0;m
[1;33m[Open3D WARNING] Too few correspondences (4) after mutual filter, fall back to original correspondences.[0;m
[1;33m[Open3D WARNING] Too few correspondences (10) after mutual filter, fall back to original correspondences.[0;m
[1;33m[Open3D WARNING] Too few correspondences (11) after mutual filter, fall back to original correspondences.[0;m
[1;33m[Open3D WARNING] Too few correspondences (4) after mutual filter, fall back to original correspondences.[0;m
[1;33m[Open3D WARNING] Too few correspondences (4) after mutual filter, fall back to original correspondences.[0;m
[1;33m[Open3D WARNING] Too few correspondences (4) after mutual filter, fall back to original correspondences.[0;m
[1;33m[Open3D WARNING] Too few correspondences (5) after mutual filter, fall back to original correspondences.[0;m
[1;33m[Open3D WARNING] Too few correspondences (6) after mutual filter, fall back to original correspondences.[0;m
[1;33m[Open3D WARNING] Too few correspondences (6) after mutual filter, fall back to original correspondences.[0;m
[1;33m[Open3D WARNING] Too few correspondences (3) after mutual filter, fall back to original correspondences.[0;m
[1;33m[Open3D WARNING] Too few correspondences (4) after mutual filter, fall back to original correspondences.[0;m
[real3d]       seahorse  O-AUROC 0.861  P-AUROC 0.876  P-AUPR 0.462  (50/100 anomalous)  align_fitness 0.98  pose_switch 3%  voxel 0.05
  [local-mem] starfish: 40960 positioned descriptors
[1;33m[Open3D WARNING] Too few correspondences (14) after mutual filter, fall back to original correspondences.[0;m
[1;33m[Open3D WARNING] Too few correspondences (15) after mutual filter, fall back to original correspondences.[0;m
[1;33m[Open3D WARNING] Too few correspondences (13) after mutual filter, fall back to original correspondences.[0;m
[1;33m[Open3D WARNING] Too few correspondences (14) after mutual filter, fall back to original correspondences.[0;m
[1;33m[Open3D WARNING] Too few correspondences (5) after mutual filter, fall back to original correspondences.[0;m
[1;33m[Open3D WARNING] Too few correspondences (7) after mutual filter, fall back to original correspondences.[0;m
[1;33m[Open3D WARNING] Too few correspondences (20) after mutual filter, fall back to original correspondences.[0;m
[1;33m[Open3D WARNING] Too few correspondences (17) after mutual filter, fall back to original correspondences.[0;m
[1;33m[Open3D WARNING] Too few correspondences (8) after mutual filter, fall back to original correspondences.[0;m
[1;33m[Open3D WARNING] Too few correspondences (9) after mutual filter, fall back to original correspondences.[0;m
[1;33m[Open3D WARNING] Too few correspondences (12) after mutual filter, fall back to original correspondences.[0;m
[1;33m[Open3D WARNING] Too few correspondences (12) after mutual filter, fall back to original correspondences.[0;m
[1;33m[Open3D WARNING] Too few correspondences (11) after mutual filter, fall back to original correspondences.[0;m
[1;33m[Open3D WARNING] Too few correspondences (10) after mutual filter, fall back to original correspondences.[0;m
[1;33m[Open3D WARNING] Too few correspondences (11) after mutual filter, fall back to original correspondences.[0;m
[1;33m[Open3D WARNING] Too few correspondences (10) after mutual filter, fall back to original correspondences.[0;m
[1;33m[Open3D WARNING] Too few correspondences (10) after mutual filter, fall back to original correspondences.[0;m
[1;33m[Open3D WARNING] Too few correspondences (11) after mutual filter, fall back to original correspondences.[0;m
[1;33m[Open3D WARNING] Too few correspondences (20) after mutual filter, fall back to original correspondences.[0;m
[1;33m[Open3D WARNING] Too few correspondences (20) after mutual filter, fall back to original correspondences.[0;m
[1;33m[Open3D WARNING] Too few correspondences (11) after mutual filter, fall back to original correspondences.[0;m
[1;33m[Open3D WARNING] Too few correspondences (10) after mutual filter, fall back to original correspondences.[0;m
[1;33m[Open3D WARNING] Too few correspondences (19) after mutual filter, fall back to original correspondences.[0;m
[1;33m[Open3D WARNING] Too few correspondences (17) after mutual filter, fall back to original correspondences.[0;m
[1;33m[Open3D WARNING] Too few correspondences (8) after mutual filter, fall back to original correspondences.[0;m
[1;33m[Open3D WARNING] Too few correspondences (10) after mutual filter, fall back to original correspondences.[0;m
[1;33m[Open3D WARNING] Too few correspondences (18) after mutual filter, fall back to original correspondences.[0;m
[1;33m[Open3D WARNING] Too few correspondences (16) after mutual filter, fall back to original correspondences.[0;m
[1;33m[Open3D WARNING] Too few correspondences (10) after mutual filter, fall back to original correspondences.[0;m
[1;33m[Open3D WARNING] Too few correspondences (10) after mutual filter, fall back to original correspondences.[0;m
[1;33m[Open3D WARNING] Too few correspondences (16) after mutual filter, fall back to original correspondences.[0;m
[1;33m[Open3D WARNING] Too few correspondences (14) after mutual filter, fall back to original correspondences.[0;m
[1;33m[Open3D WARNING] Too few correspondences (11) after mutual filter, fall back to original correspondences.[0;m
[1;33m[Open3D WARNING] Too few correspondences (12) after mutual filter, fall back to original correspondences.[0;m
[1;33m[Open3D WARNING] Too few correspondences (16) after mutual filter, fall back to original correspondences.[0;m
[1;33m[Open3D WARNING] Too few correspondences (16) after mutual filter, fall back to original correspondences.[0;m
[1;33m[Open3D WARNING] Too few correspondences (7) after mutual filter, fall back to original correspondences.[0;m
[1;33m[Open3D WARNING] Too few correspondences (6) after mutual filter, fall back to original correspondences.[0;m
[1;33m[Open3D WARNING] Too few correspondences (13) after mutual filter, fall back to original correspondences.[0;m
[1;33m[Open3D WARNING] Too few correspondences (13) after mutual filter, fall back to original correspondences.[0;m
[1;33m[Open3D WARNING] Too few correspondences (9) after mutual filter, fall back to original correspondences.[0;m
[1;33m[Open3D WARNING] Too few correspondences (11) after mutual filter, fall back to original correspondences.[0;m
[1;33m[Open3D WARNING] Too few correspondences (16) after mutual filter, fall back to original correspondences.[0;m
[1;33m[Open3D WARNING] Too few correspondences (14) after mutual filter, fall back to original correspondences.[0;m
[1;33m[Open3D WARNING] Too few correspondences (8) after mutual filter, fall back to original correspondences.[0;m
[1;33m[Open3D WARNING] Too few correspondences (9) after mutual filter, fall back to original correspondences.[0;m
[1;33m[Open3D WARNING] Too few correspondences (15) after mutual filter, fall back to original correspondences.[0;m
[1;33m[Open3D WARNING] Too few correspondences (15) after mutual filter, fall back to original correspondences.[0;m
[1;33m[Open3D WARNING] Too few correspondences (12) after mutual filter, fall back to original correspondences.[0;m
[1;33m[Open3D WARNING] Too few correspondences (13) after mutual filter, fall back to original correspondences.[0;m
[1;33m[Open3D WARNING] Too few correspondences (8) after mutual filter, fall back to original correspondences.[0;m
[1;33m[Open3D WARNING] Too few correspondences (6) after mutual filter, fall back to original correspondences.[0;m
[1;33m[Open3D WARNING] Too few correspondences (18) after mutual filter, fall back to original correspondences.[0;m
[1;33m[Open3D WARNING] Too few correspondences (18) after mutual filter, fall back to original correspondences.[0;m
[1;33m[Open3D WARNING] Too few correspondences (11) after mutual filter, fall back to original correspondences.[0;m
[1;33m[Open3D WARNING] Too few correspondences (11) after mutual filter, fall back to original correspondences.[0;m
[1;33m[Open3D WARNING] Too few correspondences (8) after mutual filter, fall back to original correspondences.[0;m
[1;33m[Open3D WARNING] Too few correspondences (16) after mutual filter, fall back to original correspondences.[0;m
[1;33m[Open3D WARNING] Too few correspondences (16) after mutual filter, fall back to original correspondences.[0;m
[1;33m[Open3D WARNING] Too few correspondences (12) after mutual filter, fall back to original correspondences.[0;m
[1;33m[Open3D WARNING] Too few correspondences (18) after mutual filter, fall back to original correspondences.[0;m
[1;33m[Open3D WARNING] Too few correspondences (18) after mutual filter, fall back to original correspondences.[0;m
[1;33m[Open3D WARNING] Too few correspondences (14) after mutual filter, fall back to original correspondences.[0;m
[1;33m[Open3D WARNING] Too few correspondences (14) after mutual filter, fall back to original correspondences.[0;m
[1;33m[Open3D WARNING] Too few correspondences (9) after mutual filter, fall back to original correspondences.[0;m
[1;33m[Open3D WARNING] Too few correspondences (10) after mutual filter, fall back to original correspondences.[0;m
[1;33m[Open3D WARNING] Too few correspondences (12) after mutual filter, fall back to original correspondences.[0;m
[1;33m[Open3D WARNING] Too few correspondences (12) after mutual filter, fall back to original correspondences.[0;m
[1;33m[Open3D WARNING] Too few correspondences (20) after mutual filter, fall back to original correspondences.[0;m
[1;33m[Open3D WARNING] Too few correspondences (19) after mutual filter, fall back to original correspondences.[0;m
[1;33m[Open3D WARNING] Too few correspondences (23) after mutual filter, fall back to original correspondences.[0;m
[1;33m[Open3D WARNING] Too few correspondences (16) after mutual filter, fall back to original correspondences.[0;m
[1;33m[Open3D WARNING] Too few correspondences (18) after mutual filter, fall back to original correspondences.[0;m
[1;33m[Open3D WARNING] Too few correspondences (11) after mutual filter, fall back to original correspondences.[0;m
[1;33m[Open3D WARNING] Too few correspondences (10) after mutual filter, fall back to original correspondences.[0;m
[1;33m[Open3D WARNING] Too few correspondences (19) after mutual filter, fall back to original correspondences.[0;m
[1;33m[Open3D WARNING] Too few correspondences (19) after mutual filter, fall back to original correspondences.[0;m
[1;33m[Open3D WARNING] Too few correspondences (8) after mutual filter, fall back to original correspondences.[0;m
[1;33m[Open3D WARNING] Too few correspondences (8) after mutual filter, fall back to original correspondences.[0;m
[1;33m[Open3D WARNING] Too few correspondences (21) after mutual filter, fall back to original correspondences.[0;m
[1;33m[Open3D WARNING] Too few correspondences (21) after mutual filter, fall back to original correspondences.[0;m
[1;33m[Open3D WARNING] Too few correspondences (8) after mutual filter, fall back to original correspondences.[0;m
[1;33m[Open3D WARNING] Too few correspondences (10) after mutual filter, fall back to original correspondences.[0;m
[1;33m[Open3D WARNING] Too few correspondences (14) after mutual filter, fall back to original correspondences.[0;m
[1;33m[Open3D WARNING] Too few correspondences (14) after mutual filter, fall back to original correspondences.[0;m
[1;33m[Open3D WARNING] Too few correspondences (16) after mutual filter, fall back to original correspondences.[0;m
[1;33m[Open3D WARNING] Too few correspondences (16) after mutual filter, fall back to original correspondences.[0;m
[1;33m[Open3D WARNING] Too few correspondences (12) after mutual filter, fall back to original correspondences.[0;m
[1;33m[Open3D WARNING] Too few correspondences (12) after mutual filter, fall back to original correspondences.[0;m
[1;33m[Open3D WARNING] Too few correspondences (11) after mutual filter, fall back to original correspondences.[0;m
[1;33m[Open3D WARNING] Too few correspondences (12) after mutual filter, fall back to original correspondences.[0;m
[1;33m[Open3D WARNING] Too few correspondences (15) after mutual filter, fall back to original correspondences.[0;m
[1;33m[Open3D WARNING] Too few correspondences (20) after mutual filter, fall back to original correspondences.[0;m
[1;33m[Open3D WARNING] Too few correspondences (14) after mutual filter, fall back to original correspondences.[0;m
[1;33m[Open3D WARNING] Too few correspondences (15) after mutual filter, fall back to original correspondences.[0;m
[real3d]       starfish  O-AUROC 0.840  P-AUROC 0.901  P-AUPR 0.447  (50/100 anomalous)  align_fitness 1.00  pose_switch 25%  voxel 0.05

=== Mean over 6 categories ===
         o_auroc: 0.8926
         p_auroc: 0.9448
          p_aupr: 0.6095
  p_auroc_pooled: 0.9549
   p_aupr_pooled: 0.4668

[ad3d] saved: results/parts/mhr6-nn10-p99-loc10-s0-part0_real3d_20261008-102328.csv / .json / _scores.json
