[ad3d] dataset=real3d  device=cuda (Tesla T4)  classes=6
[ad3d] config: Config(data_root='/kaggle/input/datasets/smnihalahmed/real3d-ad-pcd/Real3D-AD-PCD', dataset='real3d', max_nn=10, n_scales=3, num_group=2048, group_size=128, smooth_k=12, coreset_ratio=0.1, cuts=4, cuts_diverse=False, align='icp', align_voxel=0.05, align_poses=6, voxel=0.01, points_budget=100000, topk=1, obj_rule='p99', train_cut_root='', train_cut_with_protos=False, geo='none', geo_voxel=0.005, geo_k=12, local_mem=0.1, local_radii=(0.05, 0.1, 0.15), device='auto', seed=1, extra={})
  [local-mem] candybar: 40960 positioned descriptors
[1;33m[Open3D WARNING] Too few correspondences (25) after mutual filter, fall back to original correspondences.[0;m
[1;33m[Open3D WARNING] Too few correspondences (24) after mutual filter, fall back to original correspondences.[0;m
[1;33m[Open3D WARNING] Too few correspondences (23) after mutual filter, fall back to original correspondences.[0;m
[1;33m[Open3D WARNING] Too few correspondences (24) after mutual filter, fall back to original correspondences.[0;m
[1;33m[Open3D WARNING] Too few correspondences (18) after mutual filter, fall back to original correspondences.[0;m
[1;33m[Open3D WARNING] Too few correspondences (22) after mutual filter, fall back to original correspondences.[0;m
[1;33m[Open3D WARNING] Too few correspondences (20) after mutual filter, fall back to original correspondences.[0;m
[1;33m[Open3D WARNING] Too few correspondences (21) after mutual filter, fall back to original correspondences.[0;m
[1;33m[Open3D WARNING] Too few correspondences (21) after mutual filter, fall back to original correspondences.[0;m
[1;33m[Open3D WARNING] Too few correspondences (21) after mutual filter, fall back to original correspondences.[0;m
[1;33m[Open3D WARNING] Too few correspondences (18) after mutual filter, fall back to original correspondences.[0;m
[1;33m[Open3D WARNING] Too few correspondences (25) after mutual filter, fall back to original correspondences.[0;m
[real3d]       candybar  O-AUROC 0.998  P-AUROC 0.996  P-AUPR 0.837  (50/100 anomalous)  align_fitness 1.00  pose_switch 8%  voxel 0.05
[1;33m[Open3D WARNING] Too few correspondences (68) after mutual filter, fall back to original correspondences.[0;m
  [local-mem] chicken: 40960 positioned descriptors
[1;33m[Open3D WARNING] Too few correspondences (31) after mutual filter, fall back to original correspondences.[0;m
[1;33m[Open3D WARNING] Too few correspondences (31) after mutual filter, fall back to original correspondences.[0;m
[1;33m[Open3D WARNING] Too few correspondences (33) after mutual filter, fall back to original correspondences.[0;m
[1;33m[Open3D WARNING] Too few correspondences (33) after mutual filter, fall back to original correspondences.[0;m
[1;33m[Open3D WARNING] Too few correspondences (34) after mutual filter, fall back to original correspondences.[0;m
[real3d]        chicken  O-AUROC 0.785  P-AUROC 0.923  P-AUPR 0.502  (54/106 anomalous)  align_fitness 0.92  pose_switch 5%  voxel 0.05
  [local-mem] duck: 40960 positioned descriptors
[real3d]           duck  O-AUROC 0.850  P-AUROC 0.985  P-AUPR 0.713  (50/100 anomalous)  align_fitness 0.95  pose_switch 4%  voxel 0.05
  [local-mem] gemstone: 40960 positioned descriptors
[real3d]       gemstone  O-AUROC 0.810  P-AUROC 0.969  P-AUPR 0.651  (50/100 anomalous)  align_fitness 0.91  pose_switch 6%  voxel 0.05
  [local-mem] shell: 40960 positioned descriptors
[1;33m[Open3D WARNING] Too few correspondences (11) after mutual filter, fall back to original correspondences.[0;m
[1;33m[Open3D WARNING] Too few correspondences (7) after mutual filter, fall back to original correspondences.[0;m
[1;33m[Open3D WARNING] Too few correspondences (9) after mutual filter, fall back to original correspondences.[0;m
[1;33m[Open3D WARNING] Too few correspondences (8) after mutual filter, fall back to original correspondences.[0;m
[1;33m[Open3D WARNING] Too few correspondences (8) after mutual filter, fall back to original correspondences.[0;m
[1;33m[Open3D WARNING] Too few correspondences (8) after mutual filter, fall back to original correspondences.[0;m
[1;33m[Open3D WARNING] Too few correspondences (25) after mutual filter, fall back to original correspondences.[0;m
[1;33m[Open3D WARNING] Too few correspondences (26) after mutual filter, fall back to original correspondences.[0;m
[1;33m[Open3D WARNING] Too few correspondences (24) after mutual filter, fall back to original correspondences.[0;m
[1;33m[Open3D WARNING] Too few correspondences (21) after mutual filter, fall back to original correspondences.[0;m
[1;33m[Open3D WARNING] Too few correspondences (12) after mutual filter, fall back to original correspondences.[0;m
[1;33m[Open3D WARNING] Too few correspondences (12) after mutual filter, fall back to original correspondences.[0;m
[1;33m[Open3D WARNING] Too few correspondences (8) after mutual filter, fall back to original correspondences.[0;m
[1;33m[Open3D WARNING] Too few correspondences (8) after mutual filter, fall back to original correspondences.[0;m
[1;33m[Open3D WARNING] Too few correspondences (28) after mutual filter, fall back to original correspondences.[0;m
[1;33m[Open3D WARNING] Too few correspondences (23) after mutual filter, fall back to original correspondences.[0;m
[1;33m[Open3D WARNING] Too few correspondences (28) after mutual filter, fall back to original correspondences.[0;m
[1;33m[Open3D WARNING] Too few correspondences (28) after mutual filter, fall back to original correspondences.[0;m
[1;33m[Open3D WARNING] Too few correspondences (22) after mutual filter, fall back to original correspondences.[0;m
[1;33m[Open3D WARNING] Too few correspondences (25) after mutual filter, fall back to original correspondences.[0;m
[1;33m[Open3D WARNING] Too few correspondences (15) after mutual filter, fall back to original correspondences.[0;m
[1;33m[Open3D WARNING] Too few correspondences (9) after mutual filter, fall back to original correspondences.[0;m
[1;33m[Open3D WARNING] Too few correspondences (28) after mutual filter, fall back to original correspondences.[0;m
[1;33m[Open3D WARNING] Too few correspondences (20) after mutual filter, fall back to original correspondences.[0;m
[1;33m[Open3D WARNING] Too few correspondences (22) after mutual filter, fall back to original correspondences.[0;m
[1;33m[Open3D WARNING] Too few correspondences (24) after mutual filter, fall back to original correspondences.[0;m
[1;33m[Open3D WARNING] Too few correspondences (26) after mutual filter, fall back to original correspondences.[0;m
[1;33m[Open3D WARNING] Too few correspondences (26) after mutual filter, fall back to original correspondences.[0;m
[1;33m[Open3D WARNING] Too few correspondences (9) after mutual filter, fall back to original correspondences.[0;m
[1;33m[Open3D WARNING] Too few correspondences (8) after mutual filter, fall back to original correspondences.[0;m
[1;33m[Open3D WARNING] Too few correspondences (24) after mutual filter, fall back to original correspondences.[0;m
[1;33m[Open3D WARNING] Too few correspondences (26) after mutual filter, fall back to original correspondences.[0;m
[1;33m[Open3D WARNING] Too few correspondences (26) after mutual filter, fall back to original correspondences.[0;m
[1;33m[Open3D WARNING] Too few correspondences (20) after mutual filter, fall back to original correspondences.[0;m
[1;33m[Open3D WARNING] Too few correspondences (11) after mutual filter, fall back to original correspondences.[0;m
[1;33m[Open3D WARNING] Too few correspondences (10) after mutual filter, fall back to original correspondences.[0;m
[1;33m[Open3D WARNING] Too few correspondences (29) after mutual filter, fall back to original correspondences.[0;m
[1;33m[Open3D WARNING] Too few correspondences (23) after mutual filter, fall back to original correspondences.[0;m
[1;33m[Open3D WARNING] Too few correspondences (12) after mutual filter, fall back to original correspondences.[0;m
[1;33m[Open3D WARNING] Too few correspondences (9) after mutual filter, fall back to original correspondences.[0;m
[1;33m[Open3D WARNING] Too few correspondences (24) after mutual filter, fall back to original correspondences.[0;m
[1;33m[Open3D WARNING] Too few correspondences (25) after mutual filter, fall back to original correspondences.[0;m
[1;33m[Open3D WARNING] Too few correspondences (19) after mutual filter, fall back to original correspondences.[0;m
[1;33m[Open3D WARNING] Too few correspondences (19) after mutual filter, fall back to original correspondences.[0;m
[1;33m[Open3D WARNING] Too few correspondences (20) after mutual filter, fall back to original correspondences.[0;m
[1;33m[Open3D WARNING] Too few correspondences (22) after mutual filter, fall back to original correspondences.[0;m
[1;33m[Open3D WARNING] Too few correspondences (26) after mutual filter, fall back to original correspondences.[0;m
[1;33m[Open3D WARNING] Too few correspondences (18) after mutual filter, fall back to original correspondences.[0;m
[1;33m[Open3D WARNING] Too few correspondences (9) after mutual filter, fall back to original correspondences.[0;m
[1;33m[Open3D WARNING] Too few correspondences (9) after mutual filter, fall back to original correspondences.[0;m
[1;33m[Open3D WARNING] Too few correspondences (6) after mutual filter, fall back to original correspondences.[0;m
[1;33m[Open3D WARNING] Too few correspondences (7) after mutual filter, fall back to original correspondences.[0;m
[1;33m[Open3D WARNING] Too few correspondences (16) after mutual filter, fall back to original correspondences.[0;m
[1;33m[Open3D WARNING] Too few correspondences (17) after mutual filter, fall back to original correspondences.[0;m
[1;33m[Open3D WARNING] Too few correspondences (10) after mutual filter, fall back to original correspondences.[0;m
[1;33m[Open3D WARNING] Too few correspondences (10) after mutual filter, fall back to original correspondences.[0;m
[1;33m[Open3D WARNING] Too few correspondences (21) after mutual filter, fall back to original correspondences.[0;m
[1;33m[Open3D WARNING] Too few correspondences (22) after mutual filter, fall back to original correspondences.[0;m
[1;33m[Open3D WARNING] Too few correspondences (12) after mutual filter, fall back to original correspondences.[0;m
[1;33m[Open3D WARNING] Too few correspondences (10) after mutual filter, fall back to original correspondences.[0;m
[1;33m[Open3D WARNING] Too few correspondences (24) after mutual filter, fall back to original correspondences.[0;m
[1;33m[Open3D WARNING] Too few correspondences (26) after mutual filter, fall back to original correspondences.[0;m
[1;33m[Open3D WARNING] Too few correspondences (12) after mutual filter, fall back to original correspondences.[0;m
[1;33m[Open3D WARNING] Too few correspondences (12) after mutual filter, fall back to original correspondences.[0;m
[1;33m[Open3D WARNING] Too few correspondences (10) after mutual filter, fall back to original correspondences.[0;m
[1;33m[Open3D WARNING] Too few correspondences (7) after mutual filter, fall back to original correspondences.[0;m
[1;33m[Open3D WARNING] Too few correspondences (11) after mutual filter, fall back to original correspondences.[0;m
[1;33m[Open3D WARNING] Too few correspondences (11) after mutual filter, fall back to original correspondences.[0;m
[1;33m[Open3D WARNING] Too few correspondences (11) after mutual filter, fall back to original correspondences.[0;m
[1;33m[Open3D WARNING] Too few correspondences (11) after mutual filter, fall back to original correspondences.[0;m
[1;33m[Open3D WARNING] Too few correspondences (31) after mutual filter, fall back to original correspondences.[0;m
[1;33m[Open3D WARNING] Too few correspondences (30) after mutual filter, fall back to original correspondences.[0;m
[1;33m[Open3D WARNING] Too few correspondences (25) after mutual filter, fall back to original correspondences.[0;m
[1;33m[Open3D WARNING] Too few correspondences (21) after mutual filter, fall back to original correspondences.[0;m
[1;33m[Open3D WARNING] Too few correspondences (9) after mutual filter, fall back to original correspondences.[0;m
[1;33m[Open3D WARNING] Too few correspondences (9) after mutual filter, fall back to original correspondences.[0;m
[1;33m[Open3D WARNING] Too few correspondences (24) after mutual filter, fall back to original correspondences.[0;m
[1;33m[Open3D WARNING] Too few correspondences (28) after mutual filter, fall back to original correspondences.[0;m
[1;33m[Open3D WARNING] Too few correspondences (26) after mutual filter, fall back to original correspondences.[0;m
[1;33m[Open3D WARNING] Too few correspondences (18) after mutual filter, fall back to original correspondences.[0;m
[1;33m[Open3D WARNING] Too few correspondences (9) after mutual filter, fall back to original correspondences.[0;m
[1;33m[Open3D WARNING] Too few correspondences (9) after mutual filter, fall back to original correspondences.[0;m
[1;33m[Open3D WARNING] Too few correspondences (28) after mutual filter, fall back to original correspondences.[0;m
[1;33m[Open3D WARNING] Too few correspondences (27) after mutual filter, fall back to original correspondences.[0;m
[1;33m[Open3D WARNING] Too few correspondences (25) after mutual filter, fall back to original correspondences.[0;m
[1;33m[Open3D WARNING] Too few correspondences (24) after mutual filter, fall back to original correspondences.[0;m
[1;33m[Open3D WARNING] Too few correspondences (18) after mutual filter, fall back to original correspondences.[0;m
[1;33m[Open3D WARNING] Too few correspondences (18) after mutual filter, fall back to original correspondences.[0;m
[1;33m[Open3D WARNING] Too few correspondences (10) after mutual filter, fall back to original correspondences.[0;m
[1;33m[Open3D WARNING] Too few correspondences (11) after mutual filter, fall back to original correspondences.[0;m
[1;33m[Open3D WARNING] Too few correspondences (8) after mutual filter, fall back to original correspondences.[0;m
[1;33m[Open3D WARNING] Too few correspondences (7) after mutual filter, fall back to original correspondences.[0;m
[1;33m[Open3D WARNING] Too few correspondences (11) after mutual filter, fall back to original correspondences.[0;m
[1;33m[Open3D WARNING] Too few correspondences (6) after mutual filter, fall back to original correspondences.[0;m
[1;33m[Open3D WARNING] Too few correspondences (25) after mutual filter, fall back to original correspondences.[0;m
[1;33m[Open3D WARNING] Too few correspondences (17) after mutual filter, fall back to original correspondences.[0;m
[1;33m[Open3D WARNING] Too few correspondences (8) after mutual filter, fall back to original correspondences.[0;m
[1;33m[Open3D WARNING] Too few correspondences (6) after mutual filter, fall back to original correspondences.[0;m
[1;33m[Open3D WARNING] Too few correspondences (9) after mutual filter, fall back to original correspondences.[0;m
[1;33m[Open3D WARNING] Too few correspondences (12) after mutual filter, fall back to original correspondences.[0;m
[real3d]          shell  O-AUROC 0.548  P-AUROC 0.860  P-AUPR 0.331  (48/100 anomalous)  align_fitness 0.89  pose_switch 14%  voxel 0.05
  [local-mem] toffees: 40960 positioned descriptors
[1;33m[Open3D WARNING] Too few correspondences (10) after mutual filter, fall back to original correspondences.[0;m
[1;33m[Open3D WARNING] Too few correspondences (10) after mutual filter, fall back to original correspondences.[0;m
[1;33m[Open3D WARNING] Too few correspondences (7) after mutual filter, fall back to original correspondences.[0;m
[1;33m[Open3D WARNING] Too few correspondences (7) after mutual filter, fall back to original correspondences.[0;m
[1;33m[Open3D WARNING] Too few correspondences (9) after mutual filter, fall back to original correspondences.[0;m
[1;33m[Open3D WARNING] Too few correspondences (9) after mutual filter, fall back to original correspondences.[0;m
[1;33m[Open3D WARNING] Too few correspondences (10) after mutual filter, fall back to original correspondences.[0;m
[1;33m[Open3D WARNING] Too few correspondences (10) after mutual filter, fall back to original correspondences.[0;m
[1;33m[Open3D WARNING] Too few correspondences (8) after mutual filter, fall back to original correspondences.[0;m
[1;33m[Open3D WARNING] Too few correspondences (8) after mutual filter, fall back to original correspondences.[0;m
[1;33m[Open3D WARNING] Too few correspondences (9) after mutual filter, fall back to original correspondences.[0;m
[1;33m[Open3D WARNING] Too few correspondences (9) after mutual filter, fall back to original correspondences.[0;m
[1;33m[Open3D WARNING] Too few correspondences (10) after mutual filter, fall back to original correspondences.[0;m
[1;33m[Open3D WARNING] Too few correspondences (10) after mutual filter, fall back to original correspondences.[0;m
[1;33m[Open3D WARNING] Too few correspondences (12) after mutual filter, fall back to original correspondences.[0;m
[1;33m[Open3D WARNING] Too few correspondences (12) after mutual filter, fall back to original correspondences.[0;m
[1;33m[Open3D WARNING] Too few correspondences (8) after mutual filter, fall back to original correspondences.[0;m
[1;33m[Open3D WARNING] Too few correspondences (8) after mutual filter, fall back to original correspondences.[0;m
[1;33m[Open3D WARNING] Too few correspondences (9) after mutual filter, fall back to original correspondences.[0;m
[1;33m[Open3D WARNING] Too few correspondences (9) after mutual filter, fall back to original correspondences.[0;m
[1;33m[Open3D WARNING] Too few correspondences (8) after mutual filter, fall back to original correspondences.[0;m
[1;33m[Open3D WARNING] Too few correspondences (8) after mutual filter, fall back to original correspondences.[0;m
[1;33m[Open3D WARNING] Too few correspondences (10) after mutual filter, fall back to original correspondences.[0;m
[1;33m[Open3D WARNING] Too few correspondences (10) after mutual filter, fall back to original correspondences.[0;m
[1;33m[Open3D WARNING] Too few correspondences (12) after mutual filter, fall back to original correspondences.[0;m
[1;33m[Open3D WARNING] Too few correspondences (12) after mutual filter, fall back to original correspondences.[0;m
[1;33m[Open3D WARNING] Too few correspondences (11) after mutual filter, fall back to original correspondences.[0;m
[1;33m[Open3D WARNING] Too few correspondences (11) after mutual filter, fall back to original correspondences.[0;m
[1;33m[Open3D WARNING] Too few correspondences (4) after mutual filter, fall back to original correspondences.[0;m
[1;33m[Open3D WARNING] Too few correspondences (4) after mutual filter, fall back to original correspondences.[0;m
[1;33m[Open3D WARNING] Too few correspondences (6) after mutual filter, fall back to original correspondences.[0;m
[1;33m[Open3D WARNING] Too few correspondences (6) after mutual filter, fall back to original correspondences.[0;m
[1;33m[Open3D WARNING] Too few correspondences (10) after mutual filter, fall back to original correspondences.[0;m
[1;33m[Open3D WARNING] Too few correspondences (10) after mutual filter, fall back to original correspondences.[0;m
[1;33m[Open3D WARNING] Too few correspondences (8) after mutual filter, fall back to original correspondences.[0;m
[1;33m[Open3D WARNING] Too few correspondences (8) after mutual filter, fall back to original correspondences.[0;m
[1;33m[Open3D WARNING] Too few correspondences (11) after mutual filter, fall back to original correspondences.[0;m
[1;33m[Open3D WARNING] Too few correspondences (11) after mutual filter, fall back to original correspondences.[0;m
[1;33m[Open3D WARNING] Too few correspondences (10) after mutual filter, fall back to original correspondences.[0;m
[1;33m[Open3D WARNING] Too few correspondences (10) after mutual filter, fall back to original correspondences.[0;m
[1;33m[Open3D WARNING] Too few correspondences (11) after mutual filter, fall back to original correspondences.[0;m
[1;33m[Open3D WARNING] Too few correspondences (11) after mutual filter, fall back to original correspondences.[0;m
[1;33m[Open3D WARNING] Too few correspondences (7) after mutual filter, fall back to original correspondences.[0;m
[1;33m[Open3D WARNING] Too few correspondences (7) after mutual filter, fall back to original correspondences.[0;m
[1;33m[Open3D WARNING] Too few correspondences (13) after mutual filter, fall back to original correspondences.[0;m
[1;33m[Open3D WARNING] Too few correspondences (13) after mutual filter, fall back to original correspondences.[0;m
[1;33m[Open3D WARNING] Too few correspondences (9) after mutual filter, fall back to original correspondences.[0;m
[1;33m[Open3D WARNING] Too few correspondences (9) after mutual filter, fall back to original correspondences.[0;m
[1;33m[Open3D WARNING] Too few correspondences (11) after mutual filter, fall back to original correspondences.[0;m
[1;33m[Open3D WARNING] Too few correspondences (11) after mutual filter, fall back to original correspondences.[0;m
[1;33m[Open3D WARNING] Too few correspondences (10) after mutual filter, fall back to original correspondences.[0;m
[1;33m[Open3D WARNING] Too few correspondences (10) after mutual filter, fall back to original correspondences.[0;m
[1;33m[Open3D WARNING] Too few correspondences (8) after mutual filter, fall back to original correspondences.[0;m
[1;33m[Open3D WARNING] Too few correspondences (8) after mutual filter, fall back to original correspondences.[0;m
[1;33m[Open3D WARNING] Too few correspondences (12) after mutual filter, fall back to original correspondences.[0;m
[1;33m[Open3D WARNING] Too few correspondences (12) after mutual filter, fall back to original correspondences.[0;m
[1;33m[Open3D WARNING] Too few correspondences (10) after mutual filter, fall back to original correspondences.[0;m
[1;33m[Open3D WARNING] Too few correspondences (10) after mutual filter, fall back to original correspondences.[0;m
[1;33m[Open3D WARNING] Too few correspondences (14) after mutual filter, fall back to original correspondences.[0;m
[1;33m[Open3D WARNING] Too few correspondences (14) after mutual filter, fall back to original correspondences.[0;m
[1;33m[Open3D WARNING] Too few correspondences (8) after mutual filter, fall back to original correspondences.[0;m
[1;33m[Open3D WARNING] Too few correspondences (8) after mutual filter, fall back to original correspondences.[0;m
[1;33m[Open3D WARNING] Too few correspondences (8) after mutual filter, fall back to original correspondences.[0;m
[1;33m[Open3D WARNING] Too few correspondences (8) after mutual filter, fall back to original correspondences.[0;m
[1;33m[Open3D WARNING] Too few correspondences (7) after mutual filter, fall back to original correspondences.[0;m
[1;33m[Open3D WARNING] Too few correspondences (7) after mutual filter, fall back to original correspondences.[0;m
[1;33m[Open3D WARNING] Too few correspondences (12) after mutual filter, fall back to original correspondences.[0;m
[1;33m[Open3D WARNING] Too few correspondences (12) after mutual filter, fall back to original correspondences.[0;m
[1;33m[Open3D WARNING] Too few correspondences (7) after mutual filter, fall back to original correspondences.[0;m
[1;33m[Open3D WARNING] Too few correspondences (7) after mutual filter, fall back to original correspondences.[0;m
[1;33m[Open3D WARNING] Too few correspondences (14) after mutual filter, fall back to original correspondences.[0;m
[1;33m[Open3D WARNING] Too few correspondences (13) after mutual filter, fall back to original correspondences.[0;m
[1;33m[Open3D WARNING] Too few correspondences (8) after mutual filter, fall back to original correspondences.[0;m
[1;33m[Open3D WARNING] Too few correspondences (6) after mutual filter, fall back to original correspondences.[0;m
[1;33m[Open3D WARNING] Too few correspondences (11) after mutual filter, fall back to original correspondences.[0;m
[1;33m[Open3D WARNING] Too few correspondences (11) after mutual filter, fall back to original correspondences.[0;m
[1;33m[Open3D WARNING] Too few correspondences (12) after mutual filter, fall back to original correspondences.[0;m
[1;33m[Open3D WARNING] Too few correspondences (8) after mutual filter, fall back to original correspondences.[0;m
[1;33m[Open3D WARNING] Too few correspondences (11) after mutual filter, fall back to original correspondences.[0;m
[1;33m[Open3D WARNING] Too few correspondences (11) after mutual filter, fall back to original correspondences.[0;m
[1;33m[Open3D WARNING] Too few correspondences (8) after mutual filter, fall back to original correspondences.[0;m
[1;33m[Open3D WARNING] Too few correspondences (8) after mutual filter, fall back to original correspondences.[0;m
[1;33m[Open3D WARNING] Too few correspondences (10) after mutual filter, fall back to original correspondences.[0;m
[1;33m[Open3D WARNING] Too few correspondences (10) after mutual filter, fall back to original correspondences.[0;m
[1;33m[Open3D WARNING] Too few correspondences (9) after mutual filter, fall back to original correspondences.[0;m
[1;33m[Open3D WARNING] Too few correspondences (9) after mutual filter, fall back to original correspondences.[0;m
[1;33m[Open3D WARNING] Too few correspondences (10) after mutual filter, fall back to original correspondences.[0;m
[1;33m[Open3D WARNING] Too few correspondences (10) after mutual filter, fall back to original correspondences.[0;m
[1;33m[Open3D WARNING] Too few correspondences (8) after mutual filter, fall back to original correspondences.[0;m
[1;33m[Open3D WARNING] Too few correspondences (8) after mutual filter, fall back to original correspondences.[0;m
[1;33m[Open3D WARNING] Too few correspondences (9) after mutual filter, fall back to original correspondences.[0;m
[1;33m[Open3D WARNING] Too few correspondences (9) after mutual filter, fall back to original correspondences.[0;m
[1;33m[Open3D WARNING] Too few correspondences (8) after mutual filter, fall back to original correspondences.[0;m
[1;33m[Open3D WARNING] Too few correspondences (7) after mutual filter, fall back to original correspondences.[0;m
[1;33m[Open3D WARNING] Too few correspondences (8) after mutual filter, fall back to original correspondences.[0;m
[1;33m[Open3D WARNING] Too few correspondences (8) after mutual filter, fall back to original correspondences.[0;m
[1;33m[Open3D WARNING] Too few correspondences (9) after mutual filter, fall back to original correspondences.[0;m
[1;33m[Open3D WARNING] Too few correspondences (9) after mutual filter, fall back to original correspondences.[0;m
[1;33m[Open3D WARNING] Too few correspondences (8) after mutual filter, fall back to original correspondences.[0;m
[1;33m[Open3D WARNING] Too few correspondences (8) after mutual filter, fall back to original correspondences.[0;m
[real3d]        toffees  O-AUROC 0.827  P-AUROC 0.958  P-AUPR 0.515  (50/100 anomalous)  align_fitness 1.00  pose_switch 1%  voxel 0.05

=== Mean over 6 categories ===
         o_auroc: 0.8032
         p_auroc: 0.9484
          p_aupr: 0.5916
  p_auroc_pooled: 0.9404
   p_aupr_pooled: 0.4077

[ad3d] saved: results/parts/mhr6-nn10-p99-loc10-s1-part1_real3d_20261008-112240.csv / .json / _scores.json
