[ad3d] dataset=real3d  device=cuda (Tesla T4)  classes=12
[ad3d] config: Config(data_root='/kaggle/input/datasets/smnihalahmed/real3d-ad-pcd/Real3D-AD-PCD', dataset='real3d', max_nn=40, n_scales=3, num_group=2048, group_size=128, smooth_k=12, coreset_ratio=0.1, cuts=0, cuts_diverse=False, align='none', align_voxel=0.05, align_poses=1, voxel=0.01, points_budget=100000, topk=1, device='auto', seed=0, extra={})
[real3d]       airplane  O-AUROC 0.779  P-AUROC 0.851  P-AUPR 0.214  (50/100 anomalous)
[real3d]       candybar  O-AUROC 0.902  P-AUROC 0.981  P-AUPR 0.646  (50/100 anomalous)
[real3d]            car  O-AUROC 0.501  P-AUROC 0.893  P-AUPR 0.220  (50/100 anomalous)
[real3d]        chicken  O-AUROC 0.657  P-AUROC 0.861  P-AUPR 0.255  (54/106 anomalous)
[real3d]        diamond  O-AUROC 0.981  P-AUROC 0.989  P-AUPR 0.825  (50/100 anomalous)
[real3d]           duck  O-AUROC 0.627  P-AUROC 0.959  P-AUPR 0.275  (50/100 anomalous)
[real3d]           fish  O-AUROC 0.838  P-AUROC 0.918  P-AUPR 0.475  (50/100 anomalous)
[real3d]       gemstone  O-AUROC 0.758  P-AUROC 0.964  P-AUPR 0.533  (50/100 anomalous)
[real3d]       seahorse  O-AUROC 0.581  P-AUROC 0.825  P-AUPR 0.216  (50/100 anomalous)
[real3d]          shell  O-AUROC 0.322  P-AUROC 0.865  P-AUPR 0.244  (48/100 anomalous)
[real3d]       starfish  O-AUROC 0.725  P-AUROC 0.790  P-AUPR 0.198  (50/100 anomalous)
[real3d]        toffees  O-AUROC 0.714  P-AUROC 0.874  P-AUPR 0.256  (50/100 anomalous)

=== Mean over 12 categories ===
         o_auroc: 0.6988
         p_auroc: 0.8975
          p_aupr: 0.3631
  p_auroc_pooled: 0.9142
   p_aupr_pooled: 0.2681

[ad3d] saved: results/base-nn40-s0_real3d_20261004-095810.csv / .json
