[ad3d] dataset=real3d  device=cuda (Tesla T4)  classes=12
[ad3d] config: Config(data_root='/kaggle/input/datasets/smnihalahmed/real3d-ad-pcd/Real3D-AD-PCD', dataset='real3d', max_nn=100, n_scales=3, num_group=2048, group_size=128, smooth_k=12, coreset_ratio=0.1, cuts=0, cuts_diverse=False, align='none', align_voxel=0.05, align_poses=1, voxel=0.01, points_budget=100000, topk=1, device='auto', seed=0, extra={})
[real3d]       airplane  O-AUROC 0.635  P-AUROC 0.857  P-AUPR 0.145  (50/100 anomalous)
[real3d]       candybar  O-AUROC 0.746  P-AUROC 0.964  P-AUPR 0.427  (50/100 anomalous)
[real3d]            car  O-AUROC 0.510  P-AUROC 0.867  P-AUPR 0.138  (50/100 anomalous)
[real3d]        chicken  O-AUROC 0.622  P-AUROC 0.839  P-AUPR 0.215  (54/106 anomalous)
[real3d]        diamond  O-AUROC 0.990  P-AUROC 0.991  P-AUPR 0.848  (50/100 anomalous)
[real3d]           duck  O-AUROC 0.727  P-AUROC 0.931  P-AUPR 0.183  (50/100 anomalous)
[real3d]           fish  O-AUROC 0.663  P-AUROC 0.925  P-AUPR 0.409  (50/100 anomalous)
[real3d]       gemstone  O-AUROC 0.637  P-AUROC 0.928  P-AUPR 0.516  (50/100 anomalous)
[real3d]       seahorse  O-AUROC 0.515  P-AUROC 0.803  P-AUPR 0.195  (50/100 anomalous)
[real3d]          shell  O-AUROC 0.380  P-AUROC 0.848  P-AUPR 0.190  (48/100 anomalous)
[real3d]       starfish  O-AUROC 0.605  P-AUROC 0.764  P-AUPR 0.170  (50/100 anomalous)
[real3d]        toffees  O-AUROC 0.615  P-AUROC 0.791  P-AUPR 0.093  (50/100 anomalous)

=== Mean over 12 categories ===
         o_auroc: 0.6370
         p_auroc: 0.8757
          p_aupr: 0.2940
  p_auroc_pooled: 0.8971
   p_aupr_pooled: 0.1915

[ad3d] saved: results/base-s0_real3d_20261003-134517.csv / .json
