[ad3d] dataset=real3d  device=cuda (Tesla T4)  classes=12
[ad3d] config: Config(data_root='/kaggle/input/datasets/smnihalahmed/real3d-ad-pcd/Real3D-AD-PCD', dataset='real3d', max_nn=100, n_scales=3, num_group=2048, group_size=128, smooth_k=12, coreset_ratio=0.1, cuts=4, cuts_diverse=False, align='icp', align_voxel=0.05, align_poses=6, voxel=0.01, points_budget=100000, topk=1, device='auto', seed=1, extra={})
[1;33m[Open3D WARNING] Too few correspondences (54) after mutual filter, fall back to original correspondences.[0;m
[1;33m[Open3D WARNING] Too few correspondences (50) after mutual filter, fall back to original correspondences.[0;m
[1;33m[Open3D WARNING] Too few correspondences (50) after mutual filter, fall back to original correspondences.[0;m
[1;33m[Open3D WARNING] Too few correspondences (47) after mutual filter, fall back to original correspondences.[0;m
[1;33m[Open3D WARNING] Too few correspondences (47) after mutual filter, fall back to original correspondences.[0;m
[1;33m[Open3D WARNING] Too few correspondences (44) after mutual filter, fall back to original correspondences.[0;m
[real3d]       airplane  O-AUROC 0.619  P-AUROC 0.882  P-AUPR 0.197  (50/100 anomalous)  align_fitness 0.97  pose_switch 1%  voxel 0.05
[1;33m[Open3D WARNING] Too few correspondences (25) after mutual filter, fall back to original correspondences.[0;m
[1;33m[Open3D WARNING] Too few correspondences (24) after mutual filter, fall back to original correspondences.[0;m
[1;33m[Open3D WARNING] Too few correspondences (23) after mutual filter, fall back to original correspondences.[0;m
[1;33m[Open3D WARNING] Too few correspondences (24) after mutual filter, fall back to original correspondences.[0;m
[1;33m[Open3D WARNING] Too few correspondences (18) after mutual filter, fall back to original correspondences.[0;m
[1;33m[Open3D WARNING] Too few correspondences (22) after mutual filter, fall back to original correspondences.[0;m
[1;33m[Open3D WARNING] Too few correspondences (20) after mutual filter, fall back to original correspondences.[0;m
[1;33m[Open3D WARNING] Too few correspondences (21) after mutual filter, fall back to original correspondences.[0;m
[1;33m[Open3D WARNING] Too few correspondences (21) after mutual filter, fall back to original correspondences.[0;m
[1;33m[Open3D WARNING] Too few correspondences (21) after mutual filter, fall back to original correspondences.[0;m
[1;33m[Open3D WARNING] Too few correspondences (18) after mutual filter, fall back to original correspondences.[0;m
[1;33m[Open3D WARNING] Too few correspondences (25) after mutual filter, fall back to original correspondences.[0;m
[real3d]       candybar  O-AUROC 0.735  P-AUROC 0.971  P-AUPR 0.478  (50/100 anomalous)  align_fitness 1.00  pose_switch 8%  voxel 0.05
[1;33m[Open3D WARNING] Too few correspondences (20) after mutual filter, fall back to original correspondences.[0;m
[1;33m[Open3D WARNING] Too few correspondences (16) after mutual filter, fall back to original correspondences.[0;m
[1;33m[Open3D WARNING] Too few correspondences (17) after mutual filter, fall back to original correspondences.[0;m
[1;33m[Open3D WARNING] Too few correspondences (20) after mutual filter, fall back to original correspondences.[0;m
[1;33m[Open3D WARNING] Too few correspondences (22) after mutual filter, fall back to original correspondences.[0;m
[1;33m[Open3D WARNING] Too few correspondences (22) after mutual filter, fall back to original correspondences.[0;m
[1;33m[Open3D WARNING] Too few correspondences (22) after mutual filter, fall back to original correspondences.[0;m
[1;33m[Open3D WARNING] Too few correspondences (15) after mutual filter, fall back to original correspondences.[0;m
[1;33m[Open3D WARNING] Too few correspondences (17) after mutual filter, fall back to original correspondences.[0;m
[1;33m[Open3D WARNING] Too few correspondences (20) after mutual filter, fall back to original correspondences.[0;m
[1;33m[Open3D WARNING] Too few correspondences (16) after mutual filter, fall back to original correspondences.[0;m
[1;33m[Open3D WARNING] Too few correspondences (16) after mutual filter, fall back to original correspondences.[0;m
[1;33m[Open3D WARNING] Too few correspondences (19) after mutual filter, fall back to original correspondences.[0;m
[1;33m[Open3D WARNING] Too few correspondences (19) after mutual filter, fall back to original correspondences.[0;m
[1;33m[Open3D WARNING] Too few correspondences (25) after mutual filter, fall back to original correspondences.[0;m
[1;33m[Open3D WARNING] Too few correspondences (25) after mutual filter, fall back to original correspondences.[0;m
[1;33m[Open3D WARNING] Too few correspondences (19) after mutual filter, fall back to original correspondences.[0;m
[1;33m[Open3D WARNING] Too few correspondences (19) after mutual filter, fall back to original correspondences.[0;m
[1;33m[Open3D WARNING] Too few correspondences (26) after mutual filter, fall back to original correspondences.[0;m
[1;33m[Open3D WARNING] Too few correspondences (21) after mutual filter, fall back to original correspondences.[0;m
[1;33m[Open3D WARNING] Too few correspondences (23) after mutual filter, fall back to original correspondences.[0;m
[1;33m[Open3D WARNING] Too few correspondences (23) after mutual filter, fall back to original correspondences.[0;m
[real3d]            car  O-AUROC 0.552  P-AUROC 0.907  P-AUPR 0.165  (50/100 anomalous)  align_fitness 1.00  pose_switch 0%  voxel 0.05
[1;33m[Open3D WARNING] Too few correspondences (68) after mutual filter, fall back to original correspondences.[0;m
[1;33m[Open3D WARNING] Too few correspondences (31) after mutual filter, fall back to original correspondences.[0;m
[1;33m[Open3D WARNING] Too few correspondences (31) after mutual filter, fall back to original correspondences.[0;m
[1;33m[Open3D WARNING] Too few correspondences (33) after mutual filter, fall back to original correspondences.[0;m
[1;33m[Open3D WARNING] Too few correspondences (33) after mutual filter, fall back to original correspondences.[0;m
[1;33m[Open3D WARNING] Too few correspondences (34) after mutual filter, fall back to original correspondences.[0;m
[real3d]        chicken  O-AUROC 0.637  P-AUROC 0.889  P-AUPR 0.347  (54/106 anomalous)  align_fitness 0.93  pose_switch 5%  voxel 0.05
[1;33m[Open3D WARNING] Too few correspondences (52) after mutual filter, fall back to original correspondences.[0;m
[1;33m[Open3D WARNING] Too few correspondences (49) after mutual filter, fall back to original correspondences.[0;m
[1;33m[Open3D WARNING] Too few correspondences (38) after mutual filter, fall back to original correspondences.[0;m
[1;33m[Open3D WARNING] Too few correspondences (52) after mutual filter, fall back to original correspondences.[0;m
[1;33m[Open3D WARNING] Too few correspondences (52) after mutual filter, fall back to original correspondences.[0;m
[1;33m[Open3D WARNING] Too few correspondences (41) after mutual filter, fall back to original correspondences.[0;m
[1;33m[Open3D WARNING] Too few correspondences (41) after mutual filter, fall back to original correspondences.[0;m
[1;33m[Open3D WARNING] Too few correspondences (51) after mutual filter, fall back to original correspondences.[0;m
[1;33m[Open3D WARNING] Too few correspondences (49) after mutual filter, fall back to original correspondences.[0;m
[1;33m[Open3D WARNING] Too few correspondences (46) after mutual filter, fall back to original correspondences.[0;m
[1;33m[Open3D WARNING] Too few correspondences (44) after mutual filter, fall back to original correspondences.[0;m
[1;33m[Open3D WARNING] Too few correspondences (32) after mutual filter, fall back to original correspondences.[0;m
[1;33m[Open3D WARNING] Too few correspondences (48) after mutual filter, fall back to original correspondences.[0;m
[1;33m[Open3D WARNING] Too few correspondences (45) after mutual filter, fall back to original correspondences.[0;m
[1;33m[Open3D WARNING] Too few correspondences (47) after mutual filter, fall back to original correspondences.[0;m
[1;33m[Open3D WARNING] Too few correspondences (44) after mutual filter, fall back to original correspondences.[0;m
[1;33m[Open3D WARNING] Too few correspondences (48) after mutual filter, fall back to original correspondences.[0;m
[1;33m[Open3D WARNING] Too few correspondences (44) after mutual filter, fall back to original correspondences.[0;m
[1;33m[Open3D WARNING] Too few correspondences (35) after mutual filter, fall back to original correspondences.[0;m
[1;33m[Open3D WARNING] Too few correspondences (49) after mutual filter, fall back to original correspondences.[0;m
[1;33m[Open3D WARNING] Too few correspondences (48) after mutual filter, fall back to original correspondences.[0;m
[1;33m[Open3D WARNING] Too few correspondences (47) after mutual filter, fall back to original correspondences.[0;m
[1;33m[Open3D WARNING] Too few correspondences (53) after mutual filter, fall back to original correspondences.[0;m
[1;33m[Open3D WARNING] Too few correspondences (44) after mutual filter, fall back to original correspondences.[0;m
[1;33m[Open3D WARNING] Too few correspondences (45) after mutual filter, fall back to original correspondences.[0;m
[1;33m[Open3D WARNING] Too few correspondences (51) after mutual filter, fall back to original correspondences.[0;m
[1;33m[Open3D WARNING] Too few correspondences (51) after mutual filter, fall back to original correspondences.[0;m
[1;33m[Open3D WARNING] Too few correspondences (38) after mutual filter, fall back to original correspondences.[0;m
[1;33m[Open3D WARNING] Too few correspondences (38) after mutual filter, fall back to original correspondences.[0;m
[1;33m[Open3D WARNING] Too few correspondences (46) after mutual filter, fall back to original correspondences.[0;m
[1;33m[Open3D WARNING] Too few correspondences (44) after mutual filter, fall back to original correspondences.[0;m
[1;33m[Open3D WARNING] Too few correspondences (42) after mutual filter, fall back to original correspondences.[0;m
[1;33m[Open3D WARNING] Too few correspondences (42) after mutual filter, fall back to original correspondences.[0;m
[1;33m[Open3D WARNING] Too few correspondences (40) after mutual filter, fall back to original correspondences.[0;m
[1;33m[Open3D WARNING] Too few correspondences (40) after mutual filter, fall back to original correspondences.[0;m
[1;33m[Open3D WARNING] Too few correspondences (51) after mutual filter, fall back to original correspondences.[0;m
[1;33m[Open3D WARNING] Too few correspondences (47) after mutual filter, fall back to original correspondences.[0;m
[1;33m[Open3D WARNING] Too few correspondences (42) after mutual filter, fall back to original correspondences.[0;m
[1;33m[Open3D WARNING] Too few correspondences (40) after mutual filter, fall back to original correspondences.[0;m
[1;33m[Open3D WARNING] Too few correspondences (49) after mutual filter, fall back to original correspondences.[0;m
[1;33m[Open3D WARNING] Too few correspondences (47) after mutual filter, fall back to original correspondences.[0;m
[1;33m[Open3D WARNING] Too few correspondences (40) after mutual filter, fall back to original correspondences.[0;m
[1;33m[Open3D WARNING] Too few correspondences (41) after mutual filter, fall back to original correspondences.[0;m
[real3d]        diamond  O-AUROC 0.986  P-AUROC 0.990  P-AUPR 0.837  (50/100 anomalous)  align_fitness 1.00  pose_switch 51%  voxel 0.05
[real3d]           duck  O-AUROC 0.692  P-AUROC 0.971  P-AUPR 0.410  (50/100 anomalous)  align_fitness 0.95  pose_switch 4%  voxel 0.05
[1;33m[Open3D WARNING] Too few correspondences (10) after mutual filter, fall back to original correspondences.[0;m
[1;33m[Open3D WARNING] Too few correspondences (11) after mutual filter, fall back to original correspondences.[0;m
[1;33m[Open3D WARNING] Too few correspondences (12) after mutual filter, fall back to original correspondences.[0;m
[1;33m[Open3D WARNING] Too few correspondences (12) after mutual filter, fall back to original correspondences.[0;m
[1;33m[Open3D WARNING] Too few correspondences (16) after mutual filter, fall back to original correspondences.[0;m
[1;33m[Open3D WARNING] Too few correspondences (16) after mutual filter, fall back to original correspondences.[0;m
[1;33m[Open3D WARNING] Too few correspondences (13) after mutual filter, fall back to original correspondences.[0;m
[1;33m[Open3D WARNING] Too few correspondences (13) after mutual filter, fall back to original correspondences.[0;m
[1;33m[Open3D WARNING] Too few correspondences (12) after mutual filter, fall back to original correspondences.[0;m
[1;33m[Open3D WARNING] Too few correspondences (14) after mutual filter, fall back to original correspondences.[0;m
[1;33m[Open3D WARNING] Too few correspondences (14) after mutual filter, fall back to original correspondences.[0;m
[1;33m[Open3D WARNING] Too few correspondences (16) after mutual filter, fall back to original correspondences.[0;m
[1;33m[Open3D WARNING] Too few correspondences (14) after mutual filter, fall back to original correspondences.[0;m
[1;33m[Open3D WARNING] Too few correspondences (13) after mutual filter, fall back to original correspondences.[0;m
[1;33m[Open3D WARNING] Too few correspondences (11) after mutual filter, fall back to original correspondences.[0;m
[1;33m[Open3D WARNING] Too few correspondences (13) after mutual filter, fall back to original correspondences.[0;m
[1;33m[Open3D WARNING] Too few correspondences (13) after mutual filter, fall back to original correspondences.[0;m
[1;33m[Open3D WARNING] Too few correspondences (14) after mutual filter, fall back to original correspondences.[0;m
[1;33m[Open3D WARNING] Too few correspondences (17) after mutual filter, fall back to original correspondences.[0;m
[1;33m[Open3D WARNING] Too few correspondences (18) after mutual filter, fall back to original correspondences.[0;m
[1;33m[Open3D WARNING] Too few correspondences (10) after mutual filter, fall back to original correspondences.[0;m
[1;33m[Open3D WARNING] Too few correspondences (11) after mutual filter, fall back to original correspondences.[0;m
[1;33m[Open3D WARNING] Too few correspondences (16) after mutual filter, fall back to original correspondences.[0;m
[1;33m[Open3D WARNING] Too few correspondences (17) after mutual filter, fall back to original correspondences.[0;m
[1;33m[Open3D WARNING] Too few correspondences (14) after mutual filter, fall back to original correspondences.[0;m
[1;33m[Open3D WARNING] Too few correspondences (18) after mutual filter, fall back to original correspondences.[0;m
[1;33m[Open3D WARNING] Too few correspondences (10) after mutual filter, fall back to original correspondences.[0;m
[1;33m[Open3D WARNING] Too few correspondences (12) after mutual filter, fall back to original correspondences.[0;m
[1;33m[Open3D WARNING] Too few correspondences (13) after mutual filter, fall back to original correspondences.[0;m
[1;33m[Open3D WARNING] Too few correspondences (11) after mutual filter, fall back to original correspondences.[0;m
[1;33m[Open3D WARNING] Too few correspondences (13) after mutual filter, fall back to original correspondences.[0;m
[1;33m[Open3D WARNING] Too few correspondences (13) after mutual filter, fall back to original correspondences.[0;m
[1;33m[Open3D WARNING] Too few correspondences (10) after mutual filter, fall back to original correspondences.[0;m
[1;33m[Open3D WARNING] Too few correspondences (11) after mutual filter, fall back to original correspondences.[0;m
[1;33m[Open3D WARNING] Too few correspondences (10) after mutual filter, fall back to original correspondences.[0;m
[1;33m[Open3D WARNING] Too few correspondences (10) after mutual filter, fall back to original correspondences.[0;m
[1;33m[Open3D WARNING] Too few correspondences (11) after mutual filter, fall back to original correspondences.[0;m
[1;33m[Open3D WARNING] Too few correspondences (12) after mutual filter, fall back to original correspondences.[0;m
[1;33m[Open3D WARNING] Too few correspondences (11) after mutual filter, fall back to original correspondences.[0;m
[1;33m[Open3D WARNING] Too few correspondences (12) after mutual filter, fall back to original correspondences.[0;m
[1;33m[Open3D WARNING] Too few correspondences (17) after mutual filter, fall back to original correspondences.[0;m
[1;33m[Open3D WARNING] Too few correspondences (13) after mutual filter, fall back to original correspondences.[0;m
[1;33m[Open3D WARNING] Too few correspondences (16) after mutual filter, fall back to original correspondences.[0;m
[1;33m[Open3D WARNING] Too few correspondences (16) after mutual filter, fall back to original correspondences.[0;m
[1;33m[Open3D WARNING] Too few correspondences (14) after mutual filter, fall back to original correspondences.[0;m
[1;33m[Open3D WARNING] Too few correspondences (15) after mutual filter, fall back to original correspondences.[0;m
[1;33m[Open3D WARNING] Too few correspondences (16) after mutual filter, fall back to original correspondences.[0;m
[1;33m[Open3D WARNING] Too few correspondences (16) after mutual filter, fall back to original correspondences.[0;m
[1;33m[Open3D WARNING] Too few correspondences (14) after mutual filter, fall back to original correspondences.[0;m
[1;33m[Open3D WARNING] Too few correspondences (9) after mutual filter, fall back to original correspondences.[0;m
[1;33m[Open3D WARNING] Too few correspondences (10) after mutual filter, fall back to original correspondences.[0;m
[1;33m[Open3D WARNING] Too few correspondences (12) after mutual filter, fall back to original correspondences.[0;m
[1;33m[Open3D WARNING] Too few correspondences (13) after mutual filter, fall back to original correspondences.[0;m
[1;33m[Open3D WARNING] Too few correspondences (19) after mutual filter, fall back to original correspondences.[0;m
[1;33m[Open3D WARNING] Too few correspondences (16) after mutual filter, fall back to original correspondences.[0;m
[1;33m[Open3D WARNING] Too few correspondences (13) after mutual filter, fall back to original correspondences.[0;m
[1;33m[Open3D WARNING] Too few correspondences (12) after mutual filter, fall back to original correspondences.[0;m
[1;33m[Open3D WARNING] Too few correspondences (14) after mutual filter, fall back to original correspondences.[0;m
[1;33m[Open3D WARNING] Too few correspondences (11) after mutual filter, fall back to original correspondences.[0;m
[1;33m[Open3D WARNING] Too few correspondences (12) after mutual filter, fall back to original correspondences.[0;m
[1;33m[Open3D WARNING] Too few correspondences (17) after mutual filter, fall back to original correspondences.[0;m
[1;33m[Open3D WARNING] Too few correspondences (14) after mutual filter, fall back to original correspondences.[0;m
[1;33m[Open3D WARNING] Too few correspondences (16) after mutual filter, fall back to original correspondences.[0;m
[1;33m[Open3D WARNING] Too few correspondences (12) after mutual filter, fall back to original correspondences.[0;m
[1;33m[Open3D WARNING] Too few correspondences (8) after mutual filter, fall back to original correspondences.[0;m
[1;33m[Open3D WARNING] Too few correspondences (8) after mutual filter, fall back to original correspondences.[0;m
[1;33m[Open3D WARNING] Too few correspondences (17) after mutual filter, fall back to original correspondences.[0;m
[1;33m[Open3D WARNING] Too few correspondences (11) after mutual filter, fall back to original correspondences.[0;m
[1;33m[Open3D WARNING] Too few correspondences (11) after mutual filter, fall back to original correspondences.[0;m
[1;33m[Open3D WARNING] Too few correspondences (11) after mutual filter, fall back to original correspondences.[0;m
[1;33m[Open3D WARNING] Too few correspondences (15) after mutual filter, fall back to original correspondences.[0;m
[1;33m[Open3D WARNING] Too few correspondences (16) after mutual filter, fall back to original correspondences.[0;m
[1;33m[Open3D WARNING] Too few correspondences (11) after mutual filter, fall back to original correspondences.[0;m
[1;33m[Open3D WARNING] Too few correspondences (14) after mutual filter, fall back to original correspondences.[0;m
[1;33m[Open3D WARNING] Too few correspondences (13) after mutual filter, fall back to original correspondences.[0;m
[1;33m[Open3D WARNING] Too few correspondences (11) after mutual filter, fall back to original correspondences.[0;m
[1;33m[Open3D WARNING] Too few correspondences (15) after mutual filter, fall back to original correspondences.[0;m
[1;33m[Open3D WARNING] Too few correspondences (13) after mutual filter, fall back to original correspondences.[0;m
[1;33m[Open3D WARNING] Too few correspondences (16) after mutual filter, fall back to original correspondences.[0;m
[1;33m[Open3D WARNING] Too few correspondences (16) after mutual filter, fall back to original correspondences.[0;m
[1;33m[Open3D WARNING] Too few correspondences (12) after mutual filter, fall back to original correspondences.[0;m
[1;33m[Open3D WARNING] Too few correspondences (10) after mutual filter, fall back to original correspondences.[0;m
[1;33m[Open3D WARNING] Too few correspondences (16) after mutual filter, fall back to original correspondences.[0;m
[1;33m[Open3D WARNING] Too few correspondences (16) after mutual filter, fall back to original correspondences.[0;m
[1;33m[Open3D WARNING] Too few correspondences (16) after mutual filter, fall back to original correspondences.[0;m
[1;33m[Open3D WARNING] Too few correspondences (13) after mutual filter, fall back to original correspondences.[0;m
[1;33m[Open3D WARNING] Too few correspondences (13) after mutual filter, fall back to original correspondences.[0;m
[1;33m[Open3D WARNING] Too few correspondences (13) after mutual filter, fall back to original correspondences.[0;m
[1;33m[Open3D WARNING] Too few correspondences (11) after mutual filter, fall back to original correspondences.[0;m
[1;33m[Open3D WARNING] Too few correspondences (11) after mutual filter, fall back to original correspondences.[0;m
[1;33m[Open3D WARNING] Too few correspondences (12) after mutual filter, fall back to original correspondences.[0;m
[1;33m[Open3D WARNING] Too few correspondences (12) after mutual filter, fall back to original correspondences.[0;m
[1;33m[Open3D WARNING] Too few correspondences (10) after mutual filter, fall back to original correspondences.[0;m
[1;33m[Open3D WARNING] Too few correspondences (12) after mutual filter, fall back to original correspondences.[0;m
[1;33m[Open3D WARNING] Too few correspondences (15) after mutual filter, fall back to original correspondences.[0;m
[1;33m[Open3D WARNING] Too few correspondences (16) after mutual filter, fall back to original correspondences.[0;m
[1;33m[Open3D WARNING] Too few correspondences (14) after mutual filter, fall back to original correspondences.[0;m
[1;33m[Open3D WARNING] Too few correspondences (13) after mutual filter, fall back to original correspondences.[0;m
[1;33m[Open3D WARNING] Too few correspondences (11) after mutual filter, fall back to original correspondences.[0;m
[1;33m[Open3D WARNING] Too few correspondences (10) after mutual filter, fall back to original correspondences.[0;m
[real3d]           fish  O-AUROC 0.702  P-AUROC 0.925  P-AUPR 0.401  (50/100 anomalous)  align_fitness 1.00  pose_switch 0%  voxel 0.05
[real3d]       gemstone  O-AUROC 0.725  P-AUROC 0.984  P-AUPR 0.641  (50/100 anomalous)  align_fitness 0.90  pose_switch 8%  voxel 0.05
[1;33m[Open3D WARNING] Too few correspondences (4) after mutual filter, fall back to original correspondences.[0;m
[1;33m[Open3D WARNING] Too few correspondences (4) after mutual filter, fall back to original correspondences.[0;m
[1;33m[Open3D WARNING] Too few correspondences (6) after mutual filter, fall back to original correspondences.[0;m
[1;33m[Open3D WARNING] Too few correspondences (6) after mutual filter, fall back to original correspondences.[0;m
[1;33m[Open3D WARNING] Too few correspondences (7) after mutual filter, fall back to original correspondences.[0;m
[1;33m[Open3D WARNING] Too few correspondences (7) after mutual filter, fall back to original correspondences.[0;m
[1;33m[Open3D WARNING] Too few correspondences (5) after mutual filter, fall back to original correspondences.[0;m
[1;33m[Open3D WARNING] Too few correspondences (5) after mutual filter, fall back to original correspondences.[0;m
[1;33m[Open3D WARNING] Too few correspondences (10) after mutual filter, fall back to original correspondences.[0;m
[1;33m[Open3D WARNING] Too few correspondences (8) after mutual filter, fall back to original correspondences.[0;m
[1;33m[Open3D WARNING] Too few correspondences (4) after mutual filter, fall back to original correspondences.[0;m
[1;33m[Open3D WARNING] Too few correspondences (6) after mutual filter, fall back to original correspondences.[0;m
[1;33m[Open3D WARNING] Too few correspondences (6) after mutual filter, fall back to original correspondences.[0;m
[1;33m[Open3D WARNING] Too few correspondences (6) after mutual filter, fall back to original correspondences.[0;m
[1;33m[Open3D WARNING] Too few correspondences (3) after mutual filter, fall back to original correspondences.[0;m
[1;33m[Open3D WARNING] Too few correspondences (5) after mutual filter, fall back to original correspondences.[0;m
[1;33m[Open3D WARNING] Too few correspondences (6) after mutual filter, fall back to original correspondences.[0;m
[1;33m[Open3D WARNING] Too few correspondences (6) after mutual filter, fall back to original correspondences.[0;m
[1;33m[Open3D WARNING] Too few correspondences (4) after mutual filter, fall back to original correspondences.[0;m
[1;33m[Open3D WARNING] Too few correspondences (6) after mutual filter, fall back to original correspondences.[0;m
[1;33m[Open3D WARNING] Too few correspondences (7) after mutual filter, fall back to original correspondences.[0;m
[1;33m[Open3D WARNING] Too few correspondences (6) after mutual filter, fall back to original correspondences.[0;m
[1;33m[Open3D WARNING] Too few correspondences (7) after mutual filter, fall back to original correspondences.[0;m
[1;33m[Open3D WARNING] Too few correspondences (5) after mutual filter, fall back to original correspondences.[0;m
[1;33m[Open3D WARNING] Too few correspondences (6) after mutual filter, fall back to original correspondences.[0;m
[1;33m[Open3D WARNING] Too few correspondences (5) after mutual filter, fall back to original correspondences.[0;m
[1;33m[Open3D WARNING] Too few correspondences (8) after mutual filter, fall back to original correspondences.[0;m
[1;33m[Open3D WARNING] Too few correspondences (8) after mutual filter, fall back to original correspondences.[0;m
[1;33m[Open3D WARNING] Too few correspondences (4) after mutual filter, fall back to original correspondences.[0;m
[1;33m[Open3D WARNING] Too few correspondences (4) after mutual filter, fall back to original correspondences.[0;m
[1;33m[Open3D WARNING] Too few correspondences (5) after mutual filter, fall back to original correspondences.[0;m
[1;33m[Open3D WARNING] Too few correspondences (5) after mutual filter, fall back to original correspondences.[0;m
[1;33m[Open3D WARNING] Too few correspondences (5) after mutual filter, fall back to original correspondences.[0;m
[1;33m[Open3D WARNING] Too few correspondences (5) after mutual filter, fall back to original correspondences.[0;m
[1;33m[Open3D WARNING] Too few correspondences (5) after mutual filter, fall back to original correspondences.[0;m
[1;33m[Open3D WARNING] Too few correspondences (6) after mutual filter, fall back to original correspondences.[0;m
[1;33m[Open3D WARNING] Too few correspondences (5) after mutual filter, fall back to original correspondences.[0;m
[1;33m[Open3D WARNING] Too few correspondences (4) after mutual filter, fall back to original correspondences.[0;m
[1;33m[Open3D WARNING] Too few correspondences (8) after mutual filter, fall back to original correspondences.[0;m
[1;33m[Open3D WARNING] Too few correspondences (9) after mutual filter, fall back to original correspondences.[0;m
[1;33m[Open3D WARNING] Too few correspondences (3) after mutual filter, fall back to original correspondences.[0;m
[1;33m[Open3D WARNING] Too few correspondences (2) after mutual filter, fall back to original correspondences.[0;m
[1;33m[Open3D WARNING] Too few correspondences (4) after mutual filter, fall back to original correspondences.[0;m
[1;33m[Open3D WARNING] Too few correspondences (4) after mutual filter, fall back to original correspondences.[0;m
[1;33m[Open3D WARNING] Too few correspondences (7) after mutual filter, fall back to original correspondences.[0;m
[1;33m[Open3D WARNING] Too few correspondences (8) after mutual filter, fall back to original correspondences.[0;m
[1;33m[Open3D WARNING] Too few correspondences (7) after mutual filter, fall back to original correspondences.[0;m
[1;33m[Open3D WARNING] Too few correspondences (6) after mutual filter, fall back to original correspondences.[0;m
[1;33m[Open3D WARNING] Too few correspondences (5) after mutual filter, fall back to original correspondences.[0;m
[1;33m[Open3D WARNING] Too few correspondences (5) after mutual filter, fall back to original correspondences.[0;m
[1;33m[Open3D WARNING] Too few correspondences (6) after mutual filter, fall back to original correspondences.[0;m
[1;33m[Open3D WARNING] Too few correspondences (4) after mutual filter, fall back to original correspondences.[0;m
[1;33m[Open3D WARNING] Too few correspondences (6) after mutual filter, fall back to original correspondences.[0;m
[1;33m[Open3D WARNING] Too few correspondences (7) after mutual filter, fall back to original correspondences.[0;m
[1;33m[Open3D WARNING] Too few correspondences (4) after mutual filter, fall back to original correspondences.[0;m
[1;33m[Open3D WARNING] Too few correspondences (5) after mutual filter, fall back to original correspondences.[0;m
[1;33m[Open3D WARNING] Too few correspondences (4) after mutual filter, fall back to original correspondences.[0;m
[1;33m[Open3D WARNING] Too few correspondences (4) after mutual filter, fall back to original correspondences.[0;m
[1;33m[Open3D WARNING] Too few correspondences (6) after mutual filter, fall back to original correspondences.[0;m
[1;33m[Open3D WARNING] Too few correspondences (9) after mutual filter, fall back to original correspondences.[0;m
[1;33m[Open3D WARNING] Too few correspondences (8) after mutual filter, fall back to original correspondences.[0;m
[1;33m[Open3D WARNING] Too few correspondences (5) after mutual filter, fall back to original correspondences.[0;m
[1;33m[Open3D WARNING] Too few correspondences (7) after mutual filter, fall back to original correspondences.[0;m
[1;33m[Open3D WARNING] Too few correspondences (7) after mutual filter, fall back to original correspondences.[0;m
[1;33m[Open3D WARNING] Too few correspondences (5) after mutual filter, fall back to original correspondences.[0;m
[1;33m[Open3D WARNING] Too few correspondences (5) after mutual filter, fall back to original correspondences.[0;m
[1;33m[Open3D WARNING] Too few correspondences (8) after mutual filter, fall back to original correspondences.[0;m
[1;33m[Open3D WARNING] Too few correspondences (8) after mutual filter, fall back to original correspondences.[0;m
[1;33m[Open3D WARNING] Too few correspondences (6) after mutual filter, fall back to original correspondences.[0;m
[1;33m[Open3D WARNING] Too few correspondences (8) after mutual filter, fall back to original correspondences.[0;m
[1;33m[Open3D WARNING] Too few correspondences (4) after mutual filter, fall back to original correspondences.[0;m
[1;33m[Open3D WARNING] Too few correspondences (5) after mutual filter, fall back to original correspondences.[0;m
[1;33m[Open3D WARNING] Too few correspondences (11) after mutual filter, fall back to original correspondences.[0;m
[1;33m[Open3D WARNING] Too few correspondences (7) after mutual filter, fall back to original correspondences.[0;m
[1;33m[Open3D WARNING] Too few correspondences (7) after mutual filter, fall back to original correspondences.[0;m
[1;33m[Open3D WARNING] Too few correspondences (6) after mutual filter, fall back to original correspondences.[0;m
[1;33m[Open3D WARNING] Too few correspondences (7) after mutual filter, fall back to original correspondences.[0;m
[1;33m[Open3D WARNING] Too few correspondences (4) after mutual filter, fall back to original correspondences.[0;m
[1;33m[Open3D WARNING] Too few correspondences (7) after mutual filter, fall back to original correspondences.[0;m
[1;33m[Open3D WARNING] Too few correspondences (4) after mutual filter, fall back to original correspondences.[0;m
[1;33m[Open3D WARNING] Too few correspondences (5) after mutual filter, fall back to original correspondences.[0;m
[1;33m[Open3D WARNING] Too few correspondences (3) after mutual filter, fall back to original correspondences.[0;m
[1;33m[Open3D WARNING] Too few correspondences (9) after mutual filter, fall back to original correspondences.[0;m
[1;33m[Open3D WARNING] Too few correspondences (8) after mutual filter, fall back to original correspondences.[0;m
[1;33m[Open3D WARNING] Too few correspondences (3) after mutual filter, fall back to original correspondences.[0;m
[1;33m[Open3D WARNING] Too few correspondences (4) after mutual filter, fall back to original correspondences.[0;m
[1;33m[Open3D WARNING] Too few correspondences (7) after mutual filter, fall back to original correspondences.[0;m
[1;33m[Open3D WARNING] Too few correspondences (6) after mutual filter, fall back to original correspondences.[0;m
[1;33m[Open3D WARNING] Too few correspondences (4) after mutual filter, fall back to original correspondences.[0;m
[1;33m[Open3D WARNING] Too few correspondences (4) after mutual filter, fall back to original correspondences.[0;m
[1;33m[Open3D WARNING] Too few correspondences (12) after mutual filter, fall back to original correspondences.[0;m
[1;33m[Open3D WARNING] Too few correspondences (11) after mutual filter, fall back to original correspondences.[0;m
[1;33m[Open3D WARNING] Too few correspondences (4) after mutual filter, fall back to original correspondences.[0;m
[1;33m[Open3D WARNING] Too few correspondences (4) after mutual filter, fall back to original correspondences.[0;m
[1;33m[Open3D WARNING] Too few correspondences (4) after mutual filter, fall back to original correspondences.[0;m
[1;33m[Open3D WARNING] Too few correspondences (5) after mutual filter, fall back to original correspondences.[0;m
[1;33m[Open3D WARNING] Too few correspondences (6) after mutual filter, fall back to original correspondences.[0;m
[1;33m[Open3D WARNING] Too few correspondences (6) after mutual filter, fall back to original correspondences.[0;m
[1;33m[Open3D WARNING] Too few correspondences (3) after mutual filter, fall back to original correspondences.[0;m
[1;33m[Open3D WARNING] Too few correspondences (4) after mutual filter, fall back to original correspondences.[0;m
[real3d]       seahorse  O-AUROC 0.626  P-AUROC 0.793  P-AUPR 0.194  (50/100 anomalous)  align_fitness 0.98  pose_switch 0%  voxel 0.05
[1;33m[Open3D WARNING] Too few correspondences (11) after mutual filter, fall back to original correspondences.[0;m
[1;33m[Open3D WARNING] Too few correspondences (7) after mutual filter, fall back to original correspondences.[0;m
[1;33m[Open3D WARNING] Too few correspondences (9) after mutual filter, fall back to original correspondences.[0;m
[1;33m[Open3D WARNING] Too few correspondences (8) after mutual filter, fall back to original correspondences.[0;m
[1;33m[Open3D WARNING] Too few correspondences (8) after mutual filter, fall back to original correspondences.[0;m
[1;33m[Open3D WARNING] Too few correspondences (8) after mutual filter, fall back to original correspondences.[0;m
[1;33m[Open3D WARNING] Too few correspondences (25) after mutual filter, fall back to original correspondences.[0;m
[1;33m[Open3D WARNING] Too few correspondences (26) after mutual filter, fall back to original correspondences.[0;m
[1;33m[Open3D WARNING] Too few correspondences (24) after mutual filter, fall back to original correspondences.[0;m
[1;33m[Open3D WARNING] Too few correspondences (21) after mutual filter, fall back to original correspondences.[0;m
[1;33m[Open3D WARNING] Too few correspondences (12) after mutual filter, fall back to original correspondences.[0;m
[1;33m[Open3D WARNING] Too few correspondences (12) after mutual filter, fall back to original correspondences.[0;m
[1;33m[Open3D WARNING] Too few correspondences (8) after mutual filter, fall back to original correspondences.[0;m
[1;33m[Open3D WARNING] Too few correspondences (8) after mutual filter, fall back to original correspondences.[0;m
[1;33m[Open3D WARNING] Too few correspondences (28) after mutual filter, fall back to original correspondences.[0;m
[1;33m[Open3D WARNING] Too few correspondences (23) after mutual filter, fall back to original correspondences.[0;m
[1;33m[Open3D WARNING] Too few correspondences (28) after mutual filter, fall back to original correspondences.[0;m
[1;33m[Open3D WARNING] Too few correspondences (28) after mutual filter, fall back to original correspondences.[0;m
[1;33m[Open3D WARNING] Too few correspondences (22) after mutual filter, fall back to original correspondences.[0;m
[1;33m[Open3D WARNING] Too few correspondences (25) after mutual filter, fall back to original correspondences.[0;m
[1;33m[Open3D WARNING] Too few correspondences (15) after mutual filter, fall back to original correspondences.[0;m
[1;33m[Open3D WARNING] Too few correspondences (9) after mutual filter, fall back to original correspondences.[0;m
[1;33m[Open3D WARNING] Too few correspondences (28) after mutual filter, fall back to original correspondences.[0;m
[1;33m[Open3D WARNING] Too few correspondences (20) after mutual filter, fall back to original correspondences.[0;m
[1;33m[Open3D WARNING] Too few correspondences (22) after mutual filter, fall back to original correspondences.[0;m
[1;33m[Open3D WARNING] Too few correspondences (24) after mutual filter, fall back to original correspondences.[0;m
[1;33m[Open3D WARNING] Too few correspondences (26) after mutual filter, fall back to original correspondences.[0;m
[1;33m[Open3D WARNING] Too few correspondences (26) after mutual filter, fall back to original correspondences.[0;m
[1;33m[Open3D WARNING] Too few correspondences (9) after mutual filter, fall back to original correspondences.[0;m
[1;33m[Open3D WARNING] Too few correspondences (8) after mutual filter, fall back to original correspondences.[0;m
[1;33m[Open3D WARNING] Too few correspondences (24) after mutual filter, fall back to original correspondences.[0;m
[1;33m[Open3D WARNING] Too few correspondences (26) after mutual filter, fall back to original correspondences.[0;m
[1;33m[Open3D WARNING] Too few correspondences (26) after mutual filter, fall back to original correspondences.[0;m
[1;33m[Open3D WARNING] Too few correspondences (21) after mutual filter, fall back to original correspondences.[0;m
[1;33m[Open3D WARNING] Too few correspondences (11) after mutual filter, fall back to original correspondences.[0;m
[1;33m[Open3D WARNING] Too few correspondences (10) after mutual filter, fall back to original correspondences.[0;m
[1;33m[Open3D WARNING] Too few correspondences (29) after mutual filter, fall back to original correspondences.[0;m
[1;33m[Open3D WARNING] Too few correspondences (24) after mutual filter, fall back to original correspondences.[0;m
[1;33m[Open3D WARNING] Too few correspondences (12) after mutual filter, fall back to original correspondences.[0;m
[1;33m[Open3D WARNING] Too few correspondences (9) after mutual filter, fall back to original correspondences.[0;m
[1;33m[Open3D WARNING] Too few correspondences (24) after mutual filter, fall back to original correspondences.[0;m
[1;33m[Open3D WARNING] Too few correspondences (25) after mutual filter, fall back to original correspondences.[0;m
[1;33m[Open3D WARNING] Too few correspondences (19) after mutual filter, fall back to original correspondences.[0;m
[1;33m[Open3D WARNING] Too few correspondences (19) after mutual filter, fall back to original correspondences.[0;m
[1;33m[Open3D WARNING] Too few correspondences (20) after mutual filter, fall back to original correspondences.[0;m
[1;33m[Open3D WARNING] Too few correspondences (22) after mutual filter, fall back to original correspondences.[0;m
[1;33m[Open3D WARNING] Too few correspondences (26) after mutual filter, fall back to original correspondences.[0;m
[1;33m[Open3D WARNING] Too few correspondences (18) after mutual filter, fall back to original correspondences.[0;m
[1;33m[Open3D WARNING] Too few correspondences (9) after mutual filter, fall back to original correspondences.[0;m
[1;33m[Open3D WARNING] Too few correspondences (9) after mutual filter, fall back to original correspondences.[0;m
[1;33m[Open3D WARNING] Too few correspondences (6) after mutual filter, fall back to original correspondences.[0;m
[1;33m[Open3D WARNING] Too few correspondences (7) after mutual filter, fall back to original correspondences.[0;m
[1;33m[Open3D WARNING] Too few correspondences (16) after mutual filter, fall back to original correspondences.[0;m
[1;33m[Open3D WARNING] Too few correspondences (17) after mutual filter, fall back to original correspondences.[0;m
[1;33m[Open3D WARNING] Too few correspondences (10) after mutual filter, fall back to original correspondences.[0;m
[1;33m[Open3D WARNING] Too few correspondences (10) after mutual filter, fall back to original correspondences.[0;m
[1;33m[Open3D WARNING] Too few correspondences (21) after mutual filter, fall back to original correspondences.[0;m
[1;33m[Open3D WARNING] Too few correspondences (22) after mutual filter, fall back to original correspondences.[0;m
[1;33m[Open3D WARNING] Too few correspondences (12) after mutual filter, fall back to original correspondences.[0;m
[1;33m[Open3D WARNING] Too few correspondences (10) after mutual filter, fall back to original correspondences.[0;m
[1;33m[Open3D WARNING] Too few correspondences (24) after mutual filter, fall back to original correspondences.[0;m
[1;33m[Open3D WARNING] Too few correspondences (26) after mutual filter, fall back to original correspondences.[0;m
[1;33m[Open3D WARNING] Too few correspondences (12) after mutual filter, fall back to original correspondences.[0;m
[1;33m[Open3D WARNING] Too few correspondences (12) after mutual filter, fall back to original correspondences.[0;m
[1;33m[Open3D WARNING] Too few correspondences (10) after mutual filter, fall back to original correspondences.[0;m
[1;33m[Open3D WARNING] Too few correspondences (7) after mutual filter, fall back to original correspondences.[0;m
[1;33m[Open3D WARNING] Too few correspondences (11) after mutual filter, fall back to original correspondences.[0;m
[1;33m[Open3D WARNING] Too few correspondences (11) after mutual filter, fall back to original correspondences.[0;m
[1;33m[Open3D WARNING] Too few correspondences (11) after mutual filter, fall back to original correspondences.[0;m
[1;33m[Open3D WARNING] Too few correspondences (11) after mutual filter, fall back to original correspondences.[0;m
[1;33m[Open3D WARNING] Too few correspondences (31) after mutual filter, fall back to original correspondences.[0;m
[1;33m[Open3D WARNING] Too few correspondences (30) after mutual filter, fall back to original correspondences.[0;m
[1;33m[Open3D WARNING] Too few correspondences (25) after mutual filter, fall back to original correspondences.[0;m
[1;33m[Open3D WARNING] Too few correspondences (21) after mutual filter, fall back to original correspondences.[0;m
[1;33m[Open3D WARNING] Too few correspondences (9) after mutual filter, fall back to original correspondences.[0;m
[1;33m[Open3D WARNING] Too few correspondences (9) after mutual filter, fall back to original correspondences.[0;m
[1;33m[Open3D WARNING] Too few correspondences (24) after mutual filter, fall back to original correspondences.[0;m
[1;33m[Open3D WARNING] Too few correspondences (28) after mutual filter, fall back to original correspondences.[0;m
[1;33m[Open3D WARNING] Too few correspondences (26) after mutual filter, fall back to original correspondences.[0;m
[1;33m[Open3D WARNING] Too few correspondences (18) after mutual filter, fall back to original correspondences.[0;m
[1;33m[Open3D WARNING] Too few correspondences (9) after mutual filter, fall back to original correspondences.[0;m
[1;33m[Open3D WARNING] Too few correspondences (9) after mutual filter, fall back to original correspondences.[0;m
[1;33m[Open3D WARNING] Too few correspondences (28) after mutual filter, fall back to original correspondences.[0;m
[1;33m[Open3D WARNING] Too few correspondences (27) after mutual filter, fall back to original correspondences.[0;m
[1;33m[Open3D WARNING] Too few correspondences (25) after mutual filter, fall back to original correspondences.[0;m
[1;33m[Open3D WARNING] Too few correspondences (24) after mutual filter, fall back to original correspondences.[0;m
[1;33m[Open3D WARNING] Too few correspondences (18) after mutual filter, fall back to original correspondences.[0;m
[1;33m[Open3D WARNING] Too few correspondences (18) after mutual filter, fall back to original correspondences.[0;m
[1;33m[Open3D WARNING] Too few correspondences (10) after mutual filter, fall back to original correspondences.[0;m
[1;33m[Open3D WARNING] Too few correspondences (11) after mutual filter, fall back to original correspondences.[0;m
[1;33m[Open3D WARNING] Too few correspondences (8) after mutual filter, fall back to original correspondences.[0;m
[1;33m[Open3D WARNING] Too few correspondences (7) after mutual filter, fall back to original correspondences.[0;m
[1;33m[Open3D WARNING] Too few correspondences (11) after mutual filter, fall back to original correspondences.[0;m
[1;33m[Open3D WARNING] Too few correspondences (6) after mutual filter, fall back to original correspondences.[0;m
[1;33m[Open3D WARNING] Too few correspondences (25) after mutual filter, fall back to original correspondences.[0;m
[1;33m[Open3D WARNING] Too few correspondences (17) after mutual filter, fall back to original correspondences.[0;m
[1;33m[Open3D WARNING] Too few correspondences (8) after mutual filter, fall back to original correspondences.[0;m
[1;33m[Open3D WARNING] Too few correspondences (6) after mutual filter, fall back to original correspondences.[0;m
[1;33m[Open3D WARNING] Too few correspondences (9) after mutual filter, fall back to original correspondences.[0;m
[1;33m[Open3D WARNING] Too few correspondences (12) after mutual filter, fall back to original correspondences.[0;m
[real3d]          shell  O-AUROC 0.448  P-AUROC 0.953  P-AUPR 0.332  (48/100 anomalous)  align_fitness 0.89  pose_switch 15%  voxel 0.05
[1;33m[Open3D WARNING] Too few correspondences (8) after mutual filter, fall back to original correspondences.[0;m
[1;33m[Open3D WARNING] Too few correspondences (10) after mutual filter, fall back to original correspondences.[0;m
[1;33m[Open3D WARNING] Too few correspondences (7) after mutual filter, fall back to original correspondences.[0;m
[1;33m[Open3D WARNING] Too few correspondences (7) after mutual filter, fall back to original correspondences.[0;m
[1;33m[Open3D WARNING] Too few correspondences (10) after mutual filter, fall back to original correspondences.[0;m
[1;33m[Open3D WARNING] Too few correspondences (11) after mutual filter, fall back to original correspondences.[0;m
[1;33m[Open3D WARNING] Too few correspondences (13) after mutual filter, fall back to original correspondences.[0;m
[1;33m[Open3D WARNING] Too few correspondences (13) after mutual filter, fall back to original correspondences.[0;m
[1;33m[Open3D WARNING] Too few correspondences (12) after mutual filter, fall back to original correspondences.[0;m
[1;33m[Open3D WARNING] Too few correspondences (9) after mutual filter, fall back to original correspondences.[0;m
[1;33m[Open3D WARNING] Too few correspondences (11) after mutual filter, fall back to original correspondences.[0;m
[1;33m[Open3D WARNING] Too few correspondences (11) after mutual filter, fall back to original correspondences.[0;m
[1;33m[Open3D WARNING] Too few correspondences (11) after mutual filter, fall back to original correspondences.[0;m
[1;33m[Open3D WARNING] Too few correspondences (9) after mutual filter, fall back to original correspondences.[0;m
[1;33m[Open3D WARNING] Too few correspondences (12) after mutual filter, fall back to original correspondences.[0;m
[1;33m[Open3D WARNING] Too few correspondences (13) after mutual filter, fall back to original correspondences.[0;m
[1;33m[Open3D WARNING] Too few correspondences (9) after mutual filter, fall back to original correspondences.[0;m
[1;33m[Open3D WARNING] Too few correspondences (10) after mutual filter, fall back to original correspondences.[0;m
[1;33m[Open3D WARNING] Too few correspondences (17) after mutual filter, fall back to original correspondences.[0;m
[1;33m[Open3D WARNING] Too few correspondences (18) after mutual filter, fall back to original correspondences.[0;m
[1;33m[Open3D WARNING] Too few correspondences (9) after mutual filter, fall back to original correspondences.[0;m
[1;33m[Open3D WARNING] Too few correspondences (10) after mutual filter, fall back to original correspondences.[0;m
[1;33m[Open3D WARNING] Too few correspondences (13) after mutual filter, fall back to original correspondences.[0;m
[1;33m[Open3D WARNING] Too few correspondences (15) after mutual filter, fall back to original correspondences.[0;m
[1;33m[Open3D WARNING] Too few correspondences (12) after mutual filter, fall back to original correspondences.[0;m
[1;33m[Open3D WARNING] Too few correspondences (11) after mutual filter, fall back to original correspondences.[0;m
[1;33m[Open3D WARNING] Too few correspondences (13) after mutual filter, fall back to original correspondences.[0;m
[1;33m[Open3D WARNING] Too few correspondences (8) after mutual filter, fall back to original correspondences.[0;m
[1;33m[Open3D WARNING] Too few correspondences (10) after mutual filter, fall back to original correspondences.[0;m
[1;33m[Open3D WARNING] Too few correspondences (10) after mutual filter, fall back to original correspondences.[0;m
[1;33m[Open3D WARNING] Too few correspondences (15) after mutual filter, fall back to original correspondences.[0;m
[1;33m[Open3D WARNING] Too few correspondences (16) after mutual filter, fall back to original correspondences.[0;m
[1;33m[Open3D WARNING] Too few correspondences (9) after mutual filter, fall back to original correspondences.[0;m
[1;33m[Open3D WARNING] Too few correspondences (10) after mutual filter, fall back to original correspondences.[0;m
[1;33m[Open3D WARNING] Too few correspondences (11) after mutual filter, fall back to original correspondences.[0;m
[1;33m[Open3D WARNING] Too few correspondences (9) after mutual filter, fall back to original correspondences.[0;m
[1;33m[Open3D WARNING] Too few correspondences (8) after mutual filter, fall back to original correspondences.[0;m
[1;33m[Open3D WARNING] Too few correspondences (12) after mutual filter, fall back to original correspondences.[0;m
[1;33m[Open3D WARNING] Too few correspondences (12) after mutual filter, fall back to original correspondences.[0;m
[1;33m[Open3D WARNING] Too few correspondences (13) after mutual filter, fall back to original correspondences.[0;m
[1;33m[Open3D WARNING] Too few correspondences (8) after mutual filter, fall back to original correspondences.[0;m
[1;33m[Open3D WARNING] Too few correspondences (10) after mutual filter, fall back to original correspondences.[0;m
[1;33m[Open3D WARNING] Too few correspondences (10) after mutual filter, fall back to original correspondences.[0;m
[1;33m[Open3D WARNING] Too few correspondences (10) after mutual filter, fall back to original correspondences.[0;m
[1;33m[Open3D WARNING] Too few correspondences (9) after mutual filter, fall back to original correspondences.[0;m
[1;33m[Open3D WARNING] Too few correspondences (9) after mutual filter, fall back to original correspondences.[0;m
[1;33m[Open3D WARNING] Too few correspondences (12) after mutual filter, fall back to original correspondences.[0;m
[1;33m[Open3D WARNING] Too few correspondences (13) after mutual filter, fall back to original correspondences.[0;m
[1;33m[Open3D WARNING] Too few correspondences (11) after mutual filter, fall back to original correspondences.[0;m
[1;33m[Open3D WARNING] Too few correspondences (10) after mutual filter, fall back to original correspondences.[0;m
[1;33m[Open3D WARNING] Too few correspondences (9) after mutual filter, fall back to original correspondences.[0;m
[1;33m[Open3D WARNING] Too few correspondences (10) after mutual filter, fall back to original correspondences.[0;m
[1;33m[Open3D WARNING] Too few correspondences (18) after mutual filter, fall back to original correspondences.[0;m
[1;33m[Open3D WARNING] Too few correspondences (17) after mutual filter, fall back to original correspondences.[0;m
[1;33m[Open3D WARNING] Too few correspondences (14) after mutual filter, fall back to original correspondences.[0;m
[1;33m[Open3D WARNING] Too few correspondences (14) after mutual filter, fall back to original correspondences.[0;m
[1;33m[Open3D WARNING] Too few correspondences (16) after mutual filter, fall back to original correspondences.[0;m
[1;33m[Open3D WARNING] Too few correspondences (13) after mutual filter, fall back to original correspondences.[0;m
[1;33m[Open3D WARNING] Too few correspondences (13) after mutual filter, fall back to original correspondences.[0;m
[1;33m[Open3D WARNING] Too few correspondences (10) after mutual filter, fall back to original correspondences.[0;m
[1;33m[Open3D WARNING] Too few correspondences (13) after mutual filter, fall back to original correspondences.[0;m
[1;33m[Open3D WARNING] Too few correspondences (12) after mutual filter, fall back to original correspondences.[0;m
[1;33m[Open3D WARNING] Too few correspondences (7) after mutual filter, fall back to original correspondences.[0;m
[1;33m[Open3D WARNING] Too few correspondences (7) after mutual filter, fall back to original correspondences.[0;m
[1;33m[Open3D WARNING] Too few correspondences (7) after mutual filter, fall back to original correspondences.[0;m
[1;33m[Open3D WARNING] Too few correspondences (7) after mutual filter, fall back to original correspondences.[0;m
[1;33m[Open3D WARNING] Too few correspondences (10) after mutual filter, fall back to original correspondences.[0;m
[1;33m[Open3D WARNING] Too few correspondences (10) after mutual filter, fall back to original correspondences.[0;m
[1;33m[Open3D WARNING] Too few correspondences (18) after mutual filter, fall back to original correspondences.[0;m
[1;33m[Open3D WARNING] Too few correspondences (18) after mutual filter, fall back to original correspondences.[0;m
[1;33m[Open3D WARNING] Too few correspondences (22) after mutual filter, fall back to original correspondences.[0;m
[1;33m[Open3D WARNING] Too few correspondences (16) after mutual filter, fall back to original correspondences.[0;m
[1;33m[Open3D WARNING] Too few correspondences (16) after mutual filter, fall back to original correspondences.[0;m
[1;33m[Open3D WARNING] Too few correspondences (15) after mutual filter, fall back to original correspondences.[0;m
[1;33m[Open3D WARNING] Too few correspondences (12) after mutual filter, fall back to original correspondences.[0;m
[1;33m[Open3D WARNING] Too few correspondences (12) after mutual filter, fall back to original correspondences.[0;m
[1;33m[Open3D WARNING] Too few correspondences (12) after mutual filter, fall back to original correspondences.[0;m
[1;33m[Open3D WARNING] Too few correspondences (8) after mutual filter, fall back to original correspondences.[0;m
[1;33m[Open3D WARNING] Too few correspondences (5) after mutual filter, fall back to original correspondences.[0;m
[1;33m[Open3D WARNING] Too few correspondences (11) after mutual filter, fall back to original correspondences.[0;m
[1;33m[Open3D WARNING] Too few correspondences (11) after mutual filter, fall back to original correspondences.[0;m
[1;33m[Open3D WARNING] Too few correspondences (7) after mutual filter, fall back to original correspondences.[0;m
[1;33m[Open3D WARNING] Too few correspondences (8) after mutual filter, fall back to original correspondences.[0;m
[1;33m[Open3D WARNING] Too few correspondences (11) after mutual filter, fall back to original correspondences.[0;m
[1;33m[Open3D WARNING] Too few correspondences (11) after mutual filter, fall back to original correspondences.[0;m
[1;33m[Open3D WARNING] Too few correspondences (12) after mutual filter, fall back to original correspondences.[0;m
[1;33m[Open3D WARNING] Too few correspondences (12) after mutual filter, fall back to original correspondences.[0;m
[1;33m[Open3D WARNING] Too few correspondences (10) after mutual filter, fall back to original correspondences.[0;m
[1;33m[Open3D WARNING] Too few correspondences (10) after mutual filter, fall back to original correspondences.[0;m
[1;33m[Open3D WARNING] Too few correspondences (12) after mutual filter, fall back to original correspondences.[0;m
[1;33m[Open3D WARNING] Too few correspondences (13) after mutual filter, fall back to original correspondences.[0;m
[1;33m[Open3D WARNING] Too few correspondences (16) after mutual filter, fall back to original correspondences.[0;m
[1;33m[Open3D WARNING] Too few correspondences (16) after mutual filter, fall back to original correspondences.[0;m
[1;33m[Open3D WARNING] Too few correspondences (18) after mutual filter, fall back to original correspondences.[0;m
[1;33m[Open3D WARNING] Too few correspondences (14) after mutual filter, fall back to original correspondences.[0;m
[real3d]       starfish  O-AUROC 0.680  P-AUROC 0.824  P-AUPR 0.194  (50/100 anomalous)  align_fitness 0.99  pose_switch 12%  voxel 0.05
[1;33m[Open3D WARNING] Too few correspondences (10) after mutual filter, fall back to original correspondences.[0;m
[1;33m[Open3D WARNING] Too few correspondences (10) after mutual filter, fall back to original correspondences.[0;m
[1;33m[Open3D WARNING] Too few correspondences (7) after mutual filter, fall back to original correspondences.[0;m
[1;33m[Open3D WARNING] Too few correspondences (7) after mutual filter, fall back to original correspondences.[0;m
[1;33m[Open3D WARNING] Too few correspondences (9) after mutual filter, fall back to original correspondences.[0;m
[1;33m[Open3D WARNING] Too few correspondences (9) after mutual filter, fall back to original correspondences.[0;m
[1;33m[Open3D WARNING] Too few correspondences (10) after mutual filter, fall back to original correspondences.[0;m
[1;33m[Open3D WARNING] Too few correspondences (10) after mutual filter, fall back to original correspondences.[0;m
[1;33m[Open3D WARNING] Too few correspondences (8) after mutual filter, fall back to original correspondences.[0;m
[1;33m[Open3D WARNING] Too few correspondences (8) after mutual filter, fall back to original correspondences.[0;m
[1;33m[Open3D WARNING] Too few correspondences (9) after mutual filter, fall back to original correspondences.[0;m
[1;33m[Open3D WARNING] Too few correspondences (9) after mutual filter, fall back to original correspondences.[0;m
[1;33m[Open3D WARNING] Too few correspondences (10) after mutual filter, fall back to original correspondences.[0;m
[1;33m[Open3D WARNING] Too few correspondences (10) after mutual filter, fall back to original correspondences.[0;m
[1;33m[Open3D WARNING] Too few correspondences (12) after mutual filter, fall back to original correspondences.[0;m
[1;33m[Open3D WARNING] Too few correspondences (12) after mutual filter, fall back to original correspondences.[0;m
[1;33m[Open3D WARNING] Too few correspondences (8) after mutual filter, fall back to original correspondences.[0;m
[1;33m[Open3D WARNING] Too few correspondences (8) after mutual filter, fall back to original correspondences.[0;m
[1;33m[Open3D WARNING] Too few correspondences (9) after mutual filter, fall back to original correspondences.[0;m
[1;33m[Open3D WARNING] Too few correspondences (9) after mutual filter, fall back to original correspondences.[0;m
[1;33m[Open3D WARNING] Too few correspondences (8) after mutual filter, fall back to original correspondences.[0;m
[1;33m[Open3D WARNING] Too few correspondences (8) after mutual filter, fall back to original correspondences.[0;m
[1;33m[Open3D WARNING] Too few correspondences (10) after mutual filter, fall back to original correspondences.[0;m
[1;33m[Open3D WARNING] Too few correspondences (10) after mutual filter, fall back to original correspondences.[0;m
[1;33m[Open3D WARNING] Too few correspondences (12) after mutual filter, fall back to original correspondences.[0;m
[1;33m[Open3D WARNING] Too few correspondences (12) after mutual filter, fall back to original correspondences.[0;m
[1;33m[Open3D WARNING] Too few correspondences (11) after mutual filter, fall back to original correspondences.[0;m
[1;33m[Open3D WARNING] Too few correspondences (11) after mutual filter, fall back to original correspondences.[0;m
[1;33m[Open3D WARNING] Too few correspondences (4) after mutual filter, fall back to original correspondences.[0;m
[1;33m[Open3D WARNING] Too few correspondences (4) after mutual filter, fall back to original correspondences.[0;m
[1;33m[Open3D WARNING] Too few correspondences (6) after mutual filter, fall back to original correspondences.[0;m
[1;33m[Open3D WARNING] Too few correspondences (6) after mutual filter, fall back to original correspondences.[0;m
[1;33m[Open3D WARNING] Too few correspondences (10) after mutual filter, fall back to original correspondences.[0;m
[1;33m[Open3D WARNING] Too few correspondences (10) after mutual filter, fall back to original correspondences.[0;m
[1;33m[Open3D WARNING] Too few correspondences (8) after mutual filter, fall back to original correspondences.[0;m
[1;33m[Open3D WARNING] Too few correspondences (8) after mutual filter, fall back to original correspondences.[0;m
[1;33m[Open3D WARNING] Too few correspondences (11) after mutual filter, fall back to original correspondences.[0;m
[1;33m[Open3D WARNING] Too few correspondences (11) after mutual filter, fall back to original correspondences.[0;m
[1;33m[Open3D WARNING] Too few correspondences (10) after mutual filter, fall back to original correspondences.[0;m
[1;33m[Open3D WARNING] Too few correspondences (10) after mutual filter, fall back to original correspondences.[0;m
[1;33m[Open3D WARNING] Too few correspondences (11) after mutual filter, fall back to original correspondences.[0;m
[1;33m[Open3D WARNING] Too few correspondences (11) after mutual filter, fall back to original correspondences.[0;m
[1;33m[Open3D WARNING] Too few correspondences (7) after mutual filter, fall back to original correspondences.[0;m
[1;33m[Open3D WARNING] Too few correspondences (7) after mutual filter, fall back to original correspondences.[0;m
[1;33m[Open3D WARNING] Too few correspondences (13) after mutual filter, fall back to original correspondences.[0;m
[1;33m[Open3D WARNING] Too few correspondences (13) after mutual filter, fall back to original correspondences.[0;m
[1;33m[Open3D WARNING] Too few correspondences (9) after mutual filter, fall back to original correspondences.[0;m
[1;33m[Open3D WARNING] Too few correspondences (9) after mutual filter, fall back to original correspondences.[0;m
[1;33m[Open3D WARNING] Too few correspondences (11) after mutual filter, fall back to original correspondences.[0;m
[1;33m[Open3D WARNING] Too few correspondences (11) after mutual filter, fall back to original correspondences.[0;m
[1;33m[Open3D WARNING] Too few correspondences (10) after mutual filter, fall back to original correspondences.[0;m
[1;33m[Open3D WARNING] Too few correspondences (10) after mutual filter, fall back to original correspondences.[0;m
[1;33m[Open3D WARNING] Too few correspondences (8) after mutual filter, fall back to original correspondences.[0;m
[1;33m[Open3D WARNING] Too few correspondences (8) after mutual filter, fall back to original correspondences.[0;m
[1;33m[Open3D WARNING] Too few correspondences (12) after mutual filter, fall back to original correspondences.[0;m
[1;33m[Open3D WARNING] Too few correspondences (12) after mutual filter, fall back to original correspondences.[0;m
[1;33m[Open3D WARNING] Too few correspondences (10) after mutual filter, fall back to original correspondences.[0;m
[1;33m[Open3D WARNING] Too few correspondences (10) after mutual filter, fall back to original correspondences.[0;m
[1;33m[Open3D WARNING] Too few correspondences (14) after mutual filter, fall back to original correspondences.[0;m
[1;33m[Open3D WARNING] Too few correspondences (14) after mutual filter, fall back to original correspondences.[0;m
[1;33m[Open3D WARNING] Too few correspondences (8) after mutual filter, fall back to original correspondences.[0;m
[1;33m[Open3D WARNING] Too few correspondences (8) after mutual filter, fall back to original correspondences.[0;m
[1;33m[Open3D WARNING] Too few correspondences (8) after mutual filter, fall back to original correspondences.[0;m
[1;33m[Open3D WARNING] Too few correspondences (8) after mutual filter, fall back to original correspondences.[0;m
[1;33m[Open3D WARNING] Too few correspondences (7) after mutual filter, fall back to original correspondences.[0;m
[1;33m[Open3D WARNING] Too few correspondences (7) after mutual filter, fall back to original correspondences.[0;m
[1;33m[Open3D WARNING] Too few correspondences (12) after mutual filter, fall back to original correspondences.[0;m
[1;33m[Open3D WARNING] Too few correspondences (12) after mutual filter, fall back to original correspondences.[0;m
[1;33m[Open3D WARNING] Too few correspondences (7) after mutual filter, fall back to original correspondences.[0;m
[1;33m[Open3D WARNING] Too few correspondences (7) after mutual filter, fall back to original correspondences.[0;m
[1;33m[Open3D WARNING] Too few correspondences (14) after mutual filter, fall back to original correspondences.[0;m
[1;33m[Open3D WARNING] Too few correspondences (13) after mutual filter, fall back to original correspondences.[0;m
[1;33m[Open3D WARNING] Too few correspondences (8) after mutual filter, fall back to original correspondences.[0;m
[1;33m[Open3D WARNING] Too few correspondences (6) after mutual filter, fall back to original correspondences.[0;m
[1;33m[Open3D WARNING] Too few correspondences (11) after mutual filter, fall back to original correspondences.[0;m
[1;33m[Open3D WARNING] Too few correspondences (11) after mutual filter, fall back to original correspondences.[0;m
[1;33m[Open3D WARNING] Too few correspondences (12) after mutual filter, fall back to original correspondences.[0;m
[1;33m[Open3D WARNING] Too few correspondences (8) after mutual filter, fall back to original correspondences.[0;m
[1;33m[Open3D WARNING] Too few correspondences (11) after mutual filter, fall back to original correspondences.[0;m
[1;33m[Open3D WARNING] Too few correspondences (11) after mutual filter, fall back to original correspondences.[0;m
[1;33m[Open3D WARNING] Too few correspondences (8) after mutual filter, fall back to original correspondences.[0;m
[1;33m[Open3D WARNING] Too few correspondences (8) after mutual filter, fall back to original correspondences.[0;m
[1;33m[Open3D WARNING] Too few correspondences (10) after mutual filter, fall back to original correspondences.[0;m
[1;33m[Open3D WARNING] Too few correspondences (10) after mutual filter, fall back to original correspondences.[0;m
[1;33m[Open3D WARNING] Too few correspondences (9) after mutual filter, fall back to original correspondences.[0;m
[1;33m[Open3D WARNING] Too few correspondences (9) after mutual filter, fall back to original correspondences.[0;m
[1;33m[Open3D WARNING] Too few correspondences (10) after mutual filter, fall back to original correspondences.[0;m
[1;33m[Open3D WARNING] Too few correspondences (10) after mutual filter, fall back to original correspondences.[0;m
[1;33m[Open3D WARNING] Too few correspondences (8) after mutual filter, fall back to original correspondences.[0;m
[1;33m[Open3D WARNING] Too few correspondences (8) after mutual filter, fall back to original correspondences.[0;m
[1;33m[Open3D WARNING] Too few correspondences (9) after mutual filter, fall back to original correspondences.[0;m
[1;33m[Open3D WARNING] Too few correspondences (9) after mutual filter, fall back to original correspondences.[0;m
[1;33m[Open3D WARNING] Too few correspondences (8) after mutual filter, fall back to original correspondences.[0;m
[1;33m[Open3D WARNING] Too few correspondences (7) after mutual filter, fall back to original correspondences.[0;m
[1;33m[Open3D WARNING] Too few correspondences (8) after mutual filter, fall back to original correspondences.[0;m
[1;33m[Open3D WARNING] Too few correspondences (8) after mutual filter, fall back to original correspondences.[0;m
[1;33m[Open3D WARNING] Too few correspondences (9) after mutual filter, fall back to original correspondences.[0;m
[1;33m[Open3D WARNING] Too few correspondences (9) after mutual filter, fall back to original correspondences.[0;m
[1;33m[Open3D WARNING] Too few correspondences (8) after mutual filter, fall back to original correspondences.[0;m
[1;33m[Open3D WARNING] Too few correspondences (8) after mutual filter, fall back to original correspondences.[0;m
[real3d]        toffees  O-AUROC 0.702  P-AUROC 0.801  P-AUPR 0.085  (50/100 anomalous)  align_fitness 1.00  pose_switch 0%  voxel 0.05

=== Mean over 12 categories ===
         o_auroc: 0.6754
         p_auroc: 0.9075
          p_aupr: 0.3567
  p_auroc_pooled: 0.9202
   p_aupr_pooled: 0.2142

[ad3d] saved: results/mhr6-s1_real3d_20261003-233402.csv / .json
