[ad3d] dataset=real3d  device=cuda (Tesla T4)  classes=12
[ad3d] config: Config(data_root='/kaggle/input/datasets/smnihalahmed/real3d-ad-pcd/Real3D-AD-PCD', dataset='real3d', max_nn=100, n_scales=3, num_group=2048, group_size=128, smooth_k=12, coreset_ratio=0.1, cuts=4, cuts_diverse=False, align='icp', align_voxel=0.05, align_poses=6, voxel=0.01, points_budget=100000, topk=1, device='auto', seed=2, extra={})
[1;33m[Open3D WARNING] Too few correspondences (49) after mutual filter, fall back to original correspondences.[0;m
[1;33m[Open3D WARNING] Too few correspondences (49) after mutual filter, fall back to original correspondences.[0;m
[1;33m[Open3D WARNING] Too few correspondences (47) after mutual filter, fall back to original correspondences.[0;m
[real3d]       airplane  O-AUROC 0.639  P-AUROC 0.887  P-AUPR 0.197  (50/100 anomalous)  align_fitness 0.97  pose_switch 3%  voxel 0.05
[1;33m[Open3D WARNING] Too few correspondences (25) after mutual filter, fall back to original correspondences.[0;m
[1;33m[Open3D WARNING] Too few correspondences (24) after mutual filter, fall back to original correspondences.[0;m
[1;33m[Open3D WARNING] Too few correspondences (23) after mutual filter, fall back to original correspondences.[0;m
[1;33m[Open3D WARNING] Too few correspondences (24) after mutual filter, fall back to original correspondences.[0;m
[1;33m[Open3D WARNING] Too few correspondences (18) after mutual filter, fall back to original correspondences.[0;m
[1;33m[Open3D WARNING] Too few correspondences (22) after mutual filter, fall back to original correspondences.[0;m
[1;33m[Open3D WARNING] Too few correspondences (20) after mutual filter, fall back to original correspondences.[0;m
[1;33m[Open3D WARNING] Too few correspondences (21) after mutual filter, fall back to original correspondences.[0;m
[1;33m[Open3D WARNING] Too few correspondences (21) after mutual filter, fall back to original correspondences.[0;m
[1;33m[Open3D WARNING] Too few correspondences (21) after mutual filter, fall back to original correspondences.[0;m
[1;33m[Open3D WARNING] Too few correspondences (18) after mutual filter, fall back to original correspondences.[0;m
[1;33m[Open3D WARNING] Too few correspondences (25) after mutual filter, fall back to original correspondences.[0;m
[real3d]       candybar  O-AUROC 0.788  P-AUROC 0.971  P-AUPR 0.471  (50/100 anomalous)  align_fitness 1.00  pose_switch 11%  voxel 0.05
[1;33m[Open3D WARNING] Too few correspondences (20) after mutual filter, fall back to original correspondences.[0;m
[1;33m[Open3D WARNING] Too few correspondences (16) after mutual filter, fall back to original correspondences.[0;m
[1;33m[Open3D WARNING] Too few correspondences (17) after mutual filter, fall back to original correspondences.[0;m
[1;33m[Open3D WARNING] Too few correspondences (20) after mutual filter, fall back to original correspondences.[0;m
[1;33m[Open3D WARNING] Too few correspondences (22) after mutual filter, fall back to original correspondences.[0;m
[1;33m[Open3D WARNING] Too few correspondences (22) after mutual filter, fall back to original correspondences.[0;m
[1;33m[Open3D WARNING] Too few correspondences (22) after mutual filter, fall back to original correspondences.[0;m
[1;33m[Open3D WARNING] Too few correspondences (15) after mutual filter, fall back to original correspondences.[0;m
[1;33m[Open3D WARNING] Too few correspondences (16) after mutual filter, fall back to original correspondences.[0;m
[1;33m[Open3D WARNING] Too few correspondences (20) after mutual filter, fall back to original correspondences.[0;m
[1;33m[Open3D WARNING] Too few correspondences (16) after mutual filter, fall back to original correspondences.[0;m
[1;33m[Open3D WARNING] Too few correspondences (16) after mutual filter, fall back to original correspondences.[0;m
[1;33m[Open3D WARNING] Too few correspondences (19) after mutual filter, fall back to original correspondences.[0;m
[1;33m[Open3D WARNING] Too few correspondences (19) after mutual filter, fall back to original correspondences.[0;m
[1;33m[Open3D WARNING] Too few correspondences (25) after mutual filter, fall back to original correspondences.[0;m
[1;33m[Open3D WARNING] Too few correspondences (25) after mutual filter, fall back to original correspondences.[0;m
[1;33m[Open3D WARNING] Too few correspondences (19) after mutual filter, fall back to original correspondences.[0;m
[1;33m[Open3D WARNING] Too few correspondences (19) after mutual filter, fall back to original correspondences.[0;m
[1;33m[Open3D WARNING] Too few correspondences (26) after mutual filter, fall back to original correspondences.[0;m
[1;33m[Open3D WARNING] Too few correspondences (21) after mutual filter, fall back to original correspondences.[0;m
[1;33m[Open3D WARNING] Too few correspondences (23) after mutual filter, fall back to original correspondences.[0;m
[1;33m[Open3D WARNING] Too few correspondences (23) after mutual filter, fall back to original correspondences.[0;m
[real3d]            car  O-AUROC 0.527  P-AUROC 0.910  P-AUPR 0.177  (50/100 anomalous)  align_fitness 1.00  pose_switch 0%  voxel 0.05
[1;33m[Open3D WARNING] Too few correspondences (68) after mutual filter, fall back to original correspondences.[0;m
[1;33m[Open3D WARNING] Too few correspondences (31) after mutual filter, fall back to original correspondences.[0;m
[1;33m[Open3D WARNING] Too few correspondences (28) after mutual filter, fall back to original correspondences.[0;m
[1;33m[Open3D WARNING] Too few correspondences (37) after mutual filter, fall back to original correspondences.[0;m
[1;33m[Open3D WARNING] Too few correspondences (30) after mutual filter, fall back to original correspondences.[0;m
[1;33m[Open3D WARNING] Too few correspondences (34) after mutual filter, fall back to original correspondences.[0;m
[real3d]        chicken  O-AUROC 0.650  P-AUROC 0.896  P-AUPR 0.342  (54/106 anomalous)  align_fitness 0.94  pose_switch 4%  voxel 0.05
[1;33m[Open3D WARNING] Too few correspondences (45) after mutual filter, fall back to original correspondences.[0;m
[1;33m[Open3D WARNING] Too few correspondences (44) after mutual filter, fall back to original correspondences.[0;m
[1;33m[Open3D WARNING] Too few correspondences (44) after mutual filter, fall back to original correspondences.[0;m
[1;33m[Open3D WARNING] Too few correspondences (44) after mutual filter, fall back to original correspondences.[0;m
[1;33m[Open3D WARNING] Too few correspondences (47) after mutual filter, fall back to original correspondences.[0;m
[1;33m[Open3D WARNING] Too few correspondences (42) after mutual filter, fall back to original correspondences.[0;m
[1;33m[Open3D WARNING] Too few correspondences (42) after mutual filter, fall back to original correspondences.[0;m
[1;33m[Open3D WARNING] Too few correspondences (34) after mutual filter, fall back to original correspondences.[0;m
[1;33m[Open3D WARNING] Too few correspondences (45) after mutual filter, fall back to original correspondences.[0;m
[1;33m[Open3D WARNING] Too few correspondences (39) after mutual filter, fall back to original correspondences.[0;m
[1;33m[Open3D WARNING] Too few correspondences (49) after mutual filter, fall back to original correspondences.[0;m
[1;33m[Open3D WARNING] Too few correspondences (51) after mutual filter, fall back to original correspondences.[0;m
[1;33m[Open3D WARNING] Too few correspondences (45) after mutual filter, fall back to original correspondences.[0;m
[1;33m[Open3D WARNING] Too few correspondences (38) after mutual filter, fall back to original correspondences.[0;m
[1;33m[Open3D WARNING] Too few correspondences (52) after mutual filter, fall back to original correspondences.[0;m
[1;33m[Open3D WARNING] Too few correspondences (48) after mutual filter, fall back to original correspondences.[0;m
[1;33m[Open3D WARNING] Too few correspondences (48) after mutual filter, fall back to original correspondences.[0;m
[1;33m[Open3D WARNING] Too few correspondences (47) after mutual filter, fall back to original correspondences.[0;m
[1;33m[Open3D WARNING] Too few correspondences (42) after mutual filter, fall back to original correspondences.[0;m
[1;33m[Open3D WARNING] Too few correspondences (42) after mutual filter, fall back to original correspondences.[0;m
[1;33m[Open3D WARNING] Too few correspondences (50) after mutual filter, fall back to original correspondences.[0;m
[1;33m[Open3D WARNING] Too few correspondences (41) after mutual filter, fall back to original correspondences.[0;m
[1;33m[Open3D WARNING] Too few correspondences (41) after mutual filter, fall back to original correspondences.[0;m
[1;33m[Open3D WARNING] Too few correspondences (40) after mutual filter, fall back to original correspondences.[0;m
[1;33m[Open3D WARNING] Too few correspondences (40) after mutual filter, fall back to original correspondences.[0;m
[1;33m[Open3D WARNING] Too few correspondences (54) after mutual filter, fall back to original correspondences.[0;m
[1;33m[Open3D WARNING] Too few correspondences (54) after mutual filter, fall back to original correspondences.[0;m
[1;33m[Open3D WARNING] Too few correspondences (51) after mutual filter, fall back to original correspondences.[0;m
[1;33m[Open3D WARNING] Too few correspondences (47) after mutual filter, fall back to original correspondences.[0;m
[1;33m[Open3D WARNING] Too few correspondences (47) after mutual filter, fall back to original correspondences.[0;m
[1;33m[Open3D WARNING] Too few correspondences (51) after mutual filter, fall back to original correspondences.[0;m
[1;33m[Open3D WARNING] Too few correspondences (51) after mutual filter, fall back to original correspondences.[0;m
[1;33m[Open3D WARNING] Too few correspondences (40) after mutual filter, fall back to original correspondences.[0;m
[1;33m[Open3D WARNING] Too few correspondences (38) after mutual filter, fall back to original correspondences.[0;m
[real3d]        diamond  O-AUROC 0.977  P-AUROC 0.990  P-AUPR 0.834  (50/100 anomalous)  align_fitness 1.00  pose_switch 53%  voxel 0.05
[1;33m[Open3D WARNING] Too few correspondences (37) after mutual filter, fall back to original correspondences.[0;m
[real3d]           duck  O-AUROC 0.722  P-AUROC 0.970  P-AUPR 0.409  (50/100 anomalous)  align_fitness 0.96  pose_switch 5%  voxel 0.05
[1;33m[Open3D WARNING] Too few correspondences (10) after mutual filter, fall back to original correspondences.[0;m
[1;33m[Open3D WARNING] Too few correspondences (11) after mutual filter, fall back to original correspondences.[0;m
[1;33m[Open3D WARNING] Too few correspondences (12) after mutual filter, fall back to original correspondences.[0;m
[1;33m[Open3D WARNING] Too few correspondences (12) after mutual filter, fall back to original correspondences.[0;m
[1;33m[Open3D WARNING] Too few correspondences (16) after mutual filter, fall back to original correspondences.[0;m
[1;33m[Open3D WARNING] Too few correspondences (16) after mutual filter, fall back to original correspondences.[0;m
[1;33m[Open3D WARNING] Too few correspondences (13) after mutual filter, fall back to original correspondences.[0;m
[1;33m[Open3D WARNING] Too few correspondences (13) after mutual filter, fall back to original correspondences.[0;m
[1;33m[Open3D WARNING] Too few correspondences (12) after mutual filter, fall back to original correspondences.[0;m
[1;33m[Open3D WARNING] Too few correspondences (14) after mutual filter, fall back to original correspondences.[0;m
[1;33m[Open3D WARNING] Too few correspondences (14) after mutual filter, fall back to original correspondences.[0;m
[1;33m[Open3D WARNING] Too few correspondences (16) after mutual filter, fall back to original correspondences.[0;m
[1;33m[Open3D WARNING] Too few correspondences (14) after mutual filter, fall back to original correspondences.[0;m
[1;33m[Open3D WARNING] Too few correspondences (13) after mutual filter, fall back to original correspondences.[0;m
[1;33m[Open3D WARNING] Too few correspondences (11) after mutual filter, fall back to original correspondences.[0;m
[1;33m[Open3D WARNING] Too few correspondences (13) after mutual filter, fall back to original correspondences.[0;m
[1;33m[Open3D WARNING] Too few correspondences (13) after mutual filter, fall back to original correspondences.[0;m
[1;33m[Open3D WARNING] Too few correspondences (14) after mutual filter, fall back to original correspondences.[0;m
[1;33m[Open3D WARNING] Too few correspondences (17) after mutual filter, fall back to original correspondences.[0;m
[1;33m[Open3D WARNING] Too few correspondences (17) after mutual filter, fall back to original correspondences.[0;m
[1;33m[Open3D WARNING] Too few correspondences (10) after mutual filter, fall back to original correspondences.[0;m
[1;33m[Open3D WARNING] Too few correspondences (11) after mutual filter, fall back to original correspondences.[0;m
[1;33m[Open3D WARNING] Too few correspondences (15) after mutual filter, fall back to original correspondences.[0;m
[1;33m[Open3D WARNING] Too few correspondences (17) after mutual filter, fall back to original correspondences.[0;m
[1;33m[Open3D WARNING] Too few correspondences (14) after mutual filter, fall back to original correspondences.[0;m
[1;33m[Open3D WARNING] Too few correspondences (18) after mutual filter, fall back to original correspondences.[0;m
[1;33m[Open3D WARNING] Too few correspondences (10) after mutual filter, fall back to original correspondences.[0;m
[1;33m[Open3D WARNING] Too few correspondences (12) after mutual filter, fall back to original correspondences.[0;m
[1;33m[Open3D WARNING] Too few correspondences (13) after mutual filter, fall back to original correspondences.[0;m
[1;33m[Open3D WARNING] Too few correspondences (11) after mutual filter, fall back to original correspondences.[0;m
[1;33m[Open3D WARNING] Too few correspondences (13) after mutual filter, fall back to original correspondences.[0;m
[1;33m[Open3D WARNING] Too few correspondences (14) after mutual filter, fall back to original correspondences.[0;m
[1;33m[Open3D WARNING] Too few correspondences (10) after mutual filter, fall back to original correspondences.[0;m
[1;33m[Open3D WARNING] Too few correspondences (11) after mutual filter, fall back to original correspondences.[0;m
[1;33m[Open3D WARNING] Too few correspondences (10) after mutual filter, fall back to original correspondences.[0;m
[1;33m[Open3D WARNING] Too few correspondences (10) after mutual filter, fall back to original correspondences.[0;m
[1;33m[Open3D WARNING] Too few correspondences (11) after mutual filter, fall back to original correspondences.[0;m
[1;33m[Open3D WARNING] Too few correspondences (12) after mutual filter, fall back to original correspondences.[0;m
[1;33m[Open3D WARNING] Too few correspondences (11) after mutual filter, fall back to original correspondences.[0;m
[1;33m[Open3D WARNING] Too few correspondences (12) after mutual filter, fall back to original correspondences.[0;m
[1;33m[Open3D WARNING] Too few correspondences (17) after mutual filter, fall back to original correspondences.[0;m
[1;33m[Open3D WARNING] Too few correspondences (13) after mutual filter, fall back to original correspondences.[0;m
[1;33m[Open3D WARNING] Too few correspondences (16) after mutual filter, fall back to original correspondences.[0;m
[1;33m[Open3D WARNING] Too few correspondences (16) after mutual filter, fall back to original correspondences.[0;m
[1;33m[Open3D WARNING] Too few correspondences (14) after mutual filter, fall back to original correspondences.[0;m
[1;33m[Open3D WARNING] Too few correspondences (15) after mutual filter, fall back to original correspondences.[0;m
[1;33m[Open3D WARNING] Too few correspondences (16) after mutual filter, fall back to original correspondences.[0;m
[1;33m[Open3D WARNING] Too few correspondences (16) after mutual filter, fall back to original correspondences.[0;m
[1;33m[Open3D WARNING] Too few correspondences (14) after mutual filter, fall back to original correspondences.[0;m
[1;33m[Open3D WARNING] Too few correspondences (9) after mutual filter, fall back to original correspondences.[0;m
[1;33m[Open3D WARNING] Too few correspondences (10) after mutual filter, fall back to original correspondences.[0;m
[1;33m[Open3D WARNING] Too few correspondences (12) after mutual filter, fall back to original correspondences.[0;m
[1;33m[Open3D WARNING] Too few correspondences (13) after mutual filter, fall back to original correspondences.[0;m
[1;33m[Open3D WARNING] Too few correspondences (19) after mutual filter, fall back to original correspondences.[0;m
[1;33m[Open3D WARNING] Too few correspondences (16) after mutual filter, fall back to original correspondences.[0;m
[1;33m[Open3D WARNING] Too few correspondences (13) after mutual filter, fall back to original correspondences.[0;m
[1;33m[Open3D WARNING] Too few correspondences (12) after mutual filter, fall back to original correspondences.[0;m
[1;33m[Open3D WARNING] Too few correspondences (14) after mutual filter, fall back to original correspondences.[0;m
[1;33m[Open3D WARNING] Too few correspondences (11) after mutual filter, fall back to original correspondences.[0;m
[1;33m[Open3D WARNING] Too few correspondences (12) after mutual filter, fall back to original correspondences.[0;m
[1;33m[Open3D WARNING] Too few correspondences (17) after mutual filter, fall back to original correspondences.[0;m
[1;33m[Open3D WARNING] Too few correspondences (14) after mutual filter, fall back to original correspondences.[0;m
[1;33m[Open3D WARNING] Too few correspondences (16) after mutual filter, fall back to original correspondences.[0;m
[1;33m[Open3D WARNING] Too few correspondences (12) after mutual filter, fall back to original correspondences.[0;m
[1;33m[Open3D WARNING] Too few correspondences (8) after mutual filter, fall back to original correspondences.[0;m
[1;33m[Open3D WARNING] Too few correspondences (8) after mutual filter, fall back to original correspondences.[0;m
[1;33m[Open3D WARNING] Too few correspondences (17) after mutual filter, fall back to original correspondences.[0;m
[1;33m[Open3D WARNING] Too few correspondences (11) after mutual filter, fall back to original correspondences.[0;m
[1;33m[Open3D WARNING] Too few correspondences (11) after mutual filter, fall back to original correspondences.[0;m
[1;33m[Open3D WARNING] Too few correspondences (11) after mutual filter, fall back to original correspondences.[0;m
[1;33m[Open3D WARNING] Too few correspondences (15) after mutual filter, fall back to original correspondences.[0;m
[1;33m[Open3D WARNING] Too few correspondences (16) after mutual filter, fall back to original correspondences.[0;m
[1;33m[Open3D WARNING] Too few correspondences (12) after mutual filter, fall back to original correspondences.[0;m
[1;33m[Open3D WARNING] Too few correspondences (14) after mutual filter, fall back to original correspondences.[0;m
[1;33m[Open3D WARNING] Too few correspondences (13) after mutual filter, fall back to original correspondences.[0;m
[1;33m[Open3D WARNING] Too few correspondences (11) after mutual filter, fall back to original correspondences.[0;m
[1;33m[Open3D WARNING] Too few correspondences (15) after mutual filter, fall back to original correspondences.[0;m
[1;33m[Open3D WARNING] Too few correspondences (13) after mutual filter, fall back to original correspondences.[0;m
[1;33m[Open3D WARNING] Too few correspondences (16) after mutual filter, fall back to original correspondences.[0;m
[1;33m[Open3D WARNING] Too few correspondences (16) after mutual filter, fall back to original correspondences.[0;m
[1;33m[Open3D WARNING] Too few correspondences (12) after mutual filter, fall back to original correspondences.[0;m
[1;33m[Open3D WARNING] Too few correspondences (10) after mutual filter, fall back to original correspondences.[0;m
[1;33m[Open3D WARNING] Too few correspondences (16) after mutual filter, fall back to original correspondences.[0;m
[1;33m[Open3D WARNING] Too few correspondences (16) after mutual filter, fall back to original correspondences.[0;m
[1;33m[Open3D WARNING] Too few correspondences (16) after mutual filter, fall back to original correspondences.[0;m
[1;33m[Open3D WARNING] Too few correspondences (13) after mutual filter, fall back to original correspondences.[0;m
[1;33m[Open3D WARNING] Too few correspondences (13) after mutual filter, fall back to original correspondences.[0;m
[1;33m[Open3D WARNING] Too few correspondences (13) after mutual filter, fall back to original correspondences.[0;m
[1;33m[Open3D WARNING] Too few correspondences (11) after mutual filter, fall back to original correspondences.[0;m
[1;33m[Open3D WARNING] Too few correspondences (11) after mutual filter, fall back to original correspondences.[0;m
[1;33m[Open3D WARNING] Too few correspondences (12) after mutual filter, fall back to original correspondences.[0;m
[1;33m[Open3D WARNING] Too few correspondences (12) after mutual filter, fall back to original correspondences.[0;m
[1;33m[Open3D WARNING] Too few correspondences (10) after mutual filter, fall back to original correspondences.[0;m
[1;33m[Open3D WARNING] Too few correspondences (12) after mutual filter, fall back to original correspondences.[0;m
[1;33m[Open3D WARNING] Too few correspondences (15) after mutual filter, fall back to original correspondences.[0;m
[1;33m[Open3D WARNING] Too few correspondences (16) after mutual filter, fall back to original correspondences.[0;m
[1;33m[Open3D WARNING] Too few correspondences (14) after mutual filter, fall back to original correspondences.[0;m
[1;33m[Open3D WARNING] Too few correspondences (13) after mutual filter, fall back to original correspondences.[0;m
[1;33m[Open3D WARNING] Too few correspondences (11) after mutual filter, fall back to original correspondences.[0;m
[1;33m[Open3D WARNING] Too few correspondences (10) after mutual filter, fall back to original correspondences.[0;m
[real3d]           fish  O-AUROC 0.715  P-AUROC 0.931  P-AUPR 0.406  (50/100 anomalous)  align_fitness 1.00  pose_switch 0%  voxel 0.05
[real3d]       gemstone  O-AUROC 0.733  P-AUROC 0.986  P-AUPR 0.680  (50/100 anomalous)  align_fitness 0.90  pose_switch 4%  voxel 0.05
[1;33m[Open3D WARNING] Too few correspondences (4) after mutual filter, fall back to original correspondences.[0;m
[1;33m[Open3D WARNING] Too few correspondences (3) after mutual filter, fall back to original correspondences.[0;m
[1;33m[Open3D WARNING] Too few correspondences (6) after mutual filter, fall back to original correspondences.[0;m
[1;33m[Open3D WARNING] Too few correspondences (6) after mutual filter, fall back to original correspondences.[0;m
[1;33m[Open3D WARNING] Too few correspondences (7) after mutual filter, fall back to original correspondences.[0;m
[1;33m[Open3D WARNING] Too few correspondences (7) after mutual filter, fall back to original correspondences.[0;m
[1;33m[Open3D WARNING] Too few correspondences (5) after mutual filter, fall back to original correspondences.[0;m
[1;33m[Open3D WARNING] Too few correspondences (5) after mutual filter, fall back to original correspondences.[0;m
[1;33m[Open3D WARNING] Too few correspondences (9) after mutual filter, fall back to original correspondences.[0;m
[1;33m[Open3D WARNING] Too few correspondences (6) after mutual filter, fall back to original correspondences.[0;m
[1;33m[Open3D WARNING] Too few correspondences (4) after mutual filter, fall back to original correspondences.[0;m
[1;33m[Open3D WARNING] Too few correspondences (5) after mutual filter, fall back to original correspondences.[0;m
[1;33m[Open3D WARNING] Too few correspondences (6) after mutual filter, fall back to original correspondences.[0;m
[1;33m[Open3D WARNING] Too few correspondences (6) after mutual filter, fall back to original correspondences.[0;m
[1;33m[Open3D WARNING] Too few correspondences (3) after mutual filter, fall back to original correspondences.[0;m
[1;33m[Open3D WARNING] Too few correspondences (5) after mutual filter, fall back to original correspondences.[0;m
[1;33m[Open3D WARNING] Too few correspondences (6) after mutual filter, fall back to original correspondences.[0;m
[1;33m[Open3D WARNING] Too few correspondences (6) after mutual filter, fall back to original correspondences.[0;m
[1;33m[Open3D WARNING] Too few correspondences (3) after mutual filter, fall back to original correspondences.[0;m
[1;33m[Open3D WARNING] Too few correspondences (5) after mutual filter, fall back to original correspondences.[0;m
[1;33m[Open3D WARNING] Too few correspondences (7) after mutual filter, fall back to original correspondences.[0;m
[1;33m[Open3D WARNING] Too few correspondences (6) after mutual filter, fall back to original correspondences.[0;m
[1;33m[Open3D WARNING] Too few correspondences (5) after mutual filter, fall back to original correspondences.[0;m
[1;33m[Open3D WARNING] Too few correspondences (4) after mutual filter, fall back to original correspondences.[0;m
[1;33m[Open3D WARNING] Too few correspondences (6) after mutual filter, fall back to original correspondences.[0;m
[1;33m[Open3D WARNING] Too few correspondences (5) after mutual filter, fall back to original correspondences.[0;m
[1;33m[Open3D WARNING] Too few correspondences (7) after mutual filter, fall back to original correspondences.[0;m
[1;33m[Open3D WARNING] Too few correspondences (7) after mutual filter, fall back to original correspondences.[0;m
[1;33m[Open3D WARNING] Too few correspondences (5) after mutual filter, fall back to original correspondences.[0;m
[1;33m[Open3D WARNING] Too few correspondences (4) after mutual filter, fall back to original correspondences.[0;m
[1;33m[Open3D WARNING] Too few correspondences (6) after mutual filter, fall back to original correspondences.[0;m
[1;33m[Open3D WARNING] Too few correspondences (6) after mutual filter, fall back to original correspondences.[0;m
[1;33m[Open3D WARNING] Too few correspondences (5) after mutual filter, fall back to original correspondences.[0;m
[1;33m[Open3D WARNING] Too few correspondences (5) after mutual filter, fall back to original correspondences.[0;m
[1;33m[Open3D WARNING] Too few correspondences (6) after mutual filter, fall back to original correspondences.[0;m
[1;33m[Open3D WARNING] Too few correspondences (6) after mutual filter, fall back to original correspondences.[0;m
[1;33m[Open3D WARNING] Too few correspondences (5) after mutual filter, fall back to original correspondences.[0;m
[1;33m[Open3D WARNING] Too few correspondences (4) after mutual filter, fall back to original correspondences.[0;m
[1;33m[Open3D WARNING] Too few correspondences (9) after mutual filter, fall back to original correspondences.[0;m
[1;33m[Open3D WARNING] Too few correspondences (9) after mutual filter, fall back to original correspondences.[0;m
[1;33m[Open3D WARNING] Too few correspondences (3) after mutual filter, fall back to original correspondences.[0;m
[1;33m[Open3D WARNING] Too few correspondences (3) after mutual filter, fall back to original correspondences.[0;m
[1;33m[Open3D WARNING] Too few correspondences (4) after mutual filter, fall back to original correspondences.[0;m
[1;33m[Open3D WARNING] Too few correspondences (4) after mutual filter, fall back to original correspondences.[0;m
[1;33m[Open3D WARNING] Too few correspondences (7) after mutual filter, fall back to original correspondences.[0;m
[1;33m[Open3D WARNING] Too few correspondences (8) after mutual filter, fall back to original correspondences.[0;m
[1;33m[Open3D WARNING] Too few correspondences (7) after mutual filter, fall back to original correspondences.[0;m
[1;33m[Open3D WARNING] Too few correspondences (6) after mutual filter, fall back to original correspondences.[0;m
[1;33m[Open3D WARNING] Too few correspondences (4) after mutual filter, fall back to original correspondences.[0;m
[1;33m[Open3D WARNING] Too few correspondences (5) after mutual filter, fall back to original correspondences.[0;m
[1;33m[Open3D WARNING] Too few correspondences (5) after mutual filter, fall back to original correspondences.[0;m
[1;33m[Open3D WARNING] Too few correspondences (6) after mutual filter, fall back to original correspondences.[0;m
[1;33m[Open3D WARNING] Too few correspondences (6) after mutual filter, fall back to original correspondences.[0;m
[1;33m[Open3D WARNING] Too few correspondences (7) after mutual filter, fall back to original correspondences.[0;m
[1;33m[Open3D WARNING] Too few correspondences (5) after mutual filter, fall back to original correspondences.[0;m
[1;33m[Open3D WARNING] Too few correspondences (5) after mutual filter, fall back to original correspondences.[0;m
[1;33m[Open3D WARNING] Too few correspondences (4) after mutual filter, fall back to original correspondences.[0;m
[1;33m[Open3D WARNING] Too few correspondences (5) after mutual filter, fall back to original correspondences.[0;m
[1;33m[Open3D WARNING] Too few correspondences (6) after mutual filter, fall back to original correspondences.[0;m
[1;33m[Open3D WARNING] Too few correspondences (9) after mutual filter, fall back to original correspondences.[0;m
[1;33m[Open3D WARNING] Too few correspondences (8) after mutual filter, fall back to original correspondences.[0;m
[1;33m[Open3D WARNING] Too few correspondences (5) after mutual filter, fall back to original correspondences.[0;m
[1;33m[Open3D WARNING] Too few correspondences (7) after mutual filter, fall back to original correspondences.[0;m
[1;33m[Open3D WARNING] Too few correspondences (7) after mutual filter, fall back to original correspondences.[0;m
[1;33m[Open3D WARNING] Too few correspondences (4) after mutual filter, fall back to original correspondences.[0;m
[1;33m[Open3D WARNING] Too few correspondences (5) after mutual filter, fall back to original correspondences.[0;m
[1;33m[Open3D WARNING] Too few correspondences (8) after mutual filter, fall back to original correspondences.[0;m
[1;33m[Open3D WARNING] Too few correspondences (8) after mutual filter, fall back to original correspondences.[0;m
[1;33m[Open3D WARNING] Too few correspondences (7) after mutual filter, fall back to original correspondences.[0;m
[1;33m[Open3D WARNING] Too few correspondences (8) after mutual filter, fall back to original correspondences.[0;m
[1;33m[Open3D WARNING] Too few correspondences (4) after mutual filter, fall back to original correspondences.[0;m
[1;33m[Open3D WARNING] Too few correspondences (5) after mutual filter, fall back to original correspondences.[0;m
[1;33m[Open3D WARNING] Too few correspondences (11) after mutual filter, fall back to original correspondences.[0;m
[1;33m[Open3D WARNING] Too few correspondences (7) after mutual filter, fall back to original correspondences.[0;m
[1;33m[Open3D WARNING] Too few correspondences (6) after mutual filter, fall back to original correspondences.[0;m
[1;33m[Open3D WARNING] Too few correspondences (6) after mutual filter, fall back to original correspondences.[0;m
[1;33m[Open3D WARNING] Too few correspondences (8) after mutual filter, fall back to original correspondences.[0;m
[1;33m[Open3D WARNING] Too few correspondences (3) after mutual filter, fall back to original correspondences.[0;m
[1;33m[Open3D WARNING] Too few correspondences (7) after mutual filter, fall back to original correspondences.[0;m
[1;33m[Open3D WARNING] Too few correspondences (3) after mutual filter, fall back to original correspondences.[0;m
[1;33m[Open3D WARNING] Too few correspondences (6) after mutual filter, fall back to original correspondences.[0;m
[1;33m[Open3D WARNING] Too few correspondences (2) after mutual filter, fall back to original correspondences.[0;m
[1;33m[Open3D WARNING] Too few correspondences (10) after mutual filter, fall back to original correspondences.[0;m
[1;33m[Open3D WARNING] Too few correspondences (7) after mutual filter, fall back to original correspondences.[0;m
[1;33m[Open3D WARNING] Too few correspondences (3) after mutual filter, fall back to original correspondences.[0;m
[1;33m[Open3D WARNING] Too few correspondences (4) after mutual filter, fall back to original correspondences.[0;m
[1;33m[Open3D WARNING] Too few correspondences (7) after mutual filter, fall back to original correspondences.[0;m
[1;33m[Open3D WARNING] Too few correspondences (6) after mutual filter, fall back to original correspondences.[0;m
[1;33m[Open3D WARNING] Too few correspondences (4) after mutual filter, fall back to original correspondences.[0;m
[1;33m[Open3D WARNING] Too few correspondences (4) after mutual filter, fall back to original correspondences.[0;m
[1;33m[Open3D WARNING] Too few correspondences (11) after mutual filter, fall back to original correspondences.[0;m
[1;33m[Open3D WARNING] Too few correspondences (11) after mutual filter, fall back to original correspondences.[0;m
[1;33m[Open3D WARNING] Too few correspondences (4) after mutual filter, fall back to original correspondences.[0;m
[1;33m[Open3D WARNING] Too few correspondences (4) after mutual filter, fall back to original correspondences.[0;m
[1;33m[Open3D WARNING] Too few correspondences (4) after mutual filter, fall back to original correspondences.[0;m
[1;33m[Open3D WARNING] Too few correspondences (5) after mutual filter, fall back to original correspondences.[0;m
[1;33m[Open3D WARNING] Too few correspondences (6) after mutual filter, fall back to original correspondences.[0;m
[1;33m[Open3D WARNING] Too few correspondences (6) after mutual filter, fall back to original correspondences.[0;m
[1;33m[Open3D WARNING] Too few correspondences (3) after mutual filter, fall back to original correspondences.[0;m
[1;33m[Open3D WARNING] Too few correspondences (4) after mutual filter, fall back to original correspondences.[0;m
[real3d]       seahorse  O-AUROC 0.614  P-AUROC 0.807  P-AUPR 0.194  (50/100 anomalous)  align_fitness 0.99  pose_switch 2%  voxel 0.05
[1;33m[Open3D WARNING] Too few correspondences (11) after mutual filter, fall back to original correspondences.[0;m
[1;33m[Open3D WARNING] Too few correspondences (7) after mutual filter, fall back to original correspondences.[0;m
[1;33m[Open3D WARNING] Too few correspondences (8) after mutual filter, fall back to original correspondences.[0;m
[1;33m[Open3D WARNING] Too few correspondences (8) after mutual filter, fall back to original correspondences.[0;m
[1;33m[Open3D WARNING] Too few correspondences (8) after mutual filter, fall back to original correspondences.[0;m
[1;33m[Open3D WARNING] Too few correspondences (8) after mutual filter, fall back to original correspondences.[0;m
[1;33m[Open3D WARNING] Too few correspondences (29) after mutual filter, fall back to original correspondences.[0;m
[1;33m[Open3D WARNING] Too few correspondences (28) after mutual filter, fall back to original correspondences.[0;m
[1;33m[Open3D WARNING] Too few correspondences (24) after mutual filter, fall back to original correspondences.[0;m
[1;33m[Open3D WARNING] Too few correspondences (22) after mutual filter, fall back to original correspondences.[0;m
[1;33m[Open3D WARNING] Too few correspondences (12) after mutual filter, fall back to original correspondences.[0;m
[1;33m[Open3D WARNING] Too few correspondences (12) after mutual filter, fall back to original correspondences.[0;m
[1;33m[Open3D WARNING] Too few correspondences (9) after mutual filter, fall back to original correspondences.[0;m
[1;33m[Open3D WARNING] Too few correspondences (9) after mutual filter, fall back to original correspondences.[0;m
[1;33m[Open3D WARNING] Too few correspondences (29) after mutual filter, fall back to original correspondences.[0;m
[1;33m[Open3D WARNING] Too few correspondences (24) after mutual filter, fall back to original correspondences.[0;m
[1;33m[Open3D WARNING] Too few correspondences (25) after mutual filter, fall back to original correspondences.[0;m
[1;33m[Open3D WARNING] Too few correspondences (25) after mutual filter, fall back to original correspondences.[0;m
[1;33m[Open3D WARNING] Too few correspondences (21) after mutual filter, fall back to original correspondences.[0;m
[1;33m[Open3D WARNING] Too few correspondences (23) after mutual filter, fall back to original correspondences.[0;m
[1;33m[Open3D WARNING] Too few correspondences (15) after mutual filter, fall back to original correspondences.[0;m
[1;33m[Open3D WARNING] Too few correspondences (11) after mutual filter, fall back to original correspondences.[0;m
[1;33m[Open3D WARNING] Too few correspondences (29) after mutual filter, fall back to original correspondences.[0;m
[1;33m[Open3D WARNING] Too few correspondences (21) after mutual filter, fall back to original correspondences.[0;m
[1;33m[Open3D WARNING] Too few correspondences (24) after mutual filter, fall back to original correspondences.[0;m
[1;33m[Open3D WARNING] Too few correspondences (24) after mutual filter, fall back to original correspondences.[0;m
[1;33m[Open3D WARNING] Too few correspondences (25) after mutual filter, fall back to original correspondences.[0;m
[1;33m[Open3D WARNING] Too few correspondences (23) after mutual filter, fall back to original correspondences.[0;m
[1;33m[Open3D WARNING] Too few correspondences (9) after mutual filter, fall back to original correspondences.[0;m
[1;33m[Open3D WARNING] Too few correspondences (8) after mutual filter, fall back to original correspondences.[0;m
[1;33m[Open3D WARNING] Too few correspondences (24) after mutual filter, fall back to original correspondences.[0;m
[1;33m[Open3D WARNING] Too few correspondences (25) after mutual filter, fall back to original correspondences.[0;m
[1;33m[Open3D WARNING] Too few correspondences (27) after mutual filter, fall back to original correspondences.[0;m
[1;33m[Open3D WARNING] Too few correspondences (21) after mutual filter, fall back to original correspondences.[0;m
[1;33m[Open3D WARNING] Too few correspondences (11) after mutual filter, fall back to original correspondences.[0;m
[1;33m[Open3D WARNING] Too few correspondences (10) after mutual filter, fall back to original correspondences.[0;m
[1;33m[Open3D WARNING] Too few correspondences (29) after mutual filter, fall back to original correspondences.[0;m
[1;33m[Open3D WARNING] Too few correspondences (23) after mutual filter, fall back to original correspondences.[0;m
[1;33m[Open3D WARNING] Too few correspondences (11) after mutual filter, fall back to original correspondences.[0;m
[1;33m[Open3D WARNING] Too few correspondences (8) after mutual filter, fall back to original correspondences.[0;m
[1;33m[Open3D WARNING] Too few correspondences (23) after mutual filter, fall back to original correspondences.[0;m
[1;33m[Open3D WARNING] Too few correspondences (23) after mutual filter, fall back to original correspondences.[0;m
[1;33m[Open3D WARNING] Too few correspondences (20) after mutual filter, fall back to original correspondences.[0;m
[1;33m[Open3D WARNING] Too few correspondences (20) after mutual filter, fall back to original correspondences.[0;m
[1;33m[Open3D WARNING] Too few correspondences (20) after mutual filter, fall back to original correspondences.[0;m
[1;33m[Open3D WARNING] Too few correspondences (25) after mutual filter, fall back to original correspondences.[0;m
[1;33m[Open3D WARNING] Too few correspondences (22) after mutual filter, fall back to original correspondences.[0;m
[1;33m[Open3D WARNING] Too few correspondences (16) after mutual filter, fall back to original correspondences.[0;m
[1;33m[Open3D WARNING] Too few correspondences (9) after mutual filter, fall back to original correspondences.[0;m
[1;33m[Open3D WARNING] Too few correspondences (9) after mutual filter, fall back to original correspondences.[0;m
[1;33m[Open3D WARNING] Too few correspondences (7) after mutual filter, fall back to original correspondences.[0;m
[1;33m[Open3D WARNING] Too few correspondences (8) after mutual filter, fall back to original correspondences.[0;m
[1;33m[Open3D WARNING] Too few correspondences (16) after mutual filter, fall back to original correspondences.[0;m
[1;33m[Open3D WARNING] Too few correspondences (17) after mutual filter, fall back to original correspondences.[0;m
[1;33m[Open3D WARNING] Too few correspondences (10) after mutual filter, fall back to original correspondences.[0;m
[1;33m[Open3D WARNING] Too few correspondences (10) after mutual filter, fall back to original correspondences.[0;m
[1;33m[Open3D WARNING] Too few correspondences (18) after mutual filter, fall back to original correspondences.[0;m
[1;33m[Open3D WARNING] Too few correspondences (22) after mutual filter, fall back to original correspondences.[0;m
[1;33m[Open3D WARNING] Too few correspondences (11) after mutual filter, fall back to original correspondences.[0;m
[1;33m[Open3D WARNING] Too few correspondences (10) after mutual filter, fall back to original correspondences.[0;m
[1;33m[Open3D WARNING] Too few correspondences (24) after mutual filter, fall back to original correspondences.[0;m
[1;33m[Open3D WARNING] Too few correspondences (23) after mutual filter, fall back to original correspondences.[0;m
[1;33m[Open3D WARNING] Too few correspondences (14) after mutual filter, fall back to original correspondences.[0;m
[1;33m[Open3D WARNING] Too few correspondences (14) after mutual filter, fall back to original correspondences.[0;m
[1;33m[Open3D WARNING] Too few correspondences (9) after mutual filter, fall back to original correspondences.[0;m
[1;33m[Open3D WARNING] Too few correspondences (7) after mutual filter, fall back to original correspondences.[0;m
[1;33m[Open3D WARNING] Too few correspondences (13) after mutual filter, fall back to original correspondences.[0;m
[1;33m[Open3D WARNING] Too few correspondences (13) after mutual filter, fall back to original correspondences.[0;m
[1;33m[Open3D WARNING] Too few correspondences (13) after mutual filter, fall back to original correspondences.[0;m
[1;33m[Open3D WARNING] Too few correspondences (13) after mutual filter, fall back to original correspondences.[0;m
[1;33m[Open3D WARNING] Too few correspondences (31) after mutual filter, fall back to original correspondences.[0;m
[1;33m[Open3D WARNING] Too few correspondences (32) after mutual filter, fall back to original correspondences.[0;m
[1;33m[Open3D WARNING] Too few correspondences (27) after mutual filter, fall back to original correspondences.[0;m
[1;33m[Open3D WARNING] Too few correspondences (20) after mutual filter, fall back to original correspondences.[0;m
[1;33m[Open3D WARNING] Too few correspondences (9) after mutual filter, fall back to original correspondences.[0;m
[1;33m[Open3D WARNING] Too few correspondences (9) after mutual filter, fall back to original correspondences.[0;m
[1;33m[Open3D WARNING] Too few correspondences (25) after mutual filter, fall back to original correspondences.[0;m
[1;33m[Open3D WARNING] Too few correspondences (27) after mutual filter, fall back to original correspondences.[0;m
[1;33m[Open3D WARNING] Too few correspondences (24) after mutual filter, fall back to original correspondences.[0;m
[1;33m[Open3D WARNING] Too few correspondences (18) after mutual filter, fall back to original correspondences.[0;m
[1;33m[Open3D WARNING] Too few correspondences (10) after mutual filter, fall back to original correspondences.[0;m
[1;33m[Open3D WARNING] Too few correspondences (10) after mutual filter, fall back to original correspondences.[0;m
[1;33m[Open3D WARNING] Too few correspondences (28) after mutual filter, fall back to original correspondences.[0;m
[1;33m[Open3D WARNING] Too few correspondences (25) after mutual filter, fall back to original correspondences.[0;m
[1;33m[Open3D WARNING] Too few correspondences (28) after mutual filter, fall back to original correspondences.[0;m
[1;33m[Open3D WARNING] Too few correspondences (25) after mutual filter, fall back to original correspondences.[0;m
[1;33m[Open3D WARNING] Too few correspondences (17) after mutual filter, fall back to original correspondences.[0;m
[1;33m[Open3D WARNING] Too few correspondences (17) after mutual filter, fall back to original correspondences.[0;m
[1;33m[Open3D WARNING] Too few correspondences (9) after mutual filter, fall back to original correspondences.[0;m
[1;33m[Open3D WARNING] Too few correspondences (11) after mutual filter, fall back to original correspondences.[0;m
[1;33m[Open3D WARNING] Too few correspondences (8) after mutual filter, fall back to original correspondences.[0;m
[1;33m[Open3D WARNING] Too few correspondences (7) after mutual filter, fall back to original correspondences.[0;m
[1;33m[Open3D WARNING] Too few correspondences (10) after mutual filter, fall back to original correspondences.[0;m
[1;33m[Open3D WARNING] Too few correspondences (6) after mutual filter, fall back to original correspondences.[0;m
[1;33m[Open3D WARNING] Too few correspondences (27) after mutual filter, fall back to original correspondences.[0;m
[1;33m[Open3D WARNING] Too few correspondences (17) after mutual filter, fall back to original correspondences.[0;m
[1;33m[Open3D WARNING] Too few correspondences (9) after mutual filter, fall back to original correspondences.[0;m
[1;33m[Open3D WARNING] Too few correspondences (6) after mutual filter, fall back to original correspondences.[0;m
[1;33m[Open3D WARNING] Too few correspondences (9) after mutual filter, fall back to original correspondences.[0;m
[1;33m[Open3D WARNING] Too few correspondences (12) after mutual filter, fall back to original correspondences.[0;m
[real3d]          shell  O-AUROC 0.556  P-AUROC 0.942  P-AUPR 0.317  (48/100 anomalous)  align_fitness 0.90  pose_switch 8%  voxel 0.05
[1;33m[Open3D WARNING] Too few correspondences (18) after mutual filter, fall back to original correspondences.[0;m
[1;33m[Open3D WARNING] Too few correspondences (17) after mutual filter, fall back to original correspondences.[0;m
[1;33m[Open3D WARNING] Too few correspondences (16) after mutual filter, fall back to original correspondences.[0;m
[1;33m[Open3D WARNING] Too few correspondences (15) after mutual filter, fall back to original correspondences.[0;m
[1;33m[Open3D WARNING] Too few correspondences (5) after mutual filter, fall back to original correspondences.[0;m
[1;33m[Open3D WARNING] Too few correspondences (5) after mutual filter, fall back to original correspondences.[0;m
[1;33m[Open3D WARNING] Too few correspondences (14) after mutual filter, fall back to original correspondences.[0;m
[1;33m[Open3D WARNING] Too few correspondences (13) after mutual filter, fall back to original correspondences.[0;m
[1;33m[Open3D WARNING] Too few correspondences (6) after mutual filter, fall back to original correspondences.[0;m
[1;33m[Open3D WARNING] Too few correspondences (8) after mutual filter, fall back to original correspondences.[0;m
[1;33m[Open3D WARNING] Too few correspondences (12) after mutual filter, fall back to original correspondences.[0;m
[1;33m[Open3D WARNING] Too few correspondences (12) after mutual filter, fall back to original correspondences.[0;m
[1;33m[Open3D WARNING] Too few correspondences (8) after mutual filter, fall back to original correspondences.[0;m
[1;33m[Open3D WARNING] Too few correspondences (9) after mutual filter, fall back to original correspondences.[0;m
[1;33m[Open3D WARNING] Too few correspondences (15) after mutual filter, fall back to original correspondences.[0;m
[1;33m[Open3D WARNING] Too few correspondences (15) after mutual filter, fall back to original correspondences.[0;m
[1;33m[Open3D WARNING] Too few correspondences (6) after mutual filter, fall back to original correspondences.[0;m
[1;33m[Open3D WARNING] Too few correspondences (6) after mutual filter, fall back to original correspondences.[0;m
[1;33m[Open3D WARNING] Too few correspondences (21) after mutual filter, fall back to original correspondences.[0;m
[1;33m[Open3D WARNING] Too few correspondences (18) after mutual filter, fall back to original correspondences.[0;m
[1;33m[Open3D WARNING] Too few correspondences (4) after mutual filter, fall back to original correspondences.[0;m
[1;33m[Open3D WARNING] Too few correspondences (4) after mutual filter, fall back to original correspondences.[0;m
[1;33m[Open3D WARNING] Too few correspondences (16) after mutual filter, fall back to original correspondences.[0;m
[1;33m[Open3D WARNING] Too few correspondences (16) after mutual filter, fall back to original correspondences.[0;m
[1;33m[Open3D WARNING] Too few correspondences (6) after mutual filter, fall back to original correspondences.[0;m
[1;33m[Open3D WARNING] Too few correspondences (5) after mutual filter, fall back to original correspondences.[0;m
[1;33m[Open3D WARNING] Too few correspondences (17) after mutual filter, fall back to original correspondences.[0;m
[1;33m[Open3D WARNING] Too few correspondences (12) after mutual filter, fall back to original correspondences.[0;m
[1;33m[Open3D WARNING] Too few correspondences (8) after mutual filter, fall back to original correspondences.[0;m
[1;33m[Open3D WARNING] Too few correspondences (8) after mutual filter, fall back to original correspondences.[0;m
[1;33m[Open3D WARNING] Too few correspondences (16) after mutual filter, fall back to original correspondences.[0;m
[1;33m[Open3D WARNING] Too few correspondences (14) after mutual filter, fall back to original correspondences.[0;m
[1;33m[Open3D WARNING] Too few correspondences (8) after mutual filter, fall back to original correspondences.[0;m
[1;33m[Open3D WARNING] Too few correspondences (8) after mutual filter, fall back to original correspondences.[0;m
[1;33m[Open3D WARNING] Too few correspondences (14) after mutual filter, fall back to original correspondences.[0;m
[1;33m[Open3D WARNING] Too few correspondences (14) after mutual filter, fall back to original correspondences.[0;m
[1;33m[Open3D WARNING] Too few correspondences (8) after mutual filter, fall back to original correspondences.[0;m
[1;33m[Open3D WARNING] Too few correspondences (8) after mutual filter, fall back to original correspondences.[0;m
[1;33m[Open3D WARNING] Too few correspondences (19) after mutual filter, fall back to original correspondences.[0;m
[1;33m[Open3D WARNING] Too few correspondences (19) after mutual filter, fall back to original correspondences.[0;m
[1;33m[Open3D WARNING] Too few correspondences (13) after mutual filter, fall back to original correspondences.[0;m
[1;33m[Open3D WARNING] Too few correspondences (10) after mutual filter, fall back to original correspondences.[0;m
[1;33m[Open3D WARNING] Too few correspondences (11) after mutual filter, fall back to original correspondences.[0;m
[1;33m[Open3D WARNING] Too few correspondences (10) after mutual filter, fall back to original correspondences.[0;m
[1;33m[Open3D WARNING] Too few correspondences (10) after mutual filter, fall back to original correspondences.[0;m
[1;33m[Open3D WARNING] Too few correspondences (6) after mutual filter, fall back to original correspondences.[0;m
[1;33m[Open3D WARNING] Too few correspondences (16) after mutual filter, fall back to original correspondences.[0;m
[1;33m[Open3D WARNING] Too few correspondences (17) after mutual filter, fall back to original correspondences.[0;m
[1;33m[Open3D WARNING] Too few correspondences (10) after mutual filter, fall back to original correspondences.[0;m
[1;33m[Open3D WARNING] Too few correspondences (9) after mutual filter, fall back to original correspondences.[0;m
[1;33m[Open3D WARNING] Too few correspondences (6) after mutual filter, fall back to original correspondences.[0;m
[1;33m[Open3D WARNING] Too few correspondences (6) after mutual filter, fall back to original correspondences.[0;m
[1;33m[Open3D WARNING] Too few correspondences (20) after mutual filter, fall back to original correspondences.[0;m
[1;33m[Open3D WARNING] Too few correspondences (20) after mutual filter, fall back to original correspondences.[0;m
[1;33m[Open3D WARNING] Too few correspondences (7) after mutual filter, fall back to original correspondences.[0;m
[1;33m[Open3D WARNING] Too few correspondences (7) after mutual filter, fall back to original correspondences.[0;m
[1;33m[Open3D WARNING] Too few correspondences (11) after mutual filter, fall back to original correspondences.[0;m
[1;33m[Open3D WARNING] Too few correspondences (22) after mutual filter, fall back to original correspondences.[0;m
[1;33m[Open3D WARNING] Too few correspondences (22) after mutual filter, fall back to original correspondences.[0;m
[1;33m[Open3D WARNING] Too few correspondences (10) after mutual filter, fall back to original correspondences.[0;m
[1;33m[Open3D WARNING] Too few correspondences (16) after mutual filter, fall back to original correspondences.[0;m
[1;33m[Open3D WARNING] Too few correspondences (17) after mutual filter, fall back to original correspondences.[0;m
[1;33m[Open3D WARNING] Too few correspondences (15) after mutual filter, fall back to original correspondences.[0;m
[1;33m[Open3D WARNING] Too few correspondences (15) after mutual filter, fall back to original correspondences.[0;m
[1;33m[Open3D WARNING] Too few correspondences (9) after mutual filter, fall back to original correspondences.[0;m
[1;33m[Open3D WARNING] Too few correspondences (9) after mutual filter, fall back to original correspondences.[0;m
[1;33m[Open3D WARNING] Too few correspondences (11) after mutual filter, fall back to original correspondences.[0;m
[1;33m[Open3D WARNING] Too few correspondences (11) after mutual filter, fall back to original correspondences.[0;m
[1;33m[Open3D WARNING] Too few correspondences (18) after mutual filter, fall back to original correspondences.[0;m
[1;33m[Open3D WARNING] Too few correspondences (18) after mutual filter, fall back to original correspondences.[0;m
[1;33m[Open3D WARNING] Too few correspondences (21) after mutual filter, fall back to original correspondences.[0;m
[1;33m[Open3D WARNING] Too few correspondences (15) after mutual filter, fall back to original correspondences.[0;m
[1;33m[Open3D WARNING] Too few correspondences (14) after mutual filter, fall back to original correspondences.[0;m
[1;33m[Open3D WARNING] Too few correspondences (9) after mutual filter, fall back to original correspondences.[0;m
[1;33m[Open3D WARNING] Too few correspondences (8) after mutual filter, fall back to original correspondences.[0;m
[1;33m[Open3D WARNING] Too few correspondences (16) after mutual filter, fall back to original correspondences.[0;m
[1;33m[Open3D WARNING] Too few correspondences (17) after mutual filter, fall back to original correspondences.[0;m
[1;33m[Open3D WARNING] Too few correspondences (8) after mutual filter, fall back to original correspondences.[0;m
[1;33m[Open3D WARNING] Too few correspondences (7) after mutual filter, fall back to original correspondences.[0;m
[1;33m[Open3D WARNING] Too few correspondences (19) after mutual filter, fall back to original correspondences.[0;m
[1;33m[Open3D WARNING] Too few correspondences (19) after mutual filter, fall back to original correspondences.[0;m
[1;33m[Open3D WARNING] Too few correspondences (6) after mutual filter, fall back to original correspondences.[0;m
[1;33m[Open3D WARNING] Too few correspondences (6) after mutual filter, fall back to original correspondences.[0;m
[1;33m[Open3D WARNING] Too few correspondences (12) after mutual filter, fall back to original correspondences.[0;m
[1;33m[Open3D WARNING] Too few correspondences (12) after mutual filter, fall back to original correspondences.[0;m
[1;33m[Open3D WARNING] Too few correspondences (16) after mutual filter, fall back to original correspondences.[0;m
[1;33m[Open3D WARNING] Too few correspondences (16) after mutual filter, fall back to original correspondences.[0;m
[1;33m[Open3D WARNING] Too few correspondences (9) after mutual filter, fall back to original correspondences.[0;m
[1;33m[Open3D WARNING] Too few correspondences (9) after mutual filter, fall back to original correspondences.[0;m
[1;33m[Open3D WARNING] Too few correspondences (17) after mutual filter, fall back to original correspondences.[0;m
[1;33m[Open3D WARNING] Too few correspondences (16) after mutual filter, fall back to original correspondences.[0;m
[1;33m[Open3D WARNING] Too few correspondences (14) after mutual filter, fall back to original correspondences.[0;m
[1;33m[Open3D WARNING] Too few correspondences (17) after mutual filter, fall back to original correspondences.[0;m
[1;33m[Open3D WARNING] Too few correspondences (19) after mutual filter, fall back to original correspondences.[0;m
[1;33m[Open3D WARNING] Too few correspondences (15) after mutual filter, fall back to original correspondences.[0;m
[real3d]       starfish  O-AUROC 0.778  P-AUROC 0.836  P-AUPR 0.220  (50/100 anomalous)  align_fitness 1.00  pose_switch 10%  voxel 0.05
[1;33m[Open3D WARNING] Too few correspondences (10) after mutual filter, fall back to original correspondences.[0;m
[1;33m[Open3D WARNING] Too few correspondences (10) after mutual filter, fall back to original correspondences.[0;m
[1;33m[Open3D WARNING] Too few correspondences (7) after mutual filter, fall back to original correspondences.[0;m
[1;33m[Open3D WARNING] Too few correspondences (7) after mutual filter, fall back to original correspondences.[0;m
[1;33m[Open3D WARNING] Too few correspondences (9) after mutual filter, fall back to original correspondences.[0;m
[1;33m[Open3D WARNING] Too few correspondences (9) after mutual filter, fall back to original correspondences.[0;m
[1;33m[Open3D WARNING] Too few correspondences (10) after mutual filter, fall back to original correspondences.[0;m
[1;33m[Open3D WARNING] Too few correspondences (10) after mutual filter, fall back to original correspondences.[0;m
[1;33m[Open3D WARNING] Too few correspondences (8) after mutual filter, fall back to original correspondences.[0;m
[1;33m[Open3D WARNING] Too few correspondences (8) after mutual filter, fall back to original correspondences.[0;m
[1;33m[Open3D WARNING] Too few correspondences (9) after mutual filter, fall back to original correspondences.[0;m
[1;33m[Open3D WARNING] Too few correspondences (9) after mutual filter, fall back to original correspondences.[0;m
[1;33m[Open3D WARNING] Too few correspondences (10) after mutual filter, fall back to original correspondences.[0;m
[1;33m[Open3D WARNING] Too few correspondences (10) after mutual filter, fall back to original correspondences.[0;m
[1;33m[Open3D WARNING] Too few correspondences (11) after mutual filter, fall back to original correspondences.[0;m
[1;33m[Open3D WARNING] Too few correspondences (13) after mutual filter, fall back to original correspondences.[0;m
[1;33m[Open3D WARNING] Too few correspondences (8) after mutual filter, fall back to original correspondences.[0;m
[1;33m[Open3D WARNING] Too few correspondences (8) after mutual filter, fall back to original correspondences.[0;m
[1;33m[Open3D WARNING] Too few correspondences (9) after mutual filter, fall back to original correspondences.[0;m
[1;33m[Open3D WARNING] Too few correspondences (9) after mutual filter, fall back to original correspondences.[0;m
[1;33m[Open3D WARNING] Too few correspondences (8) after mutual filter, fall back to original correspondences.[0;m
[1;33m[Open3D WARNING] Too few correspondences (8) after mutual filter, fall back to original correspondences.[0;m
[1;33m[Open3D WARNING] Too few correspondences (10) after mutual filter, fall back to original correspondences.[0;m
[1;33m[Open3D WARNING] Too few correspondences (10) after mutual filter, fall back to original correspondences.[0;m
[1;33m[Open3D WARNING] Too few correspondences (12) after mutual filter, fall back to original correspondences.[0;m
[1;33m[Open3D WARNING] Too few correspondences (12) after mutual filter, fall back to original correspondences.[0;m
[1;33m[Open3D WARNING] Too few correspondences (11) after mutual filter, fall back to original correspondences.[0;m
[1;33m[Open3D WARNING] Too few correspondences (11) after mutual filter, fall back to original correspondences.[0;m
[1;33m[Open3D WARNING] Too few correspondences (4) after mutual filter, fall back to original correspondences.[0;m
[1;33m[Open3D WARNING] Too few correspondences (4) after mutual filter, fall back to original correspondences.[0;m
[1;33m[Open3D WARNING] Too few correspondences (6) after mutual filter, fall back to original correspondences.[0;m
[1;33m[Open3D WARNING] Too few correspondences (6) after mutual filter, fall back to original correspondences.[0;m
[1;33m[Open3D WARNING] Too few correspondences (10) after mutual filter, fall back to original correspondences.[0;m
[1;33m[Open3D WARNING] Too few correspondences (10) after mutual filter, fall back to original correspondences.[0;m
[1;33m[Open3D WARNING] Too few correspondences (8) after mutual filter, fall back to original correspondences.[0;m
[1;33m[Open3D WARNING] Too few correspondences (8) after mutual filter, fall back to original correspondences.[0;m
[1;33m[Open3D WARNING] Too few correspondences (11) after mutual filter, fall back to original correspondences.[0;m
[1;33m[Open3D WARNING] Too few correspondences (11) after mutual filter, fall back to original correspondences.[0;m
[1;33m[Open3D WARNING] Too few correspondences (10) after mutual filter, fall back to original correspondences.[0;m
[1;33m[Open3D WARNING] Too few correspondences (10) after mutual filter, fall back to original correspondences.[0;m
[1;33m[Open3D WARNING] Too few correspondences (11) after mutual filter, fall back to original correspondences.[0;m
[1;33m[Open3D WARNING] Too few correspondences (11) after mutual filter, fall back to original correspondences.[0;m
[1;33m[Open3D WARNING] Too few correspondences (7) after mutual filter, fall back to original correspondences.[0;m
[1;33m[Open3D WARNING] Too few correspondences (7) after mutual filter, fall back to original correspondences.[0;m
[1;33m[Open3D WARNING] Too few correspondences (13) after mutual filter, fall back to original correspondences.[0;m
[1;33m[Open3D WARNING] Too few correspondences (13) after mutual filter, fall back to original correspondences.[0;m
[1;33m[Open3D WARNING] Too few correspondences (9) after mutual filter, fall back to original correspondences.[0;m
[1;33m[Open3D WARNING] Too few correspondences (9) after mutual filter, fall back to original correspondences.[0;m
[1;33m[Open3D WARNING] Too few correspondences (11) after mutual filter, fall back to original correspondences.[0;m
[1;33m[Open3D WARNING] Too few correspondences (11) after mutual filter, fall back to original correspondences.[0;m
[1;33m[Open3D WARNING] Too few correspondences (10) after mutual filter, fall back to original correspondences.[0;m
[1;33m[Open3D WARNING] Too few correspondences (10) after mutual filter, fall back to original correspondences.[0;m
[1;33m[Open3D WARNING] Too few correspondences (8) after mutual filter, fall back to original correspondences.[0;m
[1;33m[Open3D WARNING] Too few correspondences (8) after mutual filter, fall back to original correspondences.[0;m
[1;33m[Open3D WARNING] Too few correspondences (12) after mutual filter, fall back to original correspondences.[0;m
[1;33m[Open3D WARNING] Too few correspondences (12) after mutual filter, fall back to original correspondences.[0;m
[1;33m[Open3D WARNING] Too few correspondences (10) after mutual filter, fall back to original correspondences.[0;m
[1;33m[Open3D WARNING] Too few correspondences (10) after mutual filter, fall back to original correspondences.[0;m
[1;33m[Open3D WARNING] Too few correspondences (14) after mutual filter, fall back to original correspondences.[0;m
[1;33m[Open3D WARNING] Too few correspondences (14) after mutual filter, fall back to original correspondences.[0;m
[1;33m[Open3D WARNING] Too few correspondences (8) after mutual filter, fall back to original correspondences.[0;m
[1;33m[Open3D WARNING] Too few correspondences (8) after mutual filter, fall back to original correspondences.[0;m
[1;33m[Open3D WARNING] Too few correspondences (8) after mutual filter, fall back to original correspondences.[0;m
[1;33m[Open3D WARNING] Too few correspondences (8) after mutual filter, fall back to original correspondences.[0;m
[1;33m[Open3D WARNING] Too few correspondences (7) after mutual filter, fall back to original correspondences.[0;m
[1;33m[Open3D WARNING] Too few correspondences (7) after mutual filter, fall back to original correspondences.[0;m
[1;33m[Open3D WARNING] Too few correspondences (12) after mutual filter, fall back to original correspondences.[0;m
[1;33m[Open3D WARNING] Too few correspondences (12) after mutual filter, fall back to original correspondences.[0;m
[1;33m[Open3D WARNING] Too few correspondences (7) after mutual filter, fall back to original correspondences.[0;m
[1;33m[Open3D WARNING] Too few correspondences (7) after mutual filter, fall back to original correspondences.[0;m
[1;33m[Open3D WARNING] Too few correspondences (15) after mutual filter, fall back to original correspondences.[0;m
[1;33m[Open3D WARNING] Too few correspondences (13) after mutual filter, fall back to original correspondences.[0;m
[1;33m[Open3D WARNING] Too few correspondences (8) after mutual filter, fall back to original correspondences.[0;m
[1;33m[Open3D WARNING] Too few correspondences (6) after mutual filter, fall back to original correspondences.[0;m
[1;33m[Open3D WARNING] Too few correspondences (11) after mutual filter, fall back to original correspondences.[0;m
[1;33m[Open3D WARNING] Too few correspondences (11) after mutual filter, fall back to original correspondences.[0;m
[1;33m[Open3D WARNING] Too few correspondences (12) after mutual filter, fall back to original correspondences.[0;m
[1;33m[Open3D WARNING] Too few correspondences (8) after mutual filter, fall back to original correspondences.[0;m
[1;33m[Open3D WARNING] Too few correspondences (11) after mutual filter, fall back to original correspondences.[0;m
[1;33m[Open3D WARNING] Too few correspondences (11) after mutual filter, fall back to original correspondences.[0;m
[1;33m[Open3D WARNING] Too few correspondences (8) after mutual filter, fall back to original correspondences.[0;m
[1;33m[Open3D WARNING] Too few correspondences (8) after mutual filter, fall back to original correspondences.[0;m
[1;33m[Open3D WARNING] Too few correspondences (10) after mutual filter, fall back to original correspondences.[0;m
[1;33m[Open3D WARNING] Too few correspondences (10) after mutual filter, fall back to original correspondences.[0;m
[1;33m[Open3D WARNING] Too few correspondences (9) after mutual filter, fall back to original correspondences.[0;m
[1;33m[Open3D WARNING] Too few correspondences (9) after mutual filter, fall back to original correspondences.[0;m
[1;33m[Open3D WARNING] Too few correspondences (10) after mutual filter, fall back to original correspondences.[0;m
[1;33m[Open3D WARNING] Too few correspondences (10) after mutual filter, fall back to original correspondences.[0;m
[1;33m[Open3D WARNING] Too few correspondences (8) after mutual filter, fall back to original correspondences.[0;m
[1;33m[Open3D WARNING] Too few correspondences (8) after mutual filter, fall back to original correspondences.[0;m
[1;33m[Open3D WARNING] Too few correspondences (9) after mutual filter, fall back to original correspondences.[0;m
[1;33m[Open3D WARNING] Too few correspondences (9) after mutual filter, fall back to original correspondences.[0;m
[1;33m[Open3D WARNING] Too few correspondences (8) after mutual filter, fall back to original correspondences.[0;m
[1;33m[Open3D WARNING] Too few correspondences (7) after mutual filter, fall back to original correspondences.[0;m
[1;33m[Open3D WARNING] Too few correspondences (8) after mutual filter, fall back to original correspondences.[0;m
[1;33m[Open3D WARNING] Too few correspondences (8) after mutual filter, fall back to original correspondences.[0;m
[1;33m[Open3D WARNING] Too few correspondences (9) after mutual filter, fall back to original correspondences.[0;m
[1;33m[Open3D WARNING] Too few correspondences (9) after mutual filter, fall back to original correspondences.[0;m
[1;33m[Open3D WARNING] Too few correspondences (8) after mutual filter, fall back to original correspondences.[0;m
[1;33m[Open3D WARNING] Too few correspondences (8) after mutual filter, fall back to original correspondences.[0;m
[real3d]        toffees  O-AUROC 0.676  P-AUROC 0.817  P-AUPR 0.110  (50/100 anomalous)  align_fitness 1.00  pose_switch 3%  voxel 0.05

=== Mean over 12 categories ===
         o_auroc: 0.6980
         p_auroc: 0.9120
          p_aupr: 0.3630
  p_auroc_pooled: 0.9255
   p_aupr_pooled: 0.2255

[ad3d] saved: results/mhr6-s2_real3d_20261003-233426.csv / .json
